###############################################################################
#
# IAR ANSI C/C++ Compiler V7.50.1.10123/W32 for ARM       15/Aug/2017  16:26:58
# Copyright 1999-2015 IAR Systems AB.
#
#    Cpu mode     =  thumb
#    Endian       =  little
#    Source file  =  
#        F:\iar\NC136B-310统计模块\Software\CSB\source\lpc17xx_nvic.c
#    Command line =  
#        F:\iar\NC136B-310统计模块\Software\CSB\source\lpc17xx_nvic.c -lCN
#        F:\iar\NC136B-310统计模块\Software\EvalBoards\NXP\LPC1768-SK\uCOS-III\IAR\FLASH\List
#        --diag_suppress Pa050 -o
#        F:\iar\NC136B-310统计模块\Software\EvalBoards\NXP\LPC1768-SK\uCOS-III\IAR\FLASH\Obj
#        --no_cse --no_unroll --no_inline --no_code_motion --no_tbaa
#        --no_clustering --no_scheduling --debug --endian=little
#        --cpu=Cortex-M3 -e --fpu=None --dlib_config "C:\Program Files
#        (x86)\IAR Systems\Embedded Workbench
#        7.3\arm\INC\c\DLib_Config_Normal.h" -I
#        F:\iar\NC136B-310统计模块\Software\EvalBoards\NXP\LPC1768-SK\uCOS-III\IAR\
#        -I
#        F:\iar\NC136B-310统计模块\Software\EvalBoards\NXP\LPC1768-SK\uCOS-III\IAR\..\..\uCOS-III\
#        -I
#        F:\iar\NC136B-310统计模块\Software\EvalBoards\NXP\LPC1768-SK\uCOS-III\IAR\..\..\BSP\
#        -I
#        F:\iar\NC136B-310统计模块\Software\EvalBoards\NXP\LPC1768-SK\uCOS-III\IAR\..\..\BSP\IAR\
#        -I
#        F:\iar\NC136B-310统计模块\Software\EvalBoards\NXP\LPC1768-SK\uCOS-III\IAR\..\..\BSP\OS\uCOS-III\
#        -I
#        F:\iar\NC136B-310统计模块\Software\EvalBoards\NXP\LPC1768-SK\uCOS-III\IAR\..\..\..\..\..\uC-CSP\MCU\
#        -I
#        F:\iar\NC136B-310统计模块\Software\EvalBoards\NXP\LPC1768-SK\uCOS-III\IAR\..\..\..\..\..\uC-CSP\MCU\NXP\LPC17xx\LPC1768\
#        -I
#        F:\iar\NC136B-310统计模块\Software\EvalBoards\NXP\LPC1768-SK\uCOS-III\IAR\..\..\..\..\..\uC-CSP\MCU\NXP\LPC17xx\
#        -I
#        F:\iar\NC136B-310统计模块\Software\EvalBoards\NXP\LPC1768-SK\uCOS-III\IAR\..\..\..\..\..\uCOS-III\Ports\ARM-Cortex-M3\Generic\IAR\
#        -I
#        F:\iar\NC136B-310统计模块\Software\EvalBoards\NXP\LPC1768-SK\uCOS-III\IAR\..\..\..\..\..\uCOS-III\Ports\ARM-Cortex-M3\CSP\
#        -I
#        F:\iar\NC136B-310统计模块\Software\EvalBoards\NXP\LPC1768-SK\uCOS-III\IAR\..\..\..\..\..\uCOS-III\Source\
#        -I
#        F:\iar\NC136B-310统计模块\Software\EvalBoards\NXP\LPC1768-SK\uCOS-III\IAR\..\..\..\..\..\uC-LIB\
#        -I
#        F:\iar\NC136B-310统计模块\Software\EvalBoards\NXP\LPC1768-SK\uCOS-III\IAR\..\..\..\..\..\uC-CPU\
#        -I
#        F:\iar\NC136B-310统计模块\Software\EvalBoards\NXP\LPC1768-SK\uCOS-III\IAR\..\..\..\..\..\uC-CPU\ARM-Cortex-M3\IAR\
#        -I
#        F:\iar\NC136B-310统计模块\Software\EvalBoards\NXP\LPC1768-SK\uCOS-III\IAR\..\..\..\..\..\uC-MB\Source\
#        -I
#        F:\iar\NC136B-310统计模块\Software\EvalBoards\NXP\LPC1768-SK\uCOS-III\IAR\..\..\..\..\..\uC-MB\Cfg\Template\
#        -I
#        F:\iar\NC136B-310统计模块\Software\EvalBoards\NXP\LPC1768-SK\uCOS-III\IAR\..\..\..\..\..\uC-MB\Os\uCOS-III\
#        -I
#        F:\iar\NC136B-310统计模块\Software\EvalBoards\NXP\LPC1768-SK\uCOS-III\IAR\..\..\..\..\..\OSAL\OS\
#        -I
#        F:\iar\NC136B-310统计模块\Software\EvalBoards\NXP\LPC1768-SK\uCOS-III\IAR\..\..\..\..\..\OSAL\Ports\
#        -I
#        F:\iar\NC136B-310统计模块\Software\EvalBoards\NXP\LPC1768-SK\uCOS-III\IAR\..\..\..\..\..\APP\User\
#        -I
#        F:\iar\NC136B-310统计模块\Software\EvalBoards\NXP\LPC1768-SK\uCOS-III\IAR\..\..\..\..\..\APP\Iap\
#        -I
#        F:\iar\NC136B-310统计模块\Software\EvalBoards\NXP\LPC1768-SK\uCOS-III\IAR\..\..\..\..\..\APP\Protocol\
#        -I
#        F:\iar\NC136B-310统计模块\Software\EvalBoards\NXP\LPC1768-SK\uCOS-III\IAR\..\..\..\..\..\APP\Tasks\
#        -I
#        F:\iar\NC136B-310统计模块\Software\EvalBoards\NXP\LPC1768-SK\uCOS-III\IAR\..\..\..\..\..\APP\AES\
#        -I
#        F:\iar\NC136B-310统计模块\Software\EvalBoards\NXP\LPC1768-SK\uCOS-III\IAR\..\..\..\..\..\BSP\OS\OSAL\
#        -I
#        F:\iar\NC136B-310统计模块\Software\EvalBoards\NXP\LPC1768-SK\uCOS-III\IAR\..\..\..\..\..\CSB\include\
#        -I
#        F:\iar\NC136B-310统计模块\Software\EvalBoards\NXP\LPC1768-SK\uCOS-III\IAR\..\..\..\..\..\BSP\Driver\
#        -I
#        F:\iar\NC136B-310统计模块\Software\EvalBoards\NXP\LPC1768-SK\uCOS-III\IAR\..\..\..\..\..\..\Application\
#        -I
#        F:\iar\NC136B-310统计模块\Software\EvalBoards\NXP\LPC1768-SK\uCOS-III\IAR\..\..\..\..\..\..\Application\User\
#        -I
#        F:\iar\NC136B-310统计模块\Software\EvalBoards\NXP\LPC1768-SK\uCOS-III\IAR\..\..\..\..\..\..\Application\User\APP\
#        -I
#        F:\iar\NC136B-310统计模块\Software\EvalBoards\NXP\LPC1768-SK\uCOS-III\IAR\..\..\..\..\..\..\Application\User\APP\MX25L1602Drv\
#        -I
#        F:\iar\NC136B-310统计模块\Software\EvalBoards\NXP\LPC1768-SK\uCOS-III\IAR\..\..\..\..\..\..\Application\User\APP\OCM800600T80\
#        -I
#        F:\iar\NC136B-310统计模块\Software\EvalBoards\NXP\LPC1768-SK\uCOS-III\IAR\..\..\..\..\..\..\Application\User\BSP\
#        -I
#        F:\iar\NC136B-310统计模块\Software\EvalBoards\NXP\LPC1768-SK\uCOS-III\IAR\..\..\..\..\..\..\Application\Library\CardOperations\
#        -I
#        F:\iar\NC136B-310统计模块\Software\EvalBoards\NXP\LPC1768-SK\uCOS-III\IAR\..\..\..\..\..\..\Application\Library\DataDeal\
#        -I
#        F:\iar\NC136B-310统计模块\Software\EvalBoards\NXP\LPC1768-SK\uCOS-III\IAR\..\..\..\..\..\..\Application\Library\Driver\
#        -I
#        F:\iar\NC136B-310统计模块\Software\EvalBoards\NXP\LPC1768-SK\uCOS-III\IAR\..\..\..\..\..\..\Application\Library\EquipmentOperations\
#        -I
#        F:\iar\NC136B-310统计模块\Software\EvalBoards\NXP\LPC1768-SK\uCOS-III\IAR\..\..\..\..\..\..\Application\Library\Global\
#        -I
#        F:\iar\NC136B-310统计模块\Software\EvalBoards\NXP\LPC1768-SK\uCOS-III\IAR\..\..\..\..\..\..\Application\Library\MastConTask\
#        -I
#        F:\iar\NC136B-310统计模块\Software\EvalBoards\NXP\LPC1768-SK\uCOS-III\IAR\..\..\..\..\..\..\Application\Library\SlaveConTask\
#        -I
#        F:\iar\NC136B-310统计模块\Software\EvalBoards\NXP\LPC1768-SK\uCOS-III\IAR\..\..\..\..\..\..\Application\Library\SpeedTest\
#        -I
#        F:\iar\NC136B-310统计模块\Software\EvalBoards\NXP\LPC1768-SK\uCOS-III\IAR\..\..\..\..\..\..\Application\Library\csnr_package_deal\
#        -On --use_c++_inline -I "C:\Program Files (x86)\IAR Systems\Embedded
#        Workbench 7.3\arm\CMSIS\Include\"
#    List file    =  
#        F:\iar\NC136B-310统计模块\Software\EvalBoards\NXP\LPC1768-SK\uCOS-III\IAR\FLASH\List\lpc17xx_nvic.lst
#    Object file  =  
#        F:\iar\NC136B-310统计模块\Software\EvalBoards\NXP\LPC1768-SK\uCOS-III\IAR\FLASH\Obj\lpc17xx_nvic.o
#
###############################################################################

F:\iar\NC136B-310统计模块\Software\CSB\source\lpc17xx_nvic.c
      1          /**********************************************************************
      2          * $Id$		lpc17xx_nvic.c				2010-05-21
      3          *//**
      4          * @file		lpc17xx_nvic.c
      5          * @brief	Contains all expansion functions support for
      6          * 			NVIC firmware library on LPC17xx. The main
      7          * 			NVIC functions are defined in core_cm3.h
      8          * @version	2.0
      9          * @date		21. May. 2010
     10          * @author	NXP MCU SW Application Team
     11          *
     12          * Copyright(C) 2010, NXP Semiconductor
     13          * All rights reserved.
     14          *
     15          ***********************************************************************
     16          * Software that is described herein is for illustrative purposes only
     17          * which provides customers with programming information regarding the
     18          * products. This software is supplied "AS IS" without any warranties.
     19          * NXP Semiconductors assumes no responsibility or liability for the
     20          * use of the software, conveys no license or title under any patent,
     21          * copyright, or mask work right to the product. NXP Semiconductors
     22          * reserves the right to make changes in the software without
     23          * notification. NXP Semiconductors also make no representation or
     24          * warranty that such application will be suitable for the specified
     25          * use without further testing or modification.
     26          * Permission to use, copy, modify, and distribute this software and its
     27          * documentation is hereby granted, under NXP Semiconductors'
     28          * relevant copyright in the software, without fee, provided that it
     29          * is used in conjunction with NXP Semiconductors microcontrollers.  This
     30          * copyright, permission, and disclaimer notice must appear in all copies of
     31          * this code.
     32          **********************************************************************/
     33          
     34          /* Peripheral group ----------------------------------------------------------- */
     35          /** @addtogroup NVIC
     36           * @{
     37           */
     38          
     39          /* Includes ------------------------------------------------------------------- */
     40          #include "lpc17xx_nvic.h"
     41          
     42          
     43          /* Private Macros ------------------------------------------------------------- */
     44          /** @addtogroup NVIC_Private_Macros
     45           * @{
     46           */
     47          
     48          /* Vector table offset bit mask */
     49          #define NVIC_VTOR_MASK              0x3FFFFF80
     50          
     51          /**
     52           * @}
     53           */
     54          
     55          
     56          /* Public Functions ----------------------------------------------------------- */
     57          /** @addtogroup NVIC_Public_Functions
     58           * @{
     59           */
     60          
     61          
     62          /*****************************************************************************//**
     63           * @brief		De-initializes the NVIC peripheral registers to their default
     64           * 				reset values.
     65           * @param		None
     66           * @return      None
     67           *
     68           * These following NVIC peripheral registers will be de-initialized:
     69           * - Disable Interrupt (32 IRQ interrupt sources that matched with LPC17xx)
     70           * - Clear all Pending Interrupts (32 IRQ interrupt source that matched with LPC17xx)
     71           * - Clear all Interrupt Priorities (32 IRQ interrupt source that matched with LPC17xx)
     72           *******************************************************************************/

   \                                 In section .text, align 2, keep-with-next
     73          void NVIC_DeInit(void)
     74          {
     75          	uint8_t tmp;
     76          
     77          	/* Disable all interrupts */
     78          	NVIC->ICER[0] = 0xFFFFFFFF;
   \                     NVIC_DeInit: (+1)
   \   00000000   0xF05F 0x31FF      MOVS     R1,#-1
   \   00000004   0x....             LDR.N    R2,??DataTable2  ;; 0xe000e180
   \   00000006   0x6011             STR      R1,[R2, #+0]
     79          	NVIC->ICER[1] = 0x00000001;
   \   00000008   0x2101             MOVS     R1,#+1
   \   0000000A   0x....             LDR.N    R2,??DataTable2_1  ;; 0xe000e184
   \   0000000C   0x6011             STR      R1,[R2, #+0]
     80          	/* Clear all pending interrupts */
     81          	NVIC->ICPR[0] = 0xFFFFFFFF;
   \   0000000E   0xF05F 0x31FF      MOVS     R1,#-1
   \   00000012   0x....             LDR.N    R2,??DataTable2_2  ;; 0xe000e280
   \   00000014   0x6011             STR      R1,[R2, #+0]
     82          	NVIC->ICPR[1] = 0x00000001;
   \   00000016   0x2101             MOVS     R1,#+1
   \   00000018   0x....             LDR.N    R2,??DataTable2_3  ;; 0xe000e284
   \   0000001A   0x6011             STR      R1,[R2, #+0]
     83          
     84          	/* Clear all interrupt priority */
     85          	for (tmp = 0; tmp < 32; tmp++) {
   \   0000001C   0x2100             MOVS     R1,#+0
   \   0000001E   0x0008             MOVS     R0,R1
   \                     ??NVIC_DeInit_0: (+1)
   \   00000020   0xB2C0             UXTB     R0,R0            ;; ZeroExt  R0,R0,#+24,#+24
   \   00000022   0x2820             CMP      R0,#+32
   \   00000024   0xDA05             BGE.N    ??NVIC_DeInit_1
     86          		NVIC->IP[tmp] = 0x00;
   \   00000026   0x2100             MOVS     R1,#+0
   \   00000028   0x....             LDR.N    R2,??DataTable2_4  ;; 0xe000e400
   \   0000002A   0xB2C0             UXTB     R0,R0            ;; ZeroExt  R0,R0,#+24,#+24
   \   0000002C   0x5481             STRB     R1,[R0, R2]
     87          	}
   \   0000002E   0x1C40             ADDS     R0,R0,#+1
   \   00000030   0xE7F6             B.N      ??NVIC_DeInit_0
     88          }
   \                     ??NVIC_DeInit_1: (+1)
   \   00000032   0x4770             BX       LR               ;; return
     89          
     90          /*****************************************************************************//**
     91           * @brief			De-initializes the SCB peripheral registers to their default
     92           *                  reset values.
     93           * @param			none
     94           * @return 			none
     95           *
     96           * These following SCB NVIC peripheral registers will be de-initialized:
     97           * - Interrupt Control State register
     98           * - Interrupt Vector Table Offset register
     99           * - Application Interrupt/Reset Control register
    100           * - System Control register
    101           * - Configuration Control register
    102           * - System Handlers Priority Registers
    103           * - System Handler Control and State Register
    104           * - Configurable Fault Status Register
    105           * - Hard Fault Status Register
    106           * - Debug Fault Status Register
    107           *******************************************************************************/

   \                                 In section .text, align 2, keep-with-next
    108          void NVIC_SCBDeInit(void)
    109          {
    110          	uint8_t tmp;
    111          
    112          	SCB->ICSR = 0x0A000000;
   \                     NVIC_SCBDeInit: (+1)
   \   00000000   0xF05F 0x6120      MOVS     R1,#+167772160
   \   00000004   0x....             LDR.N    R2,??DataTable2_5  ;; 0xe000ed04
   \   00000006   0x6011             STR      R1,[R2, #+0]
    113          	SCB->VTOR = 0x00000000;
   \   00000008   0x2100             MOVS     R1,#+0
   \   0000000A   0x....             LDR.N    R2,??DataTable2_6  ;; 0xe000ed08
   \   0000000C   0x6011             STR      R1,[R2, #+0]
    114          	SCB->AIRCR = 0x05FA0000;
   \   0000000E   0x....             LDR.N    R1,??DataTable2_7  ;; 0x5fa0000
   \   00000010   0x....             LDR.N    R2,??DataTable2_8  ;; 0xe000ed0c
   \   00000012   0x6011             STR      R1,[R2, #+0]
    115          	SCB->SCR = 0x00000000;
   \   00000014   0x2100             MOVS     R1,#+0
   \   00000016   0x....             LDR.N    R2,??DataTable2_9  ;; 0xe000ed10
   \   00000018   0x6011             STR      R1,[R2, #+0]
    116          	SCB->CCR = 0x00000000;
   \   0000001A   0x2100             MOVS     R1,#+0
   \   0000001C   0x....             LDR.N    R2,??DataTable2_10  ;; 0xe000ed14
   \   0000001E   0x6011             STR      R1,[R2, #+0]
    117          
    118          	for (tmp = 0; tmp < 32; tmp++) {
   \   00000020   0x2100             MOVS     R1,#+0
   \   00000022   0x0008             MOVS     R0,R1
   \                     ??NVIC_SCBDeInit_0: (+1)
   \   00000024   0xB2C0             UXTB     R0,R0            ;; ZeroExt  R0,R0,#+24,#+24
   \   00000026   0x2820             CMP      R0,#+32
   \   00000028   0xDA05             BGE.N    ??NVIC_SCBDeInit_1
    119          		SCB->SHP[tmp] = 0x00;
   \   0000002A   0x2100             MOVS     R1,#+0
   \   0000002C   0x....             LDR.N    R2,??DataTable2_11  ;; 0xe000ed18
   \   0000002E   0xB2C0             UXTB     R0,R0            ;; ZeroExt  R0,R0,#+24,#+24
   \   00000030   0x5481             STRB     R1,[R0, R2]
    120          	}
   \   00000032   0x1C40             ADDS     R0,R0,#+1
   \   00000034   0xE7F6             B.N      ??NVIC_SCBDeInit_0
    121          
    122          	SCB->SHCSR = 0x00000000;
   \                     ??NVIC_SCBDeInit_1: (+1)
   \   00000036   0x2100             MOVS     R1,#+0
   \   00000038   0x....             LDR.N    R2,??DataTable2_12  ;; 0xe000ed24
   \   0000003A   0x6011             STR      R1,[R2, #+0]
    123          	SCB->CFSR = 0xFFFFFFFF;
   \   0000003C   0xF05F 0x31FF      MOVS     R1,#-1
   \   00000040   0x....             LDR.N    R2,??DataTable2_13  ;; 0xe000ed28
   \   00000042   0x6011             STR      R1,[R2, #+0]
    124          	SCB->HFSR = 0xFFFFFFFF;
   \   00000044   0xF05F 0x31FF      MOVS     R1,#-1
   \   00000048   0x....             LDR.N    R2,??DataTable2_14  ;; 0xe000ed2c
   \   0000004A   0x6011             STR      R1,[R2, #+0]
    125          	SCB->DFSR = 0xFFFFFFFF;
   \   0000004C   0xF05F 0x31FF      MOVS     R1,#-1
   \   00000050   0x....             LDR.N    R2,??DataTable2_15  ;; 0xe000ed30
   \   00000052   0x6011             STR      R1,[R2, #+0]
    126          }
   \   00000054   0x4770             BX       LR               ;; return
    127          
    128          
    129          /*****************************************************************************//**
    130           * @brief		Set Vector Table Offset value
    131           * @param		offset Offset value
    132           * @return      None
    133           *******************************************************************************/

   \                                 In section .text, align 2, keep-with-next
    134          void NVIC_SetVTOR(uint32_t offset)
    135          {
    136          	SCB->VTOR  = (offset & NVIC_VTOR_MASK);
   \                     NVIC_SetVTOR: (+1)
   \   00000000   0x....             LDR.N    R1,??DataTable2_16  ;; 0x3fffff80
   \   00000002   0x4001             ANDS     R1,R1,R0
   \   00000004   0x....             LDR.N    R2,??DataTable2_6  ;; 0xe000ed08
   \   00000006   0x6011             STR      R1,[R2, #+0]
    137          //	SCB->VTOR  = offset;
    138          }
   \   00000008   0x4770             BX       LR               ;; return

   \                                 In section .text, align 4, keep-with-next
   \                     ??DataTable2:
   \   00000000   0xE000E180         DC32     0xe000e180

   \                                 In section .text, align 4, keep-with-next
   \                     ??DataTable2_1:
   \   00000000   0xE000E184         DC32     0xe000e184

   \                                 In section .text, align 4, keep-with-next
   \                     ??DataTable2_2:
   \   00000000   0xE000E280         DC32     0xe000e280

   \                                 In section .text, align 4, keep-with-next
   \                     ??DataTable2_3:
   \   00000000   0xE000E284         DC32     0xe000e284

   \                                 In section .text, align 4, keep-with-next
   \                     ??DataTable2_4:
   \   00000000   0xE000E400         DC32     0xe000e400

   \                                 In section .text, align 4, keep-with-next
   \                     ??DataTable2_5:
   \   00000000   0xE000ED04         DC32     0xe000ed04

   \                                 In section .text, align 4, keep-with-next
   \                     ??DataTable2_6:
   \   00000000   0xE000ED08         DC32     0xe000ed08

   \                                 In section .text, align 4, keep-with-next
   \                     ??DataTable2_7:
   \   00000000   0x05FA0000         DC32     0x5fa0000

   \                                 In section .text, align 4, keep-with-next
   \                     ??DataTable2_8:
   \   00000000   0xE000ED0C         DC32     0xe000ed0c

   \                                 In section .text, align 4, keep-with-next
   \                     ??DataTable2_9:
   \   00000000   0xE000ED10         DC32     0xe000ed10

   \                                 In section .text, align 4, keep-with-next
   \                     ??DataTable2_10:
   \   00000000   0xE000ED14         DC32     0xe000ed14

   \                                 In section .text, align 4, keep-with-next
   \                     ??DataTable2_11:
   \   00000000   0xE000ED18         DC32     0xe000ed18

   \                                 In section .text, align 4, keep-with-next
   \                     ??DataTable2_12:
   \   00000000   0xE000ED24         DC32     0xe000ed24

   \                                 In section .text, align 4, keep-with-next
   \                     ??DataTable2_13:
   \   00000000   0xE000ED28         DC32     0xe000ed28

   \                                 In section .text, align 4, keep-with-next
   \                     ??DataTable2_14:
   \   00000000   0xE000ED2C         DC32     0xe000ed2c

   \                                 In section .text, align 4, keep-with-next
   \                     ??DataTable2_15:
   \   00000000   0xE000ED30         DC32     0xe000ed30

   \                                 In section .text, align 4, keep-with-next
   \                     ??DataTable2_16:
   \   00000000   0x3FFFFF80         DC32     0x3fffff80
    139          
    140          /**
    141           * @}
    142           */
    143          
    144          /**
    145           * @}
    146           */
    147          
    148          /* --------------------------------- End Of File ------------------------------ */

   Maximum stack usage in bytes:

   .cstack Function
   ------- --------
       0   NVIC_DeInit
       0   NVIC_SCBDeInit
       0   NVIC_SetVTOR


   Section sizes:

   Bytes  Function/Label
   -----  --------------
       4  ??DataTable2
       4  ??DataTable2_1
       4  ??DataTable2_10
       4  ??DataTable2_11
       4  ??DataTable2_12
       4  ??DataTable2_13
       4  ??DataTable2_14
       4  ??DataTable2_15
       4  ??DataTable2_16
       4  ??DataTable2_2
       4  ??DataTable2_3
       4  ??DataTable2_4
       4  ??DataTable2_5
       4  ??DataTable2_6
       4  ??DataTable2_7
       4  ??DataTable2_8
       4  ??DataTable2_9
      52  NVIC_DeInit
      86  NVIC_SCBDeInit
      10  NVIC_SetVTOR

 
 216 bytes in section .text
 
 216 bytes of CODE memory

Errors: none
Warnings: none
