###############################################################################
#
# IAR ELF Linker V7.50.1.10123/W32 for ARM                16/Aug/2017  14:18:18
# Copyright 2007-2015 IAR Systems AB.
#
#    Output file  =  
#        F:\iar\NC136B-310统计模块\Software\EvalBoards\NXP\LPC1768-SK\uCOS-III\IAR\FLASH\Exe\uCOS-III-TCPIP-V2.out.tmp
#    Map file     =  
#        F:\iar\NC136B-310统计模块\Software\EvalBoards\NXP\LPC1768-SK\uCOS-III\IAR\FLASH\List\uCOS-III-TCPIP-V2.map
#    Command line =  
#        F:\iar\NC136B-310统计模块\Software\EvalBoards\NXP\LPC1768-SK\uCOS-III\IAR\FLASH\Obj\ADC.o
#        F:\iar\NC136B-310统计模块\Software\EvalBoards\NXP\LPC1768-SK\uCOS-III\IAR\FLASH\Obj\app.o
#        F:\iar\NC136B-310统计模块\Software\EvalBoards\NXP\LPC1768-SK\uCOS-III\IAR\FLASH\Obj\app_comm_dtu.o
#        F:\iar\NC136B-310统计模块\Software\EvalBoards\NXP\LPC1768-SK\uCOS-III\IAR\FLASH\Obj\app_comm_dtu_otr_deal.o
#        F:\iar\NC136B-310统计模块\Software\EvalBoards\NXP\LPC1768-SK\uCOS-III\IAR\FLASH\Obj\app_comm_mtr.o
#        F:\iar\NC136B-310统计模块\Software\EvalBoards\NXP\LPC1768-SK\uCOS-III\IAR\FLASH\Obj\app_comm_otr.o
#        F:\iar\NC136B-310统计模块\Software\EvalBoards\NXP\LPC1768-SK\uCOS-III\IAR\FLASH\Obj\app_comm_protocol.o
#        F:\iar\NC136B-310统计模块\Software\EvalBoards\NXP\LPC1768-SK\uCOS-III\IAR\FLASH\Obj\app_hooks.o
#        F:\iar\NC136B-310统计模块\Software\EvalBoards\NXP\LPC1768-SK\uCOS-III\IAR\FLASH\Obj\app_lib.o
#        F:\iar\NC136B-310统计模块\Software\EvalBoards\NXP\LPC1768-SK\uCOS-III\IAR\FLASH\Obj\app_task_comm.o
#        F:\iar\NC136B-310统计模块\Software\EvalBoards\NXP\LPC1768-SK\uCOS-III\IAR\FLASH\Obj\app_task_osal.o
#        F:\iar\NC136B-310统计模块\Software\EvalBoards\NXP\LPC1768-SK\uCOS-III\IAR\FLASH\Obj\APP_task_osal_Calc.o
#        F:\iar\NC136B-310统计模块\Software\EvalBoards\NXP\LPC1768-SK\uCOS-III\IAR\FLASH\Obj\app_task_osal_disp.o
#        F:\iar\NC136B-310统计模块\Software\EvalBoards\NXP\LPC1768-SK\uCOS-III\IAR\FLASH\Obj\app_task_osal_led.o
#        F:\iar\NC136B-310统计模块\Software\EvalBoards\NXP\LPC1768-SK\uCOS-III\IAR\FLASH\Obj\app_task_osal_speed.o
#        F:\iar\NC136B-310统计模块\Software\EvalBoards\NXP\LPC1768-SK\uCOS-III\IAR\FLASH\Obj\APP_task_osal_store.o
#        F:\iar\NC136B-310统计模块\Software\EvalBoards\NXP\LPC1768-SK\uCOS-III\IAR\FLASH\Obj\app_task_osal_tmr.o
#        F:\iar\NC136B-310统计模块\Software\EvalBoards\NXP\LPC1768-SK\uCOS-III\IAR\FLASH\Obj\bsp.o
#        F:\iar\NC136B-310统计模块\Software\EvalBoards\NXP\LPC1768-SK\uCOS-III\IAR\FLASH\Obj\bsp_FRAM.o
#        F:\iar\NC136B-310统计模块\Software\EvalBoards\NXP\LPC1768-SK\uCOS-III\IAR\FLASH\Obj\bsp_gpio.o
#        F:\iar\NC136B-310统计模块\Software\EvalBoards\NXP\LPC1768-SK\uCOS-III\IAR\FLASH\Obj\bsp_hal.o
#        F:\iar\NC136B-310统计模块\Software\EvalBoards\NXP\LPC1768-SK\uCOS-III\IAR\FLASH\Obj\bsp_IIC.o
#        F:\iar\NC136B-310统计模块\Software\EvalBoards\NXP\LPC1768-SK\uCOS-III\IAR\FLASH\Obj\bsp_lpc_timer.o
#        F:\iar\NC136B-310统计模块\Software\EvalBoards\NXP\LPC1768-SK\uCOS-III\IAR\FLASH\Obj\bsp_max7219.o
#        F:\iar\NC136B-310统计模块\Software\EvalBoards\NXP\LPC1768-SK\uCOS-III\IAR\FLASH\Obj\bsp_os.o
#        F:\iar\NC136B-310统计模块\Software\EvalBoards\NXP\LPC1768-SK\uCOS-III\IAR\FLASH\Obj\bsp_timer.o
#        F:\iar\NC136B-310统计模块\Software\EvalBoards\NXP\LPC1768-SK\uCOS-III\IAR\FLASH\Obj\Card.o
#        F:\iar\NC136B-310统计模块\Software\EvalBoards\NXP\LPC1768-SK\uCOS-III\IAR\FLASH\Obj\CardTest.o
#        F:\iar\NC136B-310统计模块\Software\EvalBoards\NXP\LPC1768-SK\uCOS-III\IAR\FLASH\Obj\cnsccomdeal.o
#        F:\iar\NC136B-310统计模块\Software\EvalBoards\NXP\LPC1768-SK\uCOS-III\IAR\FLASH\Obj\cnscpackdeal.o
#        F:\iar\NC136B-310统计模块\Software\EvalBoards\NXP\LPC1768-SK\uCOS-III\IAR\FLASH\Obj\cpu_a.o
#        F:\iar\NC136B-310统计模块\Software\EvalBoards\NXP\LPC1768-SK\uCOS-III\IAR\FLASH\Obj\cpu_c.o
#        F:\iar\NC136B-310统计模块\Software\EvalBoards\NXP\LPC1768-SK\uCOS-III\IAR\FLASH\Obj\cpu_core.o
#        F:\iar\NC136B-310统计模块\Software\EvalBoards\NXP\LPC1768-SK\uCOS-III\IAR\FLASH\Obj\CrcCheck.o
#        F:\iar\NC136B-310统计模块\Software\EvalBoards\NXP\LPC1768-SK\uCOS-III\IAR\FLASH\Obj\csnc_package_deal.o
#        F:\iar\NC136B-310统计模块\Software\EvalBoards\NXP\LPC1768-SK\uCOS-III\IAR\FLASH\Obj\csnr.o
#        F:\iar\NC136B-310统计模块\Software\EvalBoards\NXP\LPC1768-SK\uCOS-III\IAR\FLASH\Obj\csp.o
#        F:\iar\NC136B-310统计模块\Software\EvalBoards\NXP\LPC1768-SK\uCOS-III\IAR\FLASH\Obj\csp_gpio.o
#        F:\iar\NC136B-310统计模块\Software\EvalBoards\NXP\LPC1768-SK\uCOS-III\IAR\FLASH\Obj\csp_int.o
#        F:\iar\NC136B-310统计模块\Software\EvalBoards\NXP\LPC1768-SK\uCOS-III\IAR\FLASH\Obj\csp_pm.o
#        F:\iar\NC136B-310统计模块\Software\EvalBoards\NXP\LPC1768-SK\uCOS-III\IAR\FLASH\Obj\csp_tmr.o
#        F:\iar\NC136B-310统计模块\Software\EvalBoards\NXP\LPC1768-SK\uCOS-III\IAR\FLASH\Obj\cstartup.o
#        F:\iar\NC136B-310统计模块\Software\EvalBoards\NXP\LPC1768-SK\uCOS-III\IAR\FLASH\Obj\DataCard.o
#        F:\iar\NC136B-310统计模块\Software\EvalBoards\NXP\LPC1768-SK\uCOS-III\IAR\FLASH\Obj\DealOilBox.o
#        F:\iar\NC136B-310统计模块\Software\EvalBoards\NXP\LPC1768-SK\uCOS-III\IAR\FLASH\Obj\debug_frmwrk.o
#        F:\iar\NC136B-310统计模块\Software\EvalBoards\NXP\LPC1768-SK\uCOS-III\IAR\FLASH\Obj\DipComOperate.o
#        F:\iar\NC136B-310统计模块\Software\EvalBoards\NXP\LPC1768-SK\uCOS-III\IAR\FLASH\Obj\Display.o
#        F:\iar\NC136B-310统计模块\Software\EvalBoards\NXP\LPC1768-SK\uCOS-III\IAR\FLASH\Obj\DS3231.o
#        F:\iar\NC136B-310统计模块\Software\EvalBoards\NXP\LPC1768-SK\uCOS-III\IAR\FLASH\Obj\EquimentCom.o
#        F:\iar\NC136B-310统计模块\Software\EvalBoards\NXP\LPC1768-SK\uCOS-III\IAR\FLASH\Obj\EquimentOperate.o
#        F:\iar\NC136B-310统计模块\Software\EvalBoards\NXP\LPC1768-SK\uCOS-III\IAR\FLASH\Obj\FIFO.o
#        F:\iar\NC136B-310统计模块\Software\EvalBoards\NXP\LPC1768-SK\uCOS-III\IAR\FLASH\Obj\GetDipPrs.o
#        F:\iar\NC136B-310统计模块\Software\EvalBoards\NXP\LPC1768-SK\uCOS-III\IAR\FLASH\Obj\GlobePara.o
#        F:\iar\NC136B-310统计模块\Software\EvalBoards\NXP\LPC1768-SK\uCOS-III\IAR\FLASH\Obj\IAP_program_mcu.o
#        F:\iar\NC136B-310统计模块\Software\EvalBoards\NXP\LPC1768-SK\uCOS-III\IAR\FLASH\Obj\Led.o
#        F:\iar\NC136B-310统计模块\Software\EvalBoards\NXP\LPC1768-SK\uCOS-III\IAR\FLASH\Obj\lib_ascii.o
#        F:\iar\NC136B-310统计模块\Software\EvalBoards\NXP\LPC1768-SK\uCOS-III\IAR\FLASH\Obj\lib_math.o
#        F:\iar\NC136B-310统计模块\Software\EvalBoards\NXP\LPC1768-SK\uCOS-III\IAR\FLASH\Obj\lib_mem.o
#        F:\iar\NC136B-310统计模块\Software\EvalBoards\NXP\LPC1768-SK\uCOS-III\IAR\FLASH\Obj\lib_mem_a.o
#        F:\iar\NC136B-310统计模块\Software\EvalBoards\NXP\LPC1768-SK\uCOS-III\IAR\FLASH\Obj\lib_str.o
#        F:\iar\NC136B-310统计模块\Software\EvalBoards\NXP\LPC1768-SK\uCOS-III\IAR\FLASH\Obj\locoworksta.o
#        F:\iar\NC136B-310统计模块\Software\EvalBoards\NXP\LPC1768-SK\uCOS-III\IAR\FLASH\Obj\lpc17xx_adc.o
#        F:\iar\NC136B-310统计模块\Software\EvalBoards\NXP\LPC1768-SK\uCOS-III\IAR\FLASH\Obj\lpc17xx_can.o
#        F:\iar\NC136B-310统计模块\Software\EvalBoards\NXP\LPC1768-SK\uCOS-III\IAR\FLASH\Obj\lpc17xx_clkpwr.o
#        F:\iar\NC136B-310统计模块\Software\EvalBoards\NXP\LPC1768-SK\uCOS-III\IAR\FLASH\Obj\lpc17xx_dac.o
#        F:\iar\NC136B-310统计模块\Software\EvalBoards\NXP\LPC1768-SK\uCOS-III\IAR\FLASH\Obj\lpc17xx_emac.o
#        F:\iar\NC136B-310统计模块\Software\EvalBoards\NXP\LPC1768-SK\uCOS-III\IAR\FLASH\Obj\lpc17xx_exti.o
#        F:\iar\NC136B-310统计模块\Software\EvalBoards\NXP\LPC1768-SK\uCOS-III\IAR\FLASH\Obj\lpc17xx_gpdma.o
#        F:\iar\NC136B-310统计模块\Software\EvalBoards\NXP\LPC1768-SK\uCOS-III\IAR\FLASH\Obj\lpc17xx_gpio.o
#        F:\iar\NC136B-310统计模块\Software\EvalBoards\NXP\LPC1768-SK\uCOS-III\IAR\FLASH\Obj\lpc17xx_i2c.o
#        F:\iar\NC136B-310统计模块\Software\EvalBoards\NXP\LPC1768-SK\uCOS-III\IAR\FLASH\Obj\lpc17xx_i2s.o
#        F:\iar\NC136B-310统计模块\Software\EvalBoards\NXP\LPC1768-SK\uCOS-III\IAR\FLASH\Obj\lpc17xx_iap.o
#        F:\iar\NC136B-310统计模块\Software\EvalBoards\NXP\LPC1768-SK\uCOS-III\IAR\FLASH\Obj\lpc17xx_libcfg_default.o
#        F:\iar\NC136B-310统计模块\Software\EvalBoards\NXP\LPC1768-SK\uCOS-III\IAR\FLASH\Obj\lpc17xx_mcpwm.o
#        F:\iar\NC136B-310统计模块\Software\EvalBoards\NXP\LPC1768-SK\uCOS-III\IAR\FLASH\Obj\lpc17xx_nvic.o
#        F:\iar\NC136B-310统计模块\Software\EvalBoards\NXP\LPC1768-SK\uCOS-III\IAR\FLASH\Obj\lpc17xx_pinsel.o
#        F:\iar\NC136B-310统计模块\Software\EvalBoards\NXP\LPC1768-SK\uCOS-III\IAR\FLASH\Obj\lpc17xx_pwm.o
#        F:\iar\NC136B-310统计模块\Software\EvalBoards\NXP\LPC1768-SK\uCOS-III\IAR\FLASH\Obj\lpc17xx_qei.o
#        F:\iar\NC136B-310统计模块\Software\EvalBoards\NXP\LPC1768-SK\uCOS-III\IAR\FLASH\Obj\lpc17xx_rit.o
#        F:\iar\NC136B-310统计模块\Software\EvalBoards\NXP\LPC1768-SK\uCOS-III\IAR\FLASH\Obj\lpc17xx_rtc.o
#        F:\iar\NC136B-310统计模块\Software\EvalBoards\NXP\LPC1768-SK\uCOS-III\IAR\FLASH\Obj\lpc17xx_spi.o
#        F:\iar\NC136B-310统计模块\Software\EvalBoards\NXP\LPC1768-SK\uCOS-III\IAR\FLASH\Obj\lpc17xx_ssp.o
#        F:\iar\NC136B-310统计模块\Software\EvalBoards\NXP\LPC1768-SK\uCOS-III\IAR\FLASH\Obj\lpc17xx_systick.o
#        F:\iar\NC136B-310统计模块\Software\EvalBoards\NXP\LPC1768-SK\uCOS-III\IAR\FLASH\Obj\lpc17xx_timer.o
#        F:\iar\NC136B-310统计模块\Software\EvalBoards\NXP\LPC1768-SK\uCOS-III\IAR\FLASH\Obj\lpc17xx_uart.o
#        F:\iar\NC136B-310统计模块\Software\EvalBoards\NXP\LPC1768-SK\uCOS-III\IAR\FLASH\Obj\lpc17xx_wdt.o
#        F:\iar\NC136B-310统计模块\Software\EvalBoards\NXP\LPC1768-SK\uCOS-III\IAR\FLASH\Obj\MB.o
#        F:\iar\NC136B-310统计模块\Software\EvalBoards\NXP\LPC1768-SK\uCOS-III\IAR\FLASH\Obj\MB_AES.o
#        F:\iar\NC136B-310统计模块\Software\EvalBoards\NXP\LPC1768-SK\uCOS-III\IAR\FLASH\Obj\mb_app_hooks.o
#        F:\iar\NC136B-310统计模块\Software\EvalBoards\NXP\LPC1768-SK\uCOS-III\IAR\FLASH\Obj\MB_BSP.o
#        F:\iar\NC136B-310统计模块\Software\EvalBoards\NXP\LPC1768-SK\uCOS-III\IAR\FLASH\Obj\MB_DATA.o
#        F:\iar\NC136B-310统计模块\Software\EvalBoards\NXP\LPC1768-SK\uCOS-III\IAR\FLASH\Obj\MB_OS.o
#        F:\iar\NC136B-310统计模块\Software\EvalBoards\NXP\LPC1768-SK\uCOS-III\IAR\FLASH\Obj\MB_UTIL.o
#        F:\iar\NC136B-310统计模块\Software\EvalBoards\NXP\LPC1768-SK\uCOS-III\IAR\FLASH\Obj\MBM_CORE.o
#        F:\iar\NC136B-310统计模块\Software\EvalBoards\NXP\LPC1768-SK\uCOS-III\IAR\FLASH\Obj\MBS_CORE.o
#        F:\iar\NC136B-310统计模块\Software\EvalBoards\NXP\LPC1768-SK\uCOS-III\IAR\FLASH\Obj\mstcsspeed.o
#        F:\iar\NC136B-310统计模块\Software\EvalBoards\NXP\LPC1768-SK\uCOS-III\IAR\FLASH\Obj\MX25L1602Drv.o
#        F:\iar\NC136B-310统计模块\Software\EvalBoards\NXP\LPC1768-SK\uCOS-III\IAR\FLASH\Obj\OperateCard.o
#        F:\iar\NC136B-310统计模块\Software\EvalBoards\NXP\LPC1768-SK\uCOS-III\IAR\FLASH\Obj\os_app_hooks.o
#        F:\iar\NC136B-310统计模块\Software\EvalBoards\NXP\LPC1768-SK\uCOS-III\IAR\FLASH\Obj\os_cfg_app.o
#        F:\iar\NC136B-310统计模块\Software\EvalBoards\NXP\LPC1768-SK\uCOS-III\IAR\FLASH\Obj\os_core.o
#        F:\iar\NC136B-310统计模块\Software\EvalBoards\NXP\LPC1768-SK\uCOS-III\IAR\FLASH\Obj\os_cpu_a.o
#        F:\iar\NC136B-310统计模块\Software\EvalBoards\NXP\LPC1768-SK\uCOS-III\IAR\FLASH\Obj\os_cpu_c.o
#        F:\iar\NC136B-310统计模块\Software\EvalBoards\NXP\LPC1768-SK\uCOS-III\IAR\FLASH\Obj\os_csp.o
#        F:\iar\NC136B-310统计模块\Software\EvalBoards\NXP\LPC1768-SK\uCOS-III\IAR\FLASH\Obj\os_dbg.o
#        F:\iar\NC136B-310统计模块\Software\EvalBoards\NXP\LPC1768-SK\uCOS-III\IAR\FLASH\Obj\os_flag.o
#        F:\iar\NC136B-310统计模块\Software\EvalBoards\NXP\LPC1768-SK\uCOS-III\IAR\FLASH\Obj\os_int.o
#        F:\iar\NC136B-310统计模块\Software\EvalBoards\NXP\LPC1768-SK\uCOS-III\IAR\FLASH\Obj\os_mem.o
#        F:\iar\NC136B-310统计模块\Software\EvalBoards\NXP\LPC1768-SK\uCOS-III\IAR\FLASH\Obj\os_msg.o
#        F:\iar\NC136B-310统计模块\Software\EvalBoards\NXP\LPC1768-SK\uCOS-III\IAR\FLASH\Obj\os_mutex.o
#        F:\iar\NC136B-310统计模块\Software\EvalBoards\NXP\LPC1768-SK\uCOS-III\IAR\FLASH\Obj\os_pend_multi.o
#        F:\iar\NC136B-310统计模块\Software\EvalBoards\NXP\LPC1768-SK\uCOS-III\IAR\FLASH\Obj\os_prio.o
#        F:\iar\NC136B-310统计模块\Software\EvalBoards\NXP\LPC1768-SK\uCOS-III\IAR\FLASH\Obj\os_q.o
#        F:\iar\NC136B-310统计模块\Software\EvalBoards\NXP\LPC1768-SK\uCOS-III\IAR\FLASH\Obj\os_sem.o
#        F:\iar\NC136B-310统计模块\Software\EvalBoards\NXP\LPC1768-SK\uCOS-III\IAR\FLASH\Obj\os_stat.o
#        F:\iar\NC136B-310统计模块\Software\EvalBoards\NXP\LPC1768-SK\uCOS-III\IAR\FLASH\Obj\os_task.o
#        F:\iar\NC136B-310统计模块\Software\EvalBoards\NXP\LPC1768-SK\uCOS-III\IAR\FLASH\Obj\os_tick.o
#        F:\iar\NC136B-310统计模块\Software\EvalBoards\NXP\LPC1768-SK\uCOS-III\IAR\FLASH\Obj\os_time.o
#        F:\iar\NC136B-310统计模块\Software\EvalBoards\NXP\LPC1768-SK\uCOS-III\IAR\FLASH\Obj\os_tmr.o
#        F:\iar\NC136B-310统计模块\Software\EvalBoards\NXP\LPC1768-SK\uCOS-III\IAR\FLASH\Obj\os_var.o
#        F:\iar\NC136B-310统计模块\Software\EvalBoards\NXP\LPC1768-SK\uCOS-III\IAR\FLASH\Obj\osal.o
#        F:\iar\NC136B-310统计模块\Software\EvalBoards\NXP\LPC1768-SK\uCOS-III\IAR\FLASH\Obj\osal_event.o
#        F:\iar\NC136B-310统计模块\Software\EvalBoards\NXP\LPC1768-SK\uCOS-III\IAR\FLASH\Obj\osal_memory.o
#        F:\iar\NC136B-310统计模块\Software\EvalBoards\NXP\LPC1768-SK\uCOS-III\IAR\FLASH\Obj\osal_timer.o
#        F:\iar\NC136B-310统计模块\Software\EvalBoards\NXP\LPC1768-SK\uCOS-III\IAR\FLASH\Obj\ParaCard.o
#        F:\iar\NC136B-310统计模块\Software\EvalBoards\NXP\LPC1768-SK\uCOS-III\IAR\FLASH\Obj\power.o
#        F:\iar\NC136B-310统计模块\Software\EvalBoards\NXP\LPC1768-SK\uCOS-III\IAR\FLASH\Obj\RecModel.o
#        F:\iar\NC136B-310统计模块\Software\EvalBoards\NXP\LPC1768-SK\uCOS-III\IAR\FLASH\Obj\SoftSpi_17xx.o
#        F:\iar\NC136B-310统计模块\Software\EvalBoards\NXP\LPC1768-SK\uCOS-III\IAR\FLASH\Obj\speed1.o
#        F:\iar\NC136B-310统计模块\Software\EvalBoards\NXP\LPC1768-SK\uCOS-III\IAR\FLASH\Obj\speed2.o
#        F:\iar\NC136B-310统计模块\Software\EvalBoards\NXP\LPC1768-SK\uCOS-III\IAR\FLASH\Obj\sprintf.o
#        F:\iar\NC136B-310统计模块\Software\EvalBoards\NXP\LPC1768-SK\uCOS-III\IAR\FLASH\Obj\system_LPC17xx.o
#        F:\iar\NC136B-310统计模块\Software\EvalBoards\NXP\LPC1768-SK\uCOS-III\IAR\FLASH\Obj\tmp.o
#        F:\iar\NC136B-310统计模块\Software\EvalBoards\NXP\LPC1768-SK\uCOS-III\IAR\FLASH\Obj\WatchDog.o
#        F:\iar\NC136B-310统计模块\Software\EvalBoards\NXP\LPC1768-SK\uCOS-III\IAR\FLASH\Obj\xapp.o
#        F:\iar\NC136B-310统计模块\Software\EvalBoards\NXP\LPC1768-SK\uCOS-III\IAR\FLASH\Obj\xmain.o
#        -o
#        F:\iar\NC136B-310统计模块\Software\EvalBoards\NXP\LPC1768-SK\uCOS-III\IAR\FLASH\Exe\uCOS-III-TCPIP-V2.out.tmp
#        --map
#        F:\iar\NC136B-310统计模块\Software\EvalBoards\NXP\LPC1768-SK\uCOS-III\IAR\FLASH\List\uCOS-III-TCPIP-V2.map
#        --log initialization,modules,sections,veneers --log_file
#        F:\iar\NC136B-310统计模块\Software\EvalBoards\NXP\LPC1768-SK\uCOS-III\IAR\FLASH\List\uCOS-III-TCPIP-V2.log
#        --config
#        F:\embedsoft\Micrium_LPC1768-SK_uCOS-III\Software\EvalBoards\NXP\LPC1768-SK\BSP\IAR\LPC1768_FLASH512K_SRAM32K.icf
#        --semihosting --entry __iar_program_start --vfe
#
###############################################################################

*******************************************************************************
*** RUNTIME MODEL ATTRIBUTES
***

CppFlavor       = *
__SystemLibrary = DLib


*******************************************************************************
*** PLACEMENT SUMMARY
***

"A1":  place at 0x00010000 { ro section .intvec };
"P1":  place in [from 0x00010000 to 0x0007ffff] { ro };
"P2":  place in [from         0x10000000
                 to           0x10007fff
                 repeat       2
                 displacement 0x1007c000] { rw, block CSTACK, block HEAP };

  Section            Kind        Address     Size  Object
  -------            ----        -------     ----  ------
"A1":                                        0xcc
  .intvec            const    0x00010000     0xcc  cstartup.o [1]
                            - 0x000100cc     0xcc

"P1":                                     0x115f1
  .text              ro code  0x000100cc   0x11d0  sprintf.o [1]
  .text              ro code  0x0001129c     0x2e  DblCmpLe.o [4]
  .text              ro code  0x000112ca      0xa  xsprout.o [3]
  .text              ro code  0x000112d4     0x2e  DblCmpGe.o [4]
  .rodata            const    0x00011302      0x2  os_cfg_app.o [1]
  .text              ro code  0x00011304    0x1a2  DblMul.o [4]
  .rodata            const    0x000114a6      0x2  os_cfg_app.o [1]
  .text              ro code  0x000114a8     0xe8  DblAdd.o [4]
  .text              ro code  0x00011590     0x58  DblToI32.o [4]
  .text              ro code  0x000115e8     0x30  I32ToDbl.o [4]
  .text              ro code  0x00011618    0x180  DblSub.o [4]
  .text              ro code  0x00011798     0x36  strlen.o [5]
  .rodata            const    0x000117ce      0x2  os_cfg_app.o [1]
  .text              ro code  0x000117d0     0x66  ABImemset.o [5]
  .text              ro code  0x00011836     0x28  strncmp.o [3]
  .rodata            const    0x0001185e      0x2  os_cfg_app.o [1]
  .text              ro code  0x00011860     0x76  ABImemcpy_unaligned.o [5]
  .rodata            const    0x000118d6      0x2  os_dbg.o [1]
  .text              ro code  0x000118d8     0x42  strcmp_unaligned.o [5]
  .rodata            const    0x0001191a      0x2  os_dbg.o [1]
  .text              ro code  0x0001191c     0x16  strchr.o [5]
  .rodata            const    0x00011932      0x2  os_dbg.o [1]
  .text              ro code  0x00011934    0x374  bsp_max7219.o [1]
  .text              ro code  0x00011ca8    0x4a4  csp_gpio.o [1]
  .text              ro code  0x0001214c     0x16  app_lib.o [1]
  .rodata            const    0x00012162      0x2  os_dbg.o [1]
  CODE               ro code  0x00012164     0x34  cpu_a.o [1]
  .text              ro code  0x00012198    0x1e4  cpu_core.o [1]
  .text              ro code  0x0001237c     0xfc  lib_mem.o [1]
  .text              ro code  0x00012478    0x658  bsp.o [1]
  .text              ro code  0x00012ad0    0x184  csp_int.o [1]
  .text              ro code  0x00012c54     0x94  csp_pm.o [1]
  .text              ro code  0x00012ce8    0x244  os_cpu_c.o [1]
  .text              ro code  0x00012f2c    0x1e4  cpu_c.o [1]
  .text              ro code  0x00013110     0x6e  csp.o [1]
  .rodata            const    0x0001317e      0x2  os_dbg.o [1]
  .text              ro code  0x00013180    0x330  os_time.o [1]
  .text              ro code  0x000134b0    0xbea  os_core.o [1]
  .rodata            const    0x0001409a      0x2  os_dbg.o [1]
  .text              ro code  0x0001409c    0x584  os_tick.o [1]
  .text              ro code  0x00014620    0x464  os_int.o [1]
  .text              ro code  0x00014a84     0xa0  os_prio.o [1]
  .text              ro code  0x00014b24    0x9b6  os_flag.o [1]
  .rodata            const    0x000154da      0x2  os_dbg.o [1]
  .text              ro code  0x000154dc     0x1c  os_mem.o [1]
  .text              ro code  0x000154f8    0x25c  os_msg.o [1]
  .text              ro code  0x00015754     0x1c  os_mutex.o [1]
  .text              ro code  0x00015770    0x4d8  os_q.o [1]
  .text              ro code  0x00015c48    0x444  os_sem.o [1]
  .text              ro code  0x0001608c    0xf98  os_task.o [1]
  .text              ro code  0x00017024    0x58c  os_stat.o [1]
  .text              ro code  0x000175b0    0x344  os_tmr.o [1]
  .text              ro code  0x000178f4    0x23c  os_dbg.o [1]
  .text              ro code  0x00017b30     0xf8  os_cfg_app.o [1]
  CODE               ro code  0x00017c28     0x84  os_cpu_a.o [1]
  .text              ro code  0x00017cac    0xdae  xprintffull_nomb.o [3]
  .rodata            const    0x00018a5a      0x2  os_dbg.o [1]
  .text              ro code  0x00018a5c     0x58  memchr.o [5]
  .text              ro code  0x00018ab4     0xee  I64DivMod.o [5]
  .text              ro code  0x00018ba2     0x42  xdnorm.o [4]
  .text              ro code  0x00018be4    0x10c  xdscale.o [4]
  .text              ro code  0x00018cf0    0x256  DblDiv.o [4]
  .text              ro code  0x00018f46      0xe  div.o [3]
  .text              ro code  0x00018f54      0x2  I64DivZer.o [5]
  .text              ro code  0x00018f56    0xca0  MBS_CORE.o [1]
  .rodata            const    0x00019bf6      0x2  os_dbg.o [1]
  .text              ro code  0x00019bf8    0x1e4  MB_DATA.o [1]
  .text              ro code  0x00019ddc    0x116  mb_app_hooks.o [1]
  .rodata            const    0x00019ef2      0x2  os_dbg.o [1]
  .text              ro code  0x00019ef4    0x420  MB.o [1]
  .text              ro code  0x0001a314    0x718  app_task_comm.o [1]
  .text              ro code  0x0001aa2c     0xa8  MB_UTIL.o [1]
  .text              ro code  0x0001aad4     0xfc  MB_OS.o [1]
  .text              ro code  0x0001abd0    0x4c0  MB_BSP.o [1]
  .text              ro code  0x0001b090    0x250  app_comm_mtr.o [1]
  .text              ro code  0x0001b2e0    0x188  app_comm_dtu.o [1]
  .text              ro code  0x0001b468    0x1d0  app_comm_otr.o [1]
  .text              ro code  0x0001b638    0x1f2  csnc_package_deal.o [1]
  .rodata            const    0x0001b82a      0x2  os_dbg.o [1]
  .text              ro code  0x0001b82c     0x84  bsp_os.o [1]
  .text              ro code  0x0001b8b0    0x120  bsp_gpio.o [1]
  .text              ro code  0x0001b9d0    0x720  lpc17xx_uart.o [1]
  .text              ro code  0x0001c0f0    0x574  lpc17xx_timer.o [1]
  .text              ro code  0x0001c664    0x1c4  app_comm_protocol.o [1]
  .text              ro code  0x0001c828    0x544  app_comm_dtu_otr_deal.o [1]
  .text              ro code  0x0001cd6c    0x280  IAP_program_mcu.o [1]
  .text              ro code  0x0001cfec    0x360  osal_timer.o [1]
  .text              ro code  0x0001d34c     0x62  CrcCheck.o [1]
  .rodata            const    0x0001d3ae      0x2  os_dbg.o [1]
  .text              ro code  0x0001d3b0     0xbc  lpc17xx_gpio.o [1]
  .text              ro code  0x0001d46c     0xf4  lpc17xx_pinsel.o [1]
  .text              ro code  0x0001d560     0xf4  lpc17xx_clkpwr.o [1]
  .text              ro code  0x0001d654      0x2  lpc17xx_libcfg_default.o [1]
  .text              ro code  0x0001d656    0x3b2  bsp_FRAM.o [1]
  .text              ro code  0x0001da08    0x1e4  DS3231.o [1]
  .text              ro code  0x0001dbec    0x910  APP_task_osal_Calc.o [1]
  .text              ro code  0x0001e4fc    0x3e8  app_task_osal_disp.o [1]
  .text              ro code  0x0001e8e4    0x2a4  APP_task_osal_store.o [1]
  .text              ro code  0x0001eb88    0x140  lpc17xx_iap.o [1]
  .text              ro code  0x0001ecc8     0x50  osal.o [1]
  .text              ro code  0x0001ed18    0x19e  bsp_IIC.o [1]
  .rodata            const    0x0001eeb6      0x2  os_dbg.o [1]
  .text              ro code  0x0001eeb8    0x17c  DealOilBox.o [1]
  .text              ro code  0x0001f034      0x8  abs.o [3]
  .text              ro code  0x0001f03c     0x32  I32ToFlt.o [4]
  .rodata            const    0x0001f06e      0x2  os_dbg.o [1]
  .text              ro code  0x0001f070     0x84  FltAdd.o [4]
  .text              ro code  0x0001f0f4     0x1c  FltCmpEq.o [4]
  .text              ro code  0x0001f110     0x24  FltCmpGe.o [4]
  .text              ro code  0x0001f134     0x24  FltCmpLe.o [4]
  .text              ro code  0x0001f158     0xe6  FltSub.o [4]
  .rodata            const    0x0001f23e      0x2  os_dbg.o [1]
  .text              ro code  0x0001f240     0xd8  FltMul.o [4]
  .text              ro code  0x0001f318     0xfc  FltDiv.o [4]
  .text              ro code  0x0001f414     0x44  FltToS32.o [4]
  .text              ro code  0x0001f458    0x5ac  MX25L1602Drv.o [1]
  .text              ro code  0x0001fa04     0x30  tmp.o [1]
  .text              ro code  0x0001fa34    0x184  osal_event.o [1]
  .text              ro code  0x0001fbb8     0x16  SoftSpi_17xx.o [1]
  .rodata            const    0x0001fbce      0x2  os_dbg.o [1]
  .text              ro code  0x0001fbd0     0x2e  debug_frmwrk.o [1]
  .rodata            const    0x0001fbfe      0x2  os_dbg.o [1]
  .text              ro code  0x0001fc00      0x2  WatchDog.o [1]
  .rodata            const    0x0001fc02      0x2  os_dbg.o [1]
  .text              ro code  0x0001fc04     0x2c  vsprintf.o [3]
  .text              ro code  0x0001fc30    0x260  xmain.o [1]
  .text              ro code  0x0001fe90     0x14  lpc17xx_nvic.o [1]
  .rodata            const    0x0001fea4    0x200  CrcCheck.o [1]
  .text              ro code  0x000200a4    0x1a0  bsp_lpc_timer.o [1]
  .text              ro code  0x00020244    0x178  speed1.o [1]
  .text              ro code  0x000203bc    0x164  speed2.o [1]
  .text              ro code  0x00020520    0x12c  mstcsspeed.o [1]
  .text              ro code  0x0002064c    0x118  locoworksta.o [1]
  .text              ro code  0x00020764    0x168  app_task_osal_tmr.o [1]
  .text              ro code  0x000208cc    0x148  app_task_osal.o [1]
  .text              ro code  0x00020a14    0x124  app_task_osal_led.o [1]
  .text              ro code  0x00020b38     0xd8  packbits_init.o [5]
  .text              ro code  0x00020c10      0x6  abort.o [3]
  .rodata            const    0x00020c16      0x2  os_dbg.o [1]
  .text              ro code  0x00020c18     0x14  exit.o [6]
  .text              ro code  0x00020c2c     0xa4  app.o [1]
  .text              ro code  0x00020cd0     0x9c  os_app_hooks.o [1]
  .text              ro code  0x00020d6c     0x18  lpc17xx_wdt.o [1]
  .text              ro code  0x00020d84     0x90  app_task_osal_speed.o [1]
  .rodata            const    0x00020e14     0x84  bsp_max7219.o [1]
  .rodata            const    0x00020e98     0x40  lpc17xx_timer.o [1]
  .rodata            const    0x00020ed8     0x40  lpc17xx_uart.o [1]
  .text              ro code  0x00020f18     0x40  zero_init3.o [5]
  .rodata            const    0x00020f58     0x34  os_dbg.o [1]
  .rodata            const    0x00020f8c     0x30  os_dbg.o [1]
  .rodata            const    0x00020fbc     0x2c  os_dbg.o [1]
  .rodata            const    0x00020fe8     0x28  os_dbg.o [1]
  .rodata            const    0x00021010     0x28  os_dbg.o [1]
  .rodata            const    0x00021038     0x28  sprintf.o [1]
  .rodata            const    0x00021060     0x28  sprintf.o [1]
  .text              ro code  0x00021088     0x28  data_init.o [5]
  .text              ro code  0x000210b0     0x26  os_csp.o [1]
  .iar.init_table    const    0x000210d8     0x34  - Linker created -
  .rodata            const    0x0002110c      0x2  os_dbg.o [1]
  .rodata            const    0x00021110     0x20  os_dbg.o [1]
  .rodata            const    0x00021130     0x1c  os_int.o [1]
  .text              ro code  0x0002114c     0x1a  cmain.o [5]
  .text              ro code  0x00021166      0x4  low_level_init.o [3]
  .text              ro code  0x0002116a      0x4  exit.o [3]
  .rodata            const    0x0002116e      0x2  os_dbg.o [1]
  .text              ro code  0x00021170      0xa  cexit.o [5]
  .rodata            const    0x0002117a      0x2  os_dbg.o [1]
  .rodata            const    0x0002117c     0x18  MX25L1602Drv.o [1]
  .rodata            const    0x00021194     0x18  os_tmr.o [1]
  .rodata            const    0x000211ac     0x14  bsp_gpio.o [1]
  .rodata            const    0x000211c0     0x14  bsp_gpio.o [1]
  .rodata            const    0x000211d4     0x14  bsp_gpio.o [1]
  .rodata            const    0x000211e8     0x14  MB_OS.o [1]
  .rodata            const    0x000211fc     0x14  MB_OS.o [1]
  .rodata            const    0x00021210     0x14  os_core.o [1]
  .rodata            const    0x00021224     0x14  os_stat.o [1]
  .rodata            const    0x00021238     0x14  os_tick.o [1]
  .rodata            const    0x0002124c     0x10  app.o [1]
  .rodata            const    0x0002125c     0x10  app_comm_dtu_otr_deal.o [1]
  .rodata            const    0x0002126c     0x10  app_task_comm.o [1]
  .rodata            const    0x0002127c     0x10  app_task_comm.o [1]
  .rodata            const    0x0002128c     0x10  app_task_osal.o [1]
  .rodata            const    0x0002129c     0x10  app_task_osal_disp.o [1]
  .rodata            const    0x000212ac     0x10  bsp_lpc_timer.o [1]
  .rodata            const    0x000212bc     0x10  bsp_lpc_timer.o [1]
  .rodata            const    0x000212cc     0x10  bsp_lpc_timer.o [1]
  .rodata            const    0x000212dc     0x10  MB_BSP.o [1]
  .rodata            const    0x000212ec     0x10  MB_OS.o [1]
  .rodata            const    0x000212fc      0xc  app_comm_dtu_otr_deal.o [1]
  .rodata            const    0x00021308      0xc  app_comm_dtu_otr_deal.o [1]
  .rodata            const    0x00021314      0xc  app_comm_dtu_otr_deal.o [1]
  .rodata            const    0x00021320      0xc  app_task_osal_disp.o [1]
  .rodata            const    0x0002132c      0xc  os_core.o [1]
  .text              ro code  0x00021338      0xc  cstartup.o [1]
  .text              ro code  0x00021344      0xc  cstartup_M.o [5]
  .rodata            const    0x00021350      0x8  app_comm_dtu_otr_deal.o [1]
  .rodata            const    0x00021358      0x8  app_comm_dtu_otr_deal.o [1]
  .rodata            const    0x00021360      0x8  app_task_osal_disp.o [1]
  .rodata            const    0x00021368      0x8  app_task_osal_disp.o [1]
  .rodata            const    0x00021370      0x8  app_task_osal_disp.o [1]
  .rodata            const    0x00021378      0x8  app_task_osal_disp.o [1]
  .rodata            const    0x00021380      0x8  app_task_osal_disp.o [1]
  .rodata            const    0x00021388      0x8  app_task_osal_disp.o [1]
  .rodata            const    0x00021390      0x8  app_task_osal_disp.o [1]
  .rodata            const    0x00021398      0x8  app_task_osal_disp.o [1]
  .rodata            const    0x000213a0      0x8  app_task_osal_disp.o [1]
  .rodata            const    0x000213a8      0x8  app_task_osal_disp.o [1]
  .rodata            const    0x000213b0      0x8  MB_BSP.o [1]
  .rodata            const    0x000213b8      0x8  os_core.o [1]
  .rodata            const    0x000213c0      0x8  os_task.o [1]
  .rodata            const    0x000213c8      0x8  sprintf.o [1]
  .rodata            const    0x000213d0      0x4  os_cfg_app.o [1]
  .rodata            const    0x000213d4      0x4  os_cfg_app.o [1]
  .rodata            const    0x000213d8      0x4  os_cfg_app.o [1]
  .rodata            const    0x000213dc      0x4  os_cfg_app.o [1]
  .rodata            const    0x000213e0      0x4  os_cfg_app.o [1]
  .rodata            const    0x000213e4      0x4  os_cfg_app.o [1]
  .rodata            const    0x000213e8      0x4  os_cfg_app.o [1]
  .rodata            const    0x000213ec      0x4  os_cfg_app.o [1]
  .rodata            const    0x000213f0      0x4  os_cfg_app.o [1]
  .rodata            const    0x000213f4      0x4  os_cfg_app.o [1]
  .rodata            const    0x000213f8      0x4  os_cfg_app.o [1]
  .rodata            const    0x000213fc      0x4  os_cfg_app.o [1]
  .rodata            const    0x00021400      0x4  os_cfg_app.o [1]
  .rodata            const    0x00021404      0x4  os_cfg_app.o [1]
  .rodata            const    0x00021408      0x4  os_cfg_app.o [1]
  .rodata            const    0x0002140c      0x4  os_cfg_app.o [1]
  .rodata            const    0x00021410      0x4  os_cfg_app.o [1]
  .rodata            const    0x00021414      0x4  os_cfg_app.o [1]
  .rodata            const    0x00021418      0x4  os_cfg_app.o [1]
  .rodata            const    0x0002141c      0x4  os_cfg_app.o [1]
  .rodata            const    0x00021420      0x4  os_cfg_app.o [1]
  .rodata            const    0x00021424      0x4  os_cfg_app.o [1]
  .rodata            const    0x00021428      0x4  os_cfg_app.o [1]
  .rodata            const    0x0002142c      0x4  os_cfg_app.o [1]
  .rodata            const    0x00021430      0x4  os_cfg_app.o [1]
  .rodata            const    0x00021434      0x4  os_cfg_app.o [1]
  .rodata            const    0x00021438      0x4  os_cfg_app.o [1]
  .rodata            const    0x0002143c      0x4  os_cfg_app.o [1]
  .rodata            const    0x00021440      0x4  os_cfg_app.o [1]
  .rodata            const    0x00021444      0x4  os_cfg_app.o [1]
  .rodata            const    0x00021448      0x4  os_cfg_app.o [1]
  .rodata            const    0x0002144c      0x4  os_cfg_app.o [1]
  .rodata            const    0x00021450      0x4  os_cfg_app.o [1]
  .rodata            const    0x00021454      0x4  os_cfg_app.o [1]
  .rodata            const    0x00021458      0x4  os_dbg.o [1]
  .rodata            const    0x0002145c      0x4  os_dbg.o [1]
  .rodata            const    0x00021460      0x4  os_dbg.o [1]
  .rodata            const    0x00021464      0x2  os_dbg.o [1]
  .rodata            const    0x00021466      0x1  os_cfg_app.o [1]
  .rodata            const    0x00021467      0x1  os_cfg_app.o [1]
  .rodata            const    0x00021468      0x1  os_cfg_app.o [1]
  .rodata            const    0x00021469      0x1  os_dbg.o [1]
  .rodata            const    0x0002146a      0x1  os_dbg.o [1]
  .rodata            const    0x0002146b      0x1  os_dbg.o [1]
  .rodata            const    0x0002146c      0x1  os_dbg.o [1]
  .rodata            const    0x0002146d      0x1  os_dbg.o [1]
  .rodata            const    0x0002146e      0x1  os_dbg.o [1]
  .rodata            const    0x0002146f      0x1  os_dbg.o [1]
  .rodata            const    0x00021470      0x1  os_dbg.o [1]
  .rodata            const    0x00021471      0x1  os_dbg.o [1]
  .rodata            const    0x00021472      0x1  os_dbg.o [1]
  .rodata            const    0x00021473      0x1  os_dbg.o [1]
  .rodata            const    0x00021474      0x1  os_dbg.o [1]
  .rodata            const    0x00021475      0x1  os_dbg.o [1]
  .rodata            const    0x00021476      0x1  os_dbg.o [1]
  .rodata            const    0x00021477      0x1  os_dbg.o [1]
  .rodata            const    0x00021478      0x1  os_dbg.o [1]
  .rodata            const    0x00021479      0x1  os_dbg.o [1]
  .rodata            const    0x0002147a      0x1  os_dbg.o [1]
  .rodata            const    0x0002147b      0x1  os_dbg.o [1]
  .rodata            const    0x0002147c      0x1  os_dbg.o [1]
  .rodata            const    0x0002147d      0x1  os_dbg.o [1]
  .rodata            const    0x0002147e      0x1  os_dbg.o [1]
  .rodata            const    0x0002147f      0x1  os_dbg.o [1]
  .rodata            const    0x00021480      0x1  os_dbg.o [1]
  .rodata            const    0x00021481      0x1  os_dbg.o [1]
  .rodata            const    0x00021482      0x1  os_dbg.o [1]
  .rodata            const    0x00021483      0x1  os_dbg.o [1]
  .rodata            const    0x00021484      0x1  os_dbg.o [1]
  .rodata            const    0x00021485      0x1  os_dbg.o [1]
  .rodata            const    0x00021486      0x1  os_dbg.o [1]
  .rodata            const    0x00021487      0x1  os_dbg.o [1]
  .rodata            const    0x00021488      0x1  os_dbg.o [1]
  .rodata            const    0x00021489      0x1  os_dbg.o [1]
  .rodata            const    0x0002148a      0x1  os_dbg.o [1]
  .rodata            const    0x0002148b      0x1  os_dbg.o [1]
  .rodata            const    0x0002148c      0x1  os_dbg.o [1]
  .rodata            const    0x0002148d      0x1  os_dbg.o [1]
  .rodata            const    0x0002148e      0x1  os_dbg.o [1]
  .rodata            const    0x0002148f      0x1  os_dbg.o [1]
  .rodata            const    0x00021490      0x0  zero_init3.o [5]
  .rodata            const    0x00021490      0x0  packbits_init.o [5]
  Initializer bytes  const    0x00021490    0x22d  <for P2 s0>
                            - 0x000216bd  0x115f1

"P2", part 1 of 4:                         0x7274
  .bss               zero     0x10000000   0x3c00  lib_mem.o [1]
  .bss               zero     0x10003c00   0x1c20  os_cfg_app.o [1]
  .bss               zero     0x10005820   0x11a0  MB.o [1]
  .bss               zero     0x100069c0     0xc8  os_var.o [1]
  .bss               zero     0x10006a88     0xc8  os_var.o [1]
  .bss               zero     0x10006b50     0xc8  os_var.o [1]
  .bss               zero     0x10006c18     0xa0  MB.o [1]
  .bss               zero     0x10006cb8     0xa0  MB.o [1]
  .bss               zero     0x10006d58     0x80  os_cfg_app.o [1]
  .bss               zero     0x10006dd8     0x80  os_cfg_app.o [1]
  .bss               zero     0x10006e58     0x50  csp_int.o [1]
  .bss               zero     0x10006ea8     0x48  lib_mem.o [1]
  .bss               zero     0x10006ef0     0x30  app_task_comm.o [1]
  .bss               zero     0x10006f20     0x30  APP_task_osal_Calc.o [1]
  .bss               zero     0x10006f50     0x30  MB_OS.o [1]
  .bss               zero     0x10006f80     0x2c  bsp_max7219.o [1]
  .bss               zero     0x10006fac     0x28  bsp_lpc_timer.o [1]
  .bss               zero     0x10006fd4     0x28  bsp_lpc_timer.o [1]
  .bss               zero     0x10006ffc     0x28  bsp_lpc_timer.o [1]
  .bss               zero     0x10007024     0x28  osal_event.o [1]
  .bss               zero     0x1000704c     0x28  xmain.o [1]
  .bss               zero     0x10007074     0x18  APP_task_osal_Calc.o [1]
  .bss               zero     0x1000708c     0x18  APP_task_osal_Calc.o [1]
  .bss               zero     0x100070a4     0x14  IAP_program_mcu.o [1]
  .bss               zero     0x100070b8     0x14  MB_BSP.o [1]
  .bss               zero     0x100070cc     0x10  cpu_core.o [1]
  .bss               zero     0x100070dc      0xc  os_var.o [1]
  .bss               zero     0x100070e8      0x8  mstcsspeed.o [1]
  .bss               zero     0x100070f0      0x8  os_prio.o [1]
  .bss               zero     0x100070f8      0x8  speed1.o [1]
  .bss               zero     0x10007100      0x8  speed2.o [1]
  .bss               zero     0x10007108      0x4  app_comm_dtu_otr_deal.o [1]
  .bss               zero     0x1000710c      0x4  APP_task_osal_Calc.o [1]
  .bss               zero     0x10007110      0x4  APP_task_osal_Calc.o [1]
  .bss               zero     0x10007114      0x4  APP_task_osal_Calc.o [1]
  .bss               zero     0x10007118      0x4  APP_task_osal_Calc.o [1]
  .bss               zero     0x1000711c      0x4  APP_task_osal_Calc.o [1]
  .bss               zero     0x10007120      0x4  APP_task_osal_Calc.o [1]
  .bss               zero     0x10007124      0x4  APP_task_osal_Calc.o [1]
  .bss               zero     0x10007128      0x4  APP_task_osal_Calc.o [1]
  .bss               zero     0x1000712c      0x4  APP_task_osal_Calc.o [1]
  .bss               zero     0x10007130      0x4  app_task_osal_disp.o [1]
  .bss               zero     0x10007134      0x4  cpu_core.o [1]
  .bss               zero     0x10007138      0x4  cpu_core.o [1]
  .bss               zero     0x1000713c      0x4  cpu_core.o [1]
  .bss               zero     0x10007140      0x4  cpu_core.o [1]
  .bss               zero     0x10007144      0x4  cpu_core.o [1]
  .bss               zero     0x10007148      0x4  cpu_core.o [1]
  .bss               zero     0x1000714c      0x4  lib_mem.o [1]
  .bss               zero     0x10007150      0x4  MB.o [1]
  .bss               zero     0x10007154      0x4  mstcsspeed.o [1]
  .bss               zero     0x10007158      0x4  mstcsspeed.o [1]
  .bss               zero     0x1000715c      0x4  mstcsspeed.o [1]
  .bss               zero     0x10007160      0x4  mstcsspeed.o [1]
  .bss               zero     0x10007164      0x4  os_cpu_c.o [1]
  .bss               zero     0x10007168      0x4  os_var.o [1]
  .bss               zero     0x1000716c      0x4  os_var.o [1]
  .bss               zero     0x10007170      0x4  os_var.o [1]
  .bss               zero     0x10007174      0x4  os_var.o [1]
  .bss               zero     0x10007178      0x4  os_var.o [1]
  .bss               zero     0x1000717c      0x4  os_var.o [1]
  .bss               zero     0x10007180      0x4  os_var.o [1]
  .bss               zero     0x10007184      0x4  os_var.o [1]
  .bss               zero     0x10007188      0x4  os_var.o [1]
  .bss               zero     0x1000718c      0x4  os_var.o [1]
  .bss               zero     0x10007190      0x4  os_var.o [1]
  .bss               zero     0x10007194      0x4  os_var.o [1]
  .bss               zero     0x10007198      0x4  os_var.o [1]
  .bss               zero     0x1000719c      0x4  os_var.o [1]
  .bss               zero     0x100071a0      0x4  os_var.o [1]
  .bss               zero     0x100071a4      0x4  os_var.o [1]
  .bss               zero     0x100071a8      0x4  os_var.o [1]
  .bss               zero     0x100071ac      0x4  os_var.o [1]
  .bss               zero     0x100071b0      0x4  os_var.o [1]
  .bss               zero     0x100071b4      0x4  os_var.o [1]
  .bss               zero     0x100071b8      0x4  os_var.o [1]
  .bss               zero     0x100071bc      0x4  os_var.o [1]
  .bss               zero     0x100071c0      0x4  os_var.o [1]
  .bss               zero     0x100071c4      0x4  os_var.o [1]
  .bss               zero     0x100071c8      0x4  os_var.o [1]
  .bss               zero     0x100071cc      0x4  os_var.o [1]
  .bss               zero     0x100071d0      0x4  os_var.o [1]
  .bss               zero     0x100071d4      0x4  os_var.o [1]
  .bss               zero     0x100071d8      0x4  os_var.o [1]
  .bss               zero     0x100071dc      0x4  os_var.o [1]
  .bss               zero     0x100071e0      0x4  os_var.o [1]
  .bss               zero     0x100071e4      0x4  os_var.o [1]
  .bss               zero     0x100071e8      0x4  os_var.o [1]
  .bss               zero     0x100071ec      0x4  os_var.o [1]
  .bss               zero     0x100071f0      0x4  os_var.o [1]
  .bss               zero     0x100071f4      0x4  os_var.o [1]
  .bss               zero     0x100071f8      0x4  osal_event.o [1]
  .bss               zero     0x100071fc      0x4  osal_event.o [1]
  .bss               zero     0x10007200      0x4  osal_event.o [1]
  .bss               zero     0x10007204      0x4  osal_timer.o [1]
  .bss               zero     0x10007208      0x4  osal_timer.o [1]
  .bss               zero     0x1000720c      0x4  speed1.o [1]
  .bss               zero     0x10007210      0x4  speed1.o [1]
  .bss               zero     0x10007214      0x4  speed1.o [1]
  .bss               zero     0x10007218      0x4  speed1.o [1]
  .bss               zero     0x1000721c      0x4  speed2.o [1]
  .bss               zero     0x10007220      0x4  speed2.o [1]
  .bss               zero     0x10007224      0x4  speed2.o [1]
  .bss               zero     0x10007228      0x4  speed2.o [1]
  .bss               zero     0x1000722c      0x4  xmain.o [1]
  .bss               zero     0x10007230      0x2  APP_task_osal_Calc.o [1]
  .bss               zero     0x10007232      0x2  APP_task_osal_Calc.o [1]
  .bss               zero     0x10007234      0x2  cpu_core.o [1]
  .bss               zero     0x10007236      0x2  cpu_core.o [1]
  .bss               zero     0x10007238      0x2  IAP_program_mcu.o [1]
  .bss               zero     0x1000723a      0x2  IAP_program_mcu.o [1]
  .bss               zero     0x1000723c      0x2  MB.o [1]
  .bss               zero     0x1000723e      0x2  mstcsspeed.o [1]
  .bss               zero     0x10007240      0x2  os_var.o [1]
  .bss               zero     0x10007242      0x2  os_var.o [1]
  .bss               zero     0x10007244      0x2  os_var.o [1]
  .bss               zero     0x10007246      0x2  os_var.o [1]
  .bss               zero     0x10007248      0x2  os_var.o [1]
  .bss               zero     0x1000724a      0x2  os_var.o [1]
  .bss               zero     0x1000724c      0x2  os_var.o [1]
  .bss               zero     0x1000724e      0x2  os_var.o [1]
  .bss               zero     0x10007250      0x2  os_var.o [1]
  .bss               zero     0x10007252      0x2  os_var.o [1]
  .bss               zero     0x10007254      0x2  os_var.o [1]
  .bss               zero     0x10007256      0x2  speed1.o [1]
  .bss               zero     0x10007258      0x2  speed2.o [1]
  .bss               zero     0x1000725a      0x1  app_comm_mtr.o [1]
  .bss               zero     0x1000725b      0x1  app_task_osal_disp.o [1]
  .bss               zero     0x1000725c      0x1  app_task_osal_disp.o [1]
  .bss               zero     0x1000725d      0x1  app_task_osal_disp.o [1]
  .bss               zero     0x1000725e      0x1  app_task_osal_led.o [1]
  .bss               zero     0x1000725f      0x1  bsp_max7219.o [1]
  .bss               zero     0x10007260      0x1  bsp_max7219.o [1]
  .bss               zero     0x10007261      0x1  bsp_max7219.o [1]
  .bss               zero     0x10007262      0x1  locoworksta.o [1]
  .bss               zero     0x10007263      0x1  MB.o [1]
  .bss               zero     0x10007264      0x1  mstcsspeed.o [1]
  .bss               zero     0x10007265      0x1  os_var.o [1]
  .bss               zero     0x10007266      0x1  os_var.o [1]
  .bss               zero     0x10007267      0x1  os_var.o [1]
  .bss               zero     0x10007268      0x1  os_var.o [1]
  .bss               zero     0x10007269      0x1  os_var.o [1]
  .bss               zero     0x1000726a      0x1  os_var.o [1]
  .bss               zero     0x1000726b      0x1  os_var.o [1]
  .bss               zero     0x1000726c      0x1  os_var.o [1]
  .bss               zero     0x1000726d      0x1  os_var.o [1]
  .bss               zero     0x1000726e      0x1  os_var.o [1]
  .bss               zero     0x1000726f      0x1  osal_timer.o [1]
  .bss               zero     0x10007270      0x1  speed1.o [1]
  .bss               zero     0x10007271      0x1  speed2.o [1]
                            - 0x10007272   0x7272

"P2", part 2 of 4:                          0x356
  P2 s0                       0x2007c000    0x356  <Init block>
    .data            inited   0x2007c000    0x190  DealOilBox.o [1]
    .data            inited   0x2007c190    0x190  DealOilBox.o [1]
    .data            inited   0x2007c320      0xc  sprintf.o [1]
    .data            inited   0x2007c32c      0xc  sprintf.o [1]
    .data            inited   0x2007c338      0x8  bsp_max7219.o [1]
    .data            inited   0x2007c340      0x4  app_task_osal.o [1]
    .data            inited   0x2007c344      0x4  lpc17xx_iap.o [1]
    .data            inited   0x2007c348      0x4  sprintf.o [1]
    .data            inited   0x2007c34c      0x4  sprintf.o [1]
    .data            inited   0x2007c350      0x4  system_LPC17xx.o [1]
    .data            inited   0x2007c354      0x1  APP_task_osal_Calc.o [1]
    .data            inited   0x2007c355      0x1  MX25L1602Drv.o [1]
                            - 0x2007c356    0x356

"P2", part 3 of 4:                         0x3680
  .bss               zero     0x2007c358    0x714  xmain.o [1]
  .bss               zero     0x2007ca6c    0x404  IAP_program_mcu.o [1]
  .bss               zero     0x2007ce70    0x400  app_task_comm.o [1]
  .bss               zero     0x2007d270    0x400  app_task_osal.o [1]
  .bss               zero     0x2007d670    0x400  MB_OS.o [1]
  .bss               zero     0x2007da70    0x400  os_cfg_app.o [1]
  .bss               zero     0x2007de70    0x300  os_var.o [1]
  .bss               zero     0x2007e170    0x230  csp_int.o [1]
  .bss               zero     0x2007e3a0    0x200  os_cfg_app.o [1]
  .bss               zero     0x2007e5a0    0x200  os_cfg_app.o [1]
  .bss               zero     0x2007e7a0    0x200  os_cfg_app.o [1]
  .bss               zero     0x2007e9a0    0x200  os_cfg_app.o [1]
  .bss               zero     0x2007eba0    0x200  os_cfg_app.o [1]
  .bss               zero     0x2007eda0    0x190  osal_timer.o [1]
  .bss               zero     0x2007ef30    0x140  os_cfg_app.o [1]
  .bss               zero     0x2007f070    0x100  app.o [1]
  .bss               zero     0x2007f170     0xfc  app_comm_protocol.o [1]
  .bss               zero     0x2007f26c     0xfc  app_comm_protocol.o [1]
  .bss               zero     0x2007f368     0xf0  osal_event.o [1]
  .bss               zero     0x2007f458     0xd0  APP_task_osal_Calc.o [1]
  .bss               zero     0x2007f528     0xc8  app.o [1]
  .bss               zero     0x2007f5f0     0xc8  app_task_comm.o [1]
  .bss               zero     0x2007f6b8     0xc8  app_task_osal.o [1]
  .bss               zero     0x2007f780     0xc8  MB_OS.o [1]
  .bss               zero     0x2007f848     0xc8  os_var.o [1]
  .bss               zero     0x2007f910     0xc8  os_var.o [1]
                            - 0x2007f9d8   0x3680

"P2", part 4 of 4:                          0x200
  CSTACK                      0x2007f9d8    0x200  <Block>
    CSTACK           uninit   0x2007f9d8    0x200  <Block tail>
                            - 0x2007fbd8    0x200


*******************************************************************************
*** INIT TABLE
***

          Address     Size
          -------     ----
Zero (__iar_zero_init3)
    2 destination ranges, total size 0xa8f2:
          0x10000000  0x7272
          0x2007c358  0x3680

Copy/packbits (__iar_packbits_init3)
    1 source range, total size 0x22d (65% of destination):
          0x00021490   0x22d
    1 destination range, total size 0x356:
          0x2007c000   0x356



*******************************************************************************
*** MODULE SUMMARY
***

    Module                    ro code  ro data  rw data
    ------                    -------  -------  -------
F:\iar\NC136B-310统计模块\Software\EvalBoards\NXP\LPC1768-SK\uCOS-III\IAR\FLASH\Obj: [1]
    APP_task_osal_Calc.o        2 320        1      345
    APP_task_osal_store.o         676
    CrcCheck.o                     98      512
    DS3231.o                      484
    DealOilBox.o                  380      521      800
    IAP_program_mcu.o             640             1 052
    MB.o                        1 056             4 839
    MBS_CORE.o                  3 232
    MB_BSP.o                    1 216       24       20
    MB_DATA.o                     484
    MB_OS.o                       252       56    1 272
    MB_UTIL.o                     168
    MX25L1602Drv.o              1 452       25        1
    SoftSpi_17xx.o                 22
    WatchDog.o                      2
    app.o                         164       16      456
    app_comm_dtu.o                392
    app_comm_dtu_otr_deal.o     1 348       68        4
    app_comm_mtr.o                592                 1
    app_comm_otr.o                464
    app_comm_protocol.o           452               504
    app_lib.o                      22
    app_task_comm.o             1 816       32    1 272
    app_task_osal.o               328       19    1 228
    app_task_osal_disp.o        1 000      108        7
    app_task_osal_led.o           292                 1
    app_task_osal_speed.o         144
    app_task_osal_tmr.o           360
    bsp.o                       1 624
    bsp_FRAM.o                    946
    bsp_IIC.o                     414
    bsp_gpio.o                    288       60
    bsp_lpc_timer.o               416       48      120
    bsp_max7219.o                 884      137       55
    bsp_os.o                      132
    cpu_a.o                        52
    cpu_c.o                       484
    cpu_core.o                    484                44
    csnc_package_deal.o           498
    csp.o                         110
    csp_gpio.o                  1 188
    csp_int.o                     388               640
    csp_pm.o                      148
    cstartup.o                     12      204
    debug_frmwrk.o                 46
    lib_mem.o                     252            15 436
    locoworksta.o                 280                 1
    lpc17xx_clkpwr.o              244
    lpc17xx_gpio.o                188
    lpc17xx_iap.o                 320        2        4
    lpc17xx_libcfg_default.o        2
    lpc17xx_nvic.o                 20
    lpc17xx_pinsel.o              244
    lpc17xx_timer.o             1 396       64
    lpc17xx_uart.o              1 824       64
    lpc17xx_wdt.o                  24
    mb_app_hooks.o                278
    mstcsspeed.o                  300                27
    os_app_hooks.o                156
    os_cfg_app.o                  248      147   11 360
    os_core.o                   3 050       40
    os_cpu_a.o                    132
    os_cpu_c.o                    580                 4
    os_csp.o                       38
    os_dbg.o                      572      353
    os_flag.o                   2 486
    os_int.o                    1 124       28
    os_mem.o                       28
    os_msg.o                      604
    os_mutex.o                     28
    os_prio.o                     160                 8
    os_q.o                      1 240
    os_sem.o                    1 092
    os_stat.o                   1 420       20
    os_task.o                   3 992        8
    os_tick.o                   1 412       20
    os_time.o                     816
    os_tmr.o                      836       24
    os_var.o                                      1 956
    osal.o                         80
    osal_event.o                  388               292
    osal_timer.o                  864               409
    speed1.o                      376                27
    speed2.o                      356                27
    sprintf.o                   4 560      110       32
    system_LPC17xx.o                         2        4
    tmp.o                          48
    xmain.o                       608             1 856
    ---------------------------------------------------
    Total:                     60 636    2 713   44 104

command line: [2]
    ---------------------------------------------------
    Total:

dl7M_tln.a: [3]
    abort.o                         6
    abs.o                           8
    div.o                          14
    exit.o                          4
    low_level_init.o                4
    strncmp.o                      40
    vsprintf.o                     44
    xprintffull_nomb.o          3 502
    xsprout.o                      10
    ---------------------------------------------------
    Total:                      3 632

m7M_tl.a: [4]
    DblAdd.o                      232
    DblCmpGe.o                     46
    DblCmpLe.o                     46
    DblDiv.o                      598
    DblMul.o                      418
    DblSub.o                      384
    DblToI32.o                     88
    FltAdd.o                      132
    FltCmpEq.o                     28
    FltCmpGe.o                     36
    FltCmpLe.o                     36
    FltDiv.o                      252
    FltMul.o                      216
    FltSub.o                      230
    FltToS32.o                     68
    I32ToDbl.o                     48
    I32ToFlt.o                     50
    xdnorm.o                       66
    xdscale.o                     268
    ---------------------------------------------------
    Total:                      3 242

rt7M_tl.a: [5]
    ABImemcpy_unaligned.o         118
    ABImemset.o                   102
    I64DivMod.o                   238
    I64DivZer.o                     2
    cexit.o                        10
    cmain.o                        26
    cstartup_M.o                   12
    data_init.o                    40
    memchr.o                       88
    packbits_init.o               216
    strchr.o                       22
    strcmp_unaligned.o             66
    strlen.o                       54
    zero_init3.o                   64
    ---------------------------------------------------
    Total:                      1 058

shb_l.a: [6]
    exit.o                         20
    ---------------------------------------------------
    Total:                         20

    Gaps                                     4
    Linker created                          52      512
-------------------------------------------------------
    Grand Total:               68 588    2 769   44 616


*******************************************************************************
*** ENTRY LIST
***

Entry                      Address    Size  Type      Object
-----                      -------    ----  ----      ------
.iar.init_table$$Base   0x000210d8           --   Gb  - Linker created -
.iar.init_table$$Limit  0x0002110c           --   Gb  - Linker created -
?main                   0x0002114d          Code  Gb  cmain.o [5]
APP_CommInit            0x0001a553    0x32  Code  Lc  app_task_comm.o [1]
APP_CommRxDataDealCB    0x0001a585   0x366  Code  Gb  app_task_comm.o [1]
APP_OsalInit            0x000209e7     0xe  Code  Lc  app_task_osal.o [1]
AppTaskComm             0x0001a359    0xb8  Code  Lc  app_task_comm.o [1]
AppTaskCommStk          0x2007ce70   0x400  Data  Lc  app_task_comm.o [1]
AppTaskCommTCB          0x2007f5f0    0xc8  Data  Lc  app_task_comm.o [1]
AppTaskOsal             0x00020909    0xde  Code  Lc  app_task_osal.o [1]
AppTaskOsalStk          0x2007d270   0x400  Data  Lc  app_task_osal.o [1]
AppTaskOsalTCB          0x2007f6b8    0xc8  Data  Lc  app_task_osal.o [1]
App_BusFault_ISR        0x0002133d     0x2  Code  Lc  cstartup.o [1]
App_Fault_ISR           0x0002133b     0x2  Code  Lc  cstartup.o [1]
App_MB_RdNRegsHook      0x00019ddd   0x100  Code  Gb  mb_app_hooks.o [1]
App_MB_WrNRegsHook      0x00019ee9     0xa  Code  Gb  mb_app_hooks.o [1]
App_Main                0x0001fdf3    0x10  Code  Gb  xmain.o [1]
App_MemFault_ISR        0x00021341     0x2  Code  Lc  cstartup.o [1]
App_ModbusInit          0x0001a411   0x142  Code  Lc  app_task_comm.o [1]
App_NMI_ISR             0x00021339     0x2  Code  Lc  cstartup.o [1]
App_OS_IdleTaskHook     0x00020d59     0x2  Code  Gb  os_app_hooks.o [1]
App_OS_SetAllHooks      0x00020cd1    0x52  Code  Gb  os_app_hooks.o [1]
App_OS_StatTaskHook     0x00020d5d     0x2  Code  Gb  os_app_hooks.o [1]
App_OS_TaskCreateHook   0x00020d41     0x8  Code  Gb  os_app_hooks.o [1]
App_OS_TaskDelHook      0x00020d49     0x8  Code  Gb  os_app_hooks.o [1]
App_OS_TaskReturnHook   0x00020d51     0x8  Code  Gb  os_app_hooks.o [1]
App_OS_TaskSwHook       0x00020d61     0x2  Code  Gb  os_app_hooks.o [1]
App_OS_TimeTickHook     0x00020d65     0x8  Code  Gb  os_app_hooks.o [1]
App_ObjCreate           0x00020cc3     0x2  Code  Lc  app.o [1]
App_Spurious_ISR        0x00021343     0x2  Code  Lc  cstartup.o [1]
App_TaskCommCreate      0x0001a315    0x42  Code  Gb  app_task_comm.o [1]
App_TaskCreate          0x00020cc5     0xc  Code  Lc  app.o [1]
App_TaskOsalCreate      0x000208cd    0x3c  Code  Gb  app_task_osal.o [1]
App_TaskStart           0x00020c8d    0x36  Code  Lc  app.o [1]
App_TaskStartStk        0x2007f070   0x100  Data  Lc  app.o [1]
App_TaskStartTCB        0x2007f528    0xc8  Data  Lc  app.o [1]
App_UsageFault_ISR      0x0002133f     0x2  Code  Lc  cstartup.o [1]
BCD2HEX                 0x0001da09    0x20  Code  Gb  DS3231.o [1]
BSP_CalcInit            0x0001e3b9     0xc  Code  Gb  APP_task_osal_Calc.o [1]
BSP_Disp                0x00011b4d    0x34  Code  Gb  bsp_max7219.o [1]
BSP_DispClrAll          0x00011c0f    0x24  Code  Gb  bsp_max7219.o [1]
BSP_DispEvtProcess      0x00011ba3    0x6c  Code  Gb  bsp_max7219.o [1]
BSP_DispInit            0x00011c75    0x34  Code  Gb  bsp_max7219.o [1]
BSP_DispOff             0x00011b81    0x22  Code  Gb  bsp_max7219.o [1]
BSP_DispSetBrightness   0x00011c33    0x28  Code  Gb  bsp_max7219.o [1]
BSP_Init                0x00012479   0x33e  Code  Gb  bsp.o [1]
BSP_LED_Off             0x000127d3    0xd4  Code  Gb  bsp.o [1]
BSP_LED_On              0x000128a7    0xd4  Code  Gb  bsp.o [1]
BSP_LED_Toggle          0x0001297b    0xd4  Code  Gb  bsp.o [1]
BSP_MAX7219Init         0x000119e1    0x20  Code  Gb  bsp_max7219.o [1]
BSP_OS_SemCreate        0x0001b82d    0x26  Code  Gb  bsp_os.o [1]
BSP_OS_SemPost          0x0001b891    0x20  Code  Gb  bsp_os.o [1]
BSP_OS_SemWait          0x0001b853    0x38  Code  Gb  bsp_os.o [1]
BSP_SpeedInit           0x00020d85    0x14  Code  Gb  app_task_osal_speed.o [1]
BSP_Start               0x000127b7    0x1c  Code  Gb  bsp.o [1]
BSP_StoreInit           0x0001eaff    0x34  Code  Gb  APP_task_osal_store.o [1]
BlankCheckSector        0x0001ec5d    0x3c  Code  Gb  lpc17xx_iap.o [1]
CE_High                 0x0001f463     0xa  Code  Gb  MX25L1602Drv.o [1]
CE_Low                  0x0001f459     0xa  Code  Gb  MX25L1602Drv.o [1]
CLKPWR_ConfigPPWR       0x0001d615    0x2c  Code  Gb  lpc17xx_clkpwr.o [1]
CLKPWR_GetPCLK          0x0001d5d5    0x40  Code  Gb  lpc17xx_clkpwr.o [1]
CLKPWR_GetPCLKSEL       0x0001d5b1    0x24  Code  Gb  lpc17xx_clkpwr.o [1]
CLKPWR_SetPCLKDiv       0x0001d561    0x50  Code  Gb  lpc17xx_clkpwr.o [1]
CPU_CntLeadZeros        0x00012183          Code  Gb  cpu_a.o [1]
CPU_CntTrailZeros       0x00012189          Code  Gb  cpu_a.o [1]
CPU_Init                0x00012199    0x10  Code  Gb  cpu_core.o [1]
CPU_IntDis              0x00012165          Code  Gb  cpu_a.o [1]
CPU_IntDisMeasCtr       0x10007234     0x2  Data  Gb  cpu_core.o [1]
CPU_IntDisMeasInit      0x000122c5    0x78  Code  Lc  cpu_core.o [1]
CPU_IntDisMeasMaxCalc   0x0001233d    0x1a  Code  Lc  cpu_core.o [1]
CPU_IntDisMeasMaxCurGet
                        0x00012201    0x22  Code  Gb  cpu_core.o [1]
CPU_IntDisMeasMaxCurReset
                        0x000121e1    0x20  Code  Gb  cpu_core.o [1]
CPU_IntDisMeasMaxCur_cnts
                        0x10007144     0x4  Data  Gb  cpu_core.o [1]
CPU_IntDisMeasMaxGet    0x00012223    0x22  Code  Gb  cpu_core.o [1]
CPU_IntDisMeasMax_cnts  0x10007148     0x4  Data  Gb  cpu_core.o [1]
CPU_IntDisMeasOvrhd_cnts
                        0x10007140     0x4  Data  Gb  cpu_core.o [1]
CPU_IntDisMeasStart     0x00012245    0x28  Code  Gb  cpu_core.o [1]
CPU_IntDisMeasStart_cnts
                        0x10007138     0x4  Data  Gb  cpu_core.o [1]
CPU_IntDisMeasStop      0x0001226d    0x42  Code  Gb  cpu_core.o [1]
CPU_IntDisMeasStop_cnts
                        0x1000713c     0x4  Data  Gb  cpu_core.o [1]
CPU_IntDisNestCtr       0x10007236     0x2  Data  Gb  cpu_core.o [1]
CPU_IntEn               0x00012169          Code  Gb  cpu_a.o [1]
CPU_IntSrcDis           0x00012f2d   0x13c  Code  Gb  cpu_c.o [1]
CPU_IntSrcPendClr       0x00013069    0x94  Code  Gb  cpu_c.o [1]
CPU_Name                0x100070cc    0x10  Data  Gb  cpu_core.o [1]
CPU_NameClr             0x000121a9    0x24  Code  Gb  cpu_core.o [1]
CPU_NameInit            0x000122af     0x8  Code  Lc  cpu_core.o [1]
CPU_RevBits             0x00012193          Code  Gb  cpu_a.o [1]
CPU_SR_Restore          0x00012175          Code  Gb  cpu_a.o [1]
CPU_SR_Save             0x0001216d          Code  Gb  cpu_a.o [1]
CPU_TS_Get32            0x000121cd     0xc  Code  Gb  cpu_core.o [1]
CPU_TS_Init             0x000122b7     0xe  Code  Lc  cpu_core.o [1]
CPU_TS_TmrFreqSet       0x000121d9     0x8  Code  Gb  cpu_core.o [1]
CPU_TS_TmrFreq_Hz       0x10007134     0x4  Data  Gb  cpu_core.o [1]
CPU_TS_TmrInit          0x00012a4f    0x28  Code  Gb  bsp.o [1]
CPU_TS_TmrRd            0x00012a77     0x8  Code  Gb  bsp.o [1]
CPU_WaitForExcept       0x0001217f          Code  Gb  cpu_a.o [1]
CPU_WaitForInt          0x0001217b          Code  Gb  cpu_a.o [1]
CSNC_SendData           0x0001c68f   0x18a  Code  Gb  app_comm_protocol.o [1]
CSP_GPIO_BitClr         0x0001206d    0x2c  Code  Gb  csp_gpio.o [1]
CSP_GPIO_BitSet         0x00012099    0x2c  Code  Gb  csp_gpio.o [1]
CSP_GPIO_BitToggle      0x000120c5    0x54  Code  Gb  csp_gpio.o [1]
CSP_GPIO_Cfg            0x00011ca9   0x3c4  Code  Gb  csp_gpio.o [1]
CSP_IntDisAll           0x00012ad1    0x2c  Code  Gb  csp_int.o [1]
CSP_IntHandler          0x00012c05    0x2a  Code  Gb  csp_int.o [1]
CSP_IntInit             0x00012afd    0xb0  Code  Gb  csp_int.o [1]
CSP_IntUSB_Handler      0x00012bb1    0x54  Code  Lc  csp_int.o [1]
CSP_IntVectClr          0x00013111    0x12  Code  Gb  csp.o [1]
CSP_IntVectDeref        0x00013131    0x4e  Code  Gb  csp.o [1]
CSP_IntVectSet          0x00013123     0xe  Code  Gb  csp.o [1]
CSP_MainVectTbl         0x2007e170   0x230  Data  Lc  csp_int.o [1]
CSP_PM_CPU_ClkFreqGet   0x00012c55    0x80  Code  Gb  csp_pm.o [1]
CSP_USB_VectTbl         0x10006e58    0x50  Data  Lc  csp_int.o [1]
CSTACK$$Base            0x2007f9d8           --   Gb  - Linker created -
CSTACK$$Limit           0x2007fbd8           --   Gb  - Linker created -
CalcOil                 0x0001e38d    0x2c  Code  Gb  APP_task_osal_Calc.o [1]
CalcSpeed1              0x000202e1    0x9e  Code  Gb  speed1.o [1]
CalcSpeed2              0x0002044f    0xa2  Code  Gb  speed2.o [1]
CalcSpeedcs             0x000205b3    0x72  Code  Gb  mstcsspeed.o [1]
CheckLocoStaTask        0x000206c1    0x9c  Code  Gb  locoworksta.o [1]
CheckSlaveAckI2C        0x0001ee2b    0x1a  Code  Gb  bsp_IIC.o [1]
Compare                 0x0001ec99    0x26  Code  Gb  lpc17xx_iap.o [1]
CopyRAM2Flash           0x0001ebbb    0x5c  Code  Gb  lpc17xx_iap.o [1]
DataUnpack_CSNC         0x0001b639   0x1f2  Code  Gb  csnc_package_deal.o [1]
Delay_Nus               0x0001214d    0x16  Code  Gb  app_lib.o [1]
EraseSector             0x0001ec17    0x46  Code  Gb  lpc17xx_iap.o [1]
FRAM_ReadCalcModel      0x0001d8fb    0x28  Code  Gb  bsp_FRAM.o [1]
FRAM_ReadCurRecord      0x0001d815    0x26  Code  Gb  bsp_FRAM.o [1]
FRAM_ReadOilPara        0x0001d861    0x26  Code  Gb  bsp_FRAM.o [1]
FRAM_ReadProductInfo    0x0001d7ef    0x26  Code  Gb  bsp_FRAM.o [1]
FRAM_ReadRecNumMgr      0x0001d797    0x32  Code  Gb  bsp_FRAM.o [1]
FRAM_ReadRunPara        0x0001d8ad    0x26  Code  Gb  bsp_FRAM.o [1]
FRAM_SendEvent          0x0001d659     0x2  Code  Lc  bsp_FRAM.o [1]
FRAM_StoreCalcModel     0x0001d8d3    0x28  Code  Gb  bsp_FRAM.o [1]
FRAM_StoreOilPara       0x0001d83b    0x26  Code  Gb  bsp_FRAM.o [1]
FRAM_StoreProductInfo   0x0001d7c9    0x26  Code  Gb  bsp_FRAM.o [1]
FRAM_StoreRecNumMgr     0x0001d765    0x32  Code  Gb  bsp_FRAM.o [1]
FRAM_StoreRunPara       0x0001d887    0x26  Code  Gb  bsp_FRAM.o [1]
FRAM_WaitEvent          0x0001d657     0x2  Code  Lc  bsp_FRAM.o [1]
FeedDog                 0x0001fc01     0x2  Code  Gb  WatchDog.o [1]
GPIO_ClearValue         0x0001d429    0x16  Code  Gb  lpc17xx_gpio.o [1]
GPIO_Fram_Init          0x0001ed27    0x24  Code  Gb  bsp_IIC.o [1]
GPIO_GetPointer         0x0001d3b1    0x38  Code  Lc  lpc17xx_gpio.o [1]
GPIO_PinselConfig       0x0001b921    0x48  Code  Gb  bsp_gpio.o [1]
GPIO_ReadIoVal          0x0001b969    0x5c  Code  Gb  bsp_gpio.o [1]
GPIO_ReadValue          0x0001d43f    0x1a  Code  Gb  lpc17xx_gpio.o [1]
GPIO_SetDir             0x0001d3e9    0x2a  Code  Gb  lpc17xx_gpio.o [1]
GPIO_SetOrClearValue    0x0001b8b1    0x70  Code  Gb  bsp_gpio.o [1]
GPIO_SetValue           0x0001d413    0x16  Code  Gb  lpc17xx_gpio.o [1]
GetCheckSumNR           0x0001c665    0x2a  Code  Lc  app_comm_protocol.o [1]
GetCheckSumNR           0x0001d385    0x2a  Code  Gb  CrcCheck.o [1]
GetCrc16Check           0x0001d34d    0x34  Code  Gb  CrcCheck.o [1]
GetDf4dOilBoxModel      0x0001eeb9    0x4a  Code  Gb  DealOilBox.o [1]
GetDip10SecChg          0x0001dcfb    0xec  Code  Gb  APP_task_osal_Calc.o [1]
GetDipPrs30SecVal       0x0001dfbd   0x13c  Code  Gb  APP_task_osal_Calc.o [1]
GetDipPrsAvg            0x0001e2bf    0xce  Code  Gb  APP_task_osal_Calc.o [1]
GetFrqChgState          0x0001dde7   0x1d6  Code  Gb  APP_task_osal_Calc.o [1]
GetHxn3OilBoxModel      0x0001efef    0x38  Code  Gb  DealOilBox.o [1]
GetHxn5OilBoxModel      0x0001efb7    0x38  Code  Gb  DealOilBox.o [1]
GetMathOilVal           0x0001e0f9   0x1c6  Code  Gb  APP_task_osal_Calc.o [1]
GetOilBoxCod            0x0001ef03     0xe  Code  Gb  DealOilBox.o [1]
GetOilBoxModel          0x0001dbed   0x10e  Code  Gb  APP_task_osal_Calc.o [1]
GetOilBoxModelsModel    0x0001d923    0x74  Code  Gb  bsp_FRAM.o [1]
GetOilBoxModelsModelSemple
                        0x0001d997    0x72  Code  Gb  bsp_FRAM.o [1]
GetOilPara              0x0001e3c5    0xa6  Code  Gb  APP_task_osal_Calc.o [1]
GetRecNumAddr           0x0001e8e5    0x14  Code  Gb  APP_task_osal_store.o [1]
GetSecNum               0x0001eb89    0x10  Code  Gb  lpc17xx_iap.o [1]
Get_Byte                0x0001f5a1     0x8  Code  Gb  MX25L1602Drv.o [1]
HEX2BCD                 0x0001da29    0x2e  Code  Gb  DS3231.o [1]
I2C_delay               0x0001ed19     0xe  Code  Gb  bsp_IIC.o [1]
IAP_PragramDeal         0x0001ce31   0x1a0  Code  Gb  IAP_program_mcu.o [1]
IAP_WriteFlash          0x0001cdc3    0x6e  Code  Gb  IAP_program_mcu.o [1]
IAP_WriteParaFlash      0x0001cd6d    0x56  Code  Gb  IAP_program_mcu.o [1]
InStream_Read           0x00020b39    0x22  Code  Lc  packbits_init.o [5]
InitDS3231              0x0001dbd5    0x18  Code  Gb  DS3231.o [1]
InitFlashIO             0x0001f46d    0x3c  Code  Gb  MX25L1602Drv.o [1]
InitLocoStaIO           0x0002064d    0x24  Code  Gb  locoworksta.o [1]
JudgeFlashIDErrFlg      0x0001f9c7    0x32  Code  Gb  MX25L1602Drv.o [1]
LED_SEG_CODE            0x00020e14    0x84  Data  Gb  bsp_max7219.o [1]
LED_SPI_SendData        0x00011a01    0x2c  Code  Gb  bsp_max7219.o [1]
LedDispBuf              0x2007c338     0x8  Data  Gb  bsp_max7219.o [1]
LedDispCtrl             0x10006f80    0x2c  Data  Gb  bsp_max7219.o [1]
LoadInt                 0x00018239    0x6e  Code  Lc  xprintffull_nomb.o [3]
MBS_ErrRespSet          0x00018f57    0x26  Code  Lc  MBS_CORE.o [1]
MBS_FC01_CoilRd         0x000190ab   0x124  Code  Lc  MBS_CORE.o [1]
MBS_FC03_HoldingRegRd   0x000191cf   0x11e  Code  Lc  MBS_CORE.o [1]
MBS_FC05_CoilWr         0x000192ed    0xc8  Code  Lc  MBS_CORE.o [1]
MBS_FC06_HoldingRegWr   0x000193b5    0xc0  Code  Lc  MBS_CORE.o [1]
MBS_FC08_Loopback       0x00019475   0x102  Code  Lc  MBS_CORE.o [1]
MBS_FC15_CoilWrMultiple
                        0x00019577   0x138  Code  Lc  MBS_CORE.o [1]
MBS_FC16_HoldingRegWrMultiple
                        0x000196af   0x178  Code  Lc  MBS_CORE.o [1]
MBS_FC20_FileRd         0x00019827   0x168  Code  Lc  MBS_CORE.o [1]
MBS_FC21_FileWr         0x0001998f   0x16e  Code  Lc  MBS_CORE.o [1]
MBS_FCxx_Handler        0x00018f7d   0x12e  Code  Gb  MBS_CORE.o [1]
MBS_RTU_Task            0x00019b29    0xce  Code  Lc  MBS_CORE.o [1]
MBS_RxTask              0x00019b13    0x16  Code  Gb  MBS_CORE.o [1]
MBS_StatInit            0x00019afd    0x16  Code  Gb  MBS_CORE.o [1]
MB_CfgCh                0x00019f53    0xee  Code  Gb  MB.o [1]
MB_ChCtr                0x10007263     0x1  Data  Gb  MB.o [1]
MB_ChPortMap            0x100070b8    0x14  Data  Lc  MB_BSP.o [1]
MB_ChTbl                0x10005820  0x11a0  Data  Gb  MB.o [1]
MB_ChToPortMap          0x0001a07f     0x8  Code  Gb  MB.o [1]
MB_CoilRd               0x00019bf9    0x5a  Code  Gb  MB_DATA.o [1]
MB_CoilWr               0x00019c53    0xaa  Code  Gb  MB_DATA.o [1]
MB_CommPortCfg          0x0001ac49   0x18a  Code  Gb  MB_BSP.o [1]
MB_CommRxIntDis         0x0001add3    0x7c  Code  Gb  MB_BSP.o [1]
MB_CommRxIntEn          0x0001ae4f    0x7c  Code  Gb  MB_BSP.o [1]
MB_CommTx1              0x0001af69    0x14  Code  Gb  MB_BSP.o [1]
MB_CommTxIntDis         0x0001af7d    0x28  Code  Gb  MB_BSP.o [1]
MB_CommTxIntEn          0x0001afa5    0x28  Code  Gb  MB_BSP.o [1]
MB_FileRd               0x00019dc1    0x10  Code  Gb  MB_DATA.o [1]
MB_FileWr               0x00019dd1     0xc  Code  Gb  MB_DATA.o [1]
MB_HoldingRegRd         0x00019cfd    0x5a  Code  Gb  MB_DATA.o [1]
MB_HoldingRegWr         0x00019d57    0x66  Code  Gb  MB_DATA.o [1]
MB_Init                 0x00019ef5    0x5e  Code  Gb  MB.o [1]
MB_MasterTimeoutSet     0x0001a041     0x8  Code  Gb  MB.o [1]
MB_ModeSet              0x0001a049    0x26  Code  Gb  MB.o [1]
MB_NodeAddrSet          0x0001a06f     0x8  Code  Gb  MB.o [1]
MB_OS_Init              0x0001aad5     0xc  Code  Gb  MB_OS.o [1]
MB_OS_InitMaster        0x0001aae1    0x36  Code  Lc  MB_OS.o [1]
MB_OS_InitSlave         0x0001ab17    0x48  Code  Lc  MB_OS.o [1]
MB_OS_RxQ               0x10006f50    0x30  Data  Lc  MB_OS.o [1]
MB_OS_RxSemTbl          0x10006c18    0xa0  Data  Gb  MB.o [1]
MB_OS_RxSignal          0x0001ab5f    0x2a  Code  Gb  MB_OS.o [1]
MB_OS_RxTask            0x0001ab89    0x24  Code  Lc  MB_OS.o [1]
MB_OS_RxTaskStk         0x2007d670   0x400  Data  Lc  MB_OS.o [1]
MB_OS_RxTaskTCB         0x2007f780    0xc8  Data  Lc  MB_OS.o [1]
MB_OS_TxSemTbl          0x10006cb8    0xa0  Data  Gb  MB.o [1]
MB_RTU_Freq             0x1000723c     0x2  Data  Gb  MB.o [1]
MB_RTU_Rx               0x0001a173    0x78  Code  Gb  MB.o [1]
MB_RTU_RxByte           0x0001a135    0x3e  Code  Gb  MB.o [1]
MB_RTU_RxCalcCRC        0x0001aa2d    0x56  Code  Gb  MB_UTIL.o [1]
MB_RTU_TmrCtr           0x10007150     0x4  Data  Gb  MB.o [1]
MB_RTU_TmrISR_Handler   0x0001b03d    0x20  Code  Gb  MB_BSP.o [1]
MB_RTU_TmrInit          0x0001afcd    0x68  Code  Gb  MB_BSP.o [1]
MB_RTU_TmrReset         0x0001a24b     0x6  Code  Gb  MB.o [1]
MB_RTU_TmrResetAll      0x0001a251    0x26  Code  Gb  MB.o [1]
MB_RTU_TmrUpdate        0x0001a277    0x48  Code  Gb  MB.o [1]
MB_RTU_Tx               0x0001a1eb    0x60  Code  Gb  MB.o [1]
MB_RTU_TxCalcCRC        0x0001aa83    0x52  Code  Gb  MB_UTIL.o [1]
MB_RxByte               0x0001a087    0x1a  Code  Gb  MB.o [1]
MB_RxTask               0x0001a0a1    0x16  Code  Gb  MB.o [1]
MB_Tx                   0x0001a0b7    0x20  Code  Gb  MB.o [1]
MB_TxByte               0x0001a0d7    0x5e  Code  Gb  MB.o [1]
MB_WrEnSet              0x0001a077     0x8  Code  Gb  MB.o [1]
MTR_RxQ                 0x10006ef0    0x30  Data  Gb  app_task_comm.o [1]
MX25L1602_Erase         0x0001f7ad   0x21a  Code  Gb  MX25L1602Drv.o [1]
MX25L1602_RD            0x0001f5a9    0x5c  Code  Gb  MX25L1602Drv.o [1]
MX25L1602_RdID          0x0001f605    0x7c  Code  Gb  MX25L1602Drv.o [1]
MX25L1602_WR            0x0001f681   0x12c  Code  Gb  MX25L1602Drv.o [1]
MasterAckI2C            0x0001ede7    0x22  Code  Gb  bsp_IIC.o [1]
MasterNoAckI2C          0x0001ee09    0x22  Code  Gb  bsp_IIC.o [1]
Mem_Clr                 0x000123db    0x12  Code  Gb  lib_mem.o [1]
Mem_Heap                0x10000000  0x3c00  Data  Gb  lib_mem.o [1]
Mem_Init                0x0001237d    0x5e  Code  Gb  lib_mem.o [1]
Mem_PoolHeap            0x10006ea8    0x48  Data  Gb  lib_mem.o [1]
Mem_PoolTbl             0x1000714c     0x4  Data  Gb  lib_mem.o [1]
Mem_Set                 0x000123ed    0x7c  Code  Gb  lib_mem.o [1]
NMBS_FCxx_Handler       0x0001a8eb   0x102  Code  Gb  app_task_comm.o [1]
NMB_Tx                  0x0001a2d5    0x40  Code  Gb  MB.o [1]
NOP                     0x0001fa05     0x8  Code  Gb  tmp.o [1]
NVIC_EnableIRQ          0x000200a5    0x14  Code  Lc  bsp_lpc_timer.o [1]
NVIC_EnableIRQ          0x0001abd1    0x16  Code  Lc  MB_BSP.o [1]
NVIC_SetPriority        0x000200b9    0x26  Code  Lc  bsp_lpc_timer.o [1]
NVIC_SetPriority        0x0001abe7    0x2a  Code  Lc  MB_BSP.o [1]
NVIC_SetVTOR            0x0001fe91     0xa  Code  Gb  lpc17xx_nvic.o [1]
OSAL_TaskCreateHook     0x0001fe0b    0x4c  Code  Gb  xmain.o [1]
OSCfg_DataSizeRAM       0x00021454     0x4  Data  Gb  os_cfg_app.o [1]
OSCfg_ISRStk            0x2007da70   0x400  Data  Gb  os_cfg_app.o [1]
OSCfg_ISRStkBasePtr     0x000213f8     0x4  Data  Gb  os_cfg_app.o [1]
OSCfg_ISRStkSize        0x000213fc     0x4  Data  Gb  os_cfg_app.o [1]
OSCfg_ISRStkSizeRAM     0x00021400     0x4  Data  Gb  os_cfg_app.o [1]
OSCfg_IdleTaskStk       0x2007e3a0   0x200  Data  Gb  os_cfg_app.o [1]
OSCfg_IdleTaskStkBasePtr
                        0x000213d0     0x4  Data  Gb  os_cfg_app.o [1]
OSCfg_IdleTaskStkLimit  0x000213d4     0x4  Data  Gb  os_cfg_app.o [1]
OSCfg_IdleTaskStkSize   0x000213d8     0x4  Data  Gb  os_cfg_app.o [1]
OSCfg_IdleTaskStkSizeRAM
                        0x000213dc     0x4  Data  Gb  os_cfg_app.o [1]
OSCfg_Init              0x00017b31    0xf8  Code  Gb  os_cfg_app.o [1]
OSCfg_IntQ              0x2007ef30   0x140  Data  Gb  os_cfg_app.o [1]
OSCfg_IntQBasePtr       0x000213e0     0x4  Data  Gb  os_cfg_app.o [1]
OSCfg_IntQSize          0x00011302     0x2  Data  Gb  os_cfg_app.o [1]
OSCfg_IntQSizeRAM       0x000213e4     0x4  Data  Gb  os_cfg_app.o [1]
OSCfg_IntQTaskStk       0x2007e5a0   0x200  Data  Gb  os_cfg_app.o [1]
OSCfg_IntQTaskStkBasePtr
                        0x000213e8     0x4  Data  Gb  os_cfg_app.o [1]
OSCfg_IntQTaskStkLimit  0x000213ec     0x4  Data  Gb  os_cfg_app.o [1]
OSCfg_IntQTaskStkSize   0x000213f0     0x4  Data  Gb  os_cfg_app.o [1]
OSCfg_IntQTaskStkSizeRAM
                        0x000213f4     0x4  Data  Gb  os_cfg_app.o [1]
OSCfg_MsgPool           0x10003c00  0x1c20  Data  Gb  os_cfg_app.o [1]
OSCfg_MsgPoolBasePtr    0x00021408     0x4  Data  Gb  os_cfg_app.o [1]
OSCfg_MsgPoolSize       0x000114a6     0x2  Data  Gb  os_cfg_app.o [1]
OSCfg_MsgPoolSizeRAM    0x00021404     0x4  Data  Gb  os_cfg_app.o [1]
OSCfg_StatTaskPrio      0x00021466     0x1  Data  Gb  os_cfg_app.o [1]
OSCfg_StatTaskRate_Hz   0x0002140c     0x4  Data  Gb  os_cfg_app.o [1]
OSCfg_StatTaskStk       0x2007e7a0   0x200  Data  Gb  os_cfg_app.o [1]
OSCfg_StatTaskStkBasePtr
                        0x00021410     0x4  Data  Gb  os_cfg_app.o [1]
OSCfg_StatTaskStkLimit  0x00021414     0x4  Data  Gb  os_cfg_app.o [1]
OSCfg_StatTaskStkSize   0x00021418     0x4  Data  Gb  os_cfg_app.o [1]
OSCfg_StatTaskStkSizeRAM
                        0x0002141c     0x4  Data  Gb  os_cfg_app.o [1]
OSCfg_StkSizeMin        0x00021420     0x4  Data  Gb  os_cfg_app.o [1]
OSCfg_TickRate_Hz       0x00021424     0x4  Data  Gb  os_cfg_app.o [1]
OSCfg_TickTaskPrio      0x00021467     0x1  Data  Gb  os_cfg_app.o [1]
OSCfg_TickTaskStk       0x2007e9a0   0x200  Data  Gb  os_cfg_app.o [1]
OSCfg_TickTaskStkBasePtr
                        0x00021428     0x4  Data  Gb  os_cfg_app.o [1]
OSCfg_TickTaskStkLimit  0x0002142c     0x4  Data  Gb  os_cfg_app.o [1]
OSCfg_TickTaskStkSize   0x00021430     0x4  Data  Gb  os_cfg_app.o [1]
OSCfg_TickTaskStkSizeRAM
                        0x00021434     0x4  Data  Gb  os_cfg_app.o [1]
OSCfg_TickWheel         0x10006d58    0x80  Data  Gb  os_cfg_app.o [1]
OSCfg_TickWheelSize     0x000117ce     0x2  Data  Gb  os_cfg_app.o [1]
OSCfg_TickWheelSizeRAM  0x00021438     0x4  Data  Gb  os_cfg_app.o [1]
OSCfg_TmrTaskPrio       0x00021468     0x1  Data  Gb  os_cfg_app.o [1]
OSCfg_TmrTaskRate_Hz    0x0002143c     0x4  Data  Gb  os_cfg_app.o [1]
OSCfg_TmrTaskStk        0x2007eba0   0x200  Data  Gb  os_cfg_app.o [1]
OSCfg_TmrTaskStkBasePtr
                        0x00021440     0x4  Data  Gb  os_cfg_app.o [1]
OSCfg_TmrTaskStkLimit   0x00021444     0x4  Data  Gb  os_cfg_app.o [1]
OSCfg_TmrTaskStkSize    0x00021448     0x4  Data  Gb  os_cfg_app.o [1]
OSCfg_TmrTaskStkSizeRAM
                        0x0002144c     0x4  Data  Gb  os_cfg_app.o [1]
OSCfg_TmrWheel          0x10006dd8    0x80  Data  Gb  os_cfg_app.o [1]
OSCfg_TmrWheelSize      0x0001185e     0x2  Data  Gb  os_cfg_app.o [1]
OSCfg_TmrWheelSizeRAM   0x00021450     0x4  Data  Gb  os_cfg_app.o [1]
OSDbg_AppHooksEn        0x0002146b     0x1  Data  Gb  os_dbg.o [1]
OSDbg_ArgChkEn          0x0002146a     0x1  Data  Gb  os_dbg.o [1]
OSDbg_CalledFromISRChkEn
                        0x0002146c     0x1  Data  Gb  os_dbg.o [1]
OSDbg_DataSize          0x00021460     0x4  Data  Gb  os_dbg.o [1]
OSDbg_DbgEn             0x00021469     0x1  Data  Gb  os_dbg.o [1]
OSDbg_EndiannessTest    0x00021458     0x4  Data  Gb  os_dbg.o [1]
OSDbg_FlagDelEn         0x0002146e     0x1  Data  Gb  os_dbg.o [1]
OSDbg_FlagEn            0x0002146d     0x1  Data  Gb  os_dbg.o [1]
OSDbg_FlagGrp           0x00020fe8    0x28  Data  Gb  os_dbg.o [1]
OSDbg_FlagGrpSize       0x000118d6     0x2  Data  Gb  os_dbg.o [1]
OSDbg_FlagModeClrEn     0x0002146f     0x1  Data  Gb  os_dbg.o [1]
OSDbg_FlagPendAbortEn   0x00021470     0x1  Data  Gb  os_dbg.o [1]
OSDbg_FlagWidth         0x0001191a     0x2  Data  Gb  os_dbg.o [1]
OSDbg_ISRPostDeferredEn
[...]
OS_TaskCreateHook       0x0001fe03     0x8  Code  Gb  xmain.o [1]
OS_TaskDbgListAdd       0x000166f1    0x34  Code  Gb  os_task.o [1]
OS_TaskDbgListRemove    0x00016731    0x50  Code  Gb  os_task.o [1]
OS_TaskInit             0x00016781    0x1e  Code  Gb  os_task.o [1]
OS_TaskInitTCB          0x0001679f   0x128  Code  Gb  os_task.o [1]
OS_TaskQPost            0x000168cd   0x214  Code  Gb  os_task.o [1]
OS_TaskRdy              0x00014081    0x1a  Code  Gb  os_core.o [1]
OS_TaskResume           0x00016ae1   0x13e  Code  Gb  os_task.o [1]
OS_TaskReturn           0x00016c25    0x16  Code  Gb  os_task.o [1]
OS_TaskSemPost          0x00016c3d   0x294  Code  Gb  os_task.o [1]
OS_TaskSuspend          0x00016ed1   0x132  Code  Gb  os_task.o [1]
OS_TickListInit         0x00014163    0x2e  Code  Gb  os_tick.o [1]
OS_TickListInsert       0x00014191   0x1e8  Code  Gb  os_tick.o [1]
OS_TickListRemove       0x00014379    0x4e  Code  Gb  os_tick.o [1]
OS_TickListResetPeak    0x000143c7    0x22  Code  Gb  os_tick.o [1]
OS_TickListUpdate       0x000143e9   0x1f8  Code  Gb  os_tick.o [1]
OS_TickTask             0x0001409d    0x28  Code  Gb  os_tick.o [1]
OS_TickTaskInit         0x000140c5    0x9e  Code  Gb  os_tick.o [1]
OS_TmrInit              0x000175b1    0xe0  Code  Gb  os_tmr.o [1]
OS_TmrLink              0x00017691    0xdc  Code  Gb  os_tmr.o [1]
OS_TmrResetPeak         0x0001776d    0x22  Code  Gb  os_tmr.o [1]
OS_TmrTask              0x000177ed    0xc8  Code  Gb  os_tmr.o [1]
OS_TmrUnlink            0x0001778f    0x5a  Code  Gb  os_tmr.o [1]
Osal_EvtSem             0x10007024    0x28  Data  Gb  osal_event.o [1]
PINSEL_ConfigPin        0x0001d53d    0x24  Code  Gb  lpc17xx_pinsel.o [1]
PrepareSector           0x0001eb99    0x22  Code  Gb  lpc17xx_iap.o [1]
ReadByteWithI2C         0x0001ee85    0x32  Code  Gb  bsp_IIC.o [1]
ReadDS3231Byte          0x0001da57    0x4c  Code  Gb  DS3231.o [1]
ReadFM24CL64            0x0001d6d1    0x94  Code  Gb  bsp_FRAM.o [1]
ReadFlsh                0x0001fa0d    0x14  Code  Gb  tmp.o [1]
ReadFlshRec             0x0001eadb    0x24  Code  Gb  APP_task_osal_store.o [1]
ReadLOCO_BK             0x000206ad    0x14  Code  Gb  locoworksta.o [1]
ReadLOCO_LW             0x00020671    0x14  Code  Gb  locoworksta.o [1]
ReadLOCO_QY             0x00020685    0x14  Code  Gb  locoworksta.o [1]
ReadLOCO_ZD             0x00020699    0x14  Code  Gb  locoworksta.o [1]
ReadMISOF               0x0001f4ed    0x14  Code  Gb  MX25L1602Drv.o [1]
ReadSDA                 0x0001ed8f    0x14  Code  Gb  bsp_IIC.o [1]
ReadTime                0x0001dadb    0x78  Code  Gb  DS3231.o [1]
RecByte_SPIF            0x0001f585     0xe  Code  Gb  MX25L1602Drv.o [1]
Region$$Table$$Base     0x000210d8           --   Gb  - Linker created -
Region$$Table$$Limit    0x0002110c           --   Gb  - Linker created -
SPI_GpioInit            0x00011935    0x5a  Code  Lc  bsp_max7219.o [1]
SPI_SendByte            0x0001198f    0x52  Code  Lc  bsp_max7219.o [1]
SendByte_SPIF           0x0001f577     0xe  Code  Gb  MX25L1602Drv.o [1]
SendOrRecByte_SPIF      0x0001f523    0x54  Code  Gb  MX25L1602Drv.o [1]
Send_Byte               0x0001f593     0xe  Code  Gb  MX25L1602Drv.o [1]
SetDispNow              0x0001e4fd    0x10  Code  Gb  app_task_osal_disp.o [1]
SndBuf                  0x2007f170    0xfc  Data  Lc  app_comm_protocol.o [1]
SndBufTmp               0x2007f26c    0xfc  Data  Lc  app_comm_protocol.o [1]
SpeedAndDistTast        0x000203a9    0x14  Code  Gb  speed1.o [1]
StartI2C                0x0001eda3    0x22  Code  Gb  bsp_IIC.o [1]
StopI2C                 0x0001edc5    0x22  Code  Gb  bsp_IIC.o [1]
StoreData               0x0001e8f9   0x1e2  Code  Gb  APP_task_osal_store.o [1]
SystemCoreClock         0x2007c350     0x4  Data  Gb  system_LPC17xx.o [1]
TIMER0_IRQHandler       0x00020245    0x9c  Code  Gb  speed1.o [1]
TIMER1_IRQHandler       0x000203bd    0x92  Code  Gb  speed2.o [1]
TIMER2_IRQHandler       0x00020521    0x92  Code  Gb  mstcsspeed.o [1]
TIMER3_IRQHandler       0x0001b035     0x8  Code  Gb  MB_BSP.o [1]
TIM_ClearIntCapturePending
                        0x0001c27d    0x66  Code  Gb  lpc17xx_timer.o [1]
TIM_ClearIntPending     0x0001c219    0x64  Code  Gb  lpc17xx_timer.o [1]
TIM_Cmd                 0x0001c417    0x42  Code  Gb  lpc17xx_timer.o [1]
TIM_ConfigCapture       0x0001c583    0x80  Code  Gb  lpc17xx_timer.o [1]
TIM_ConfigMatch         0x0001c491    0xf2  Code  Gb  lpc17xx_timer.o [1]
TIM_GetCaptureValue     0x0001c603    0x4c  Code  Gb  lpc17xx_timer.o [1]
TIM_GetIntCaptureStatus
                        0x0001c1a3    0x76  Code  Gb  lpc17xx_timer.o [1]
TIM_Init                0x0001c2e3   0x134  Code  Gb  lpc17xx_timer.o [1]
TIM_ResetCounter        0x0001c459    0x38  Code  Gb  lpc17xx_timer.o [1]
Task                    0x2007f368    0xf0  Data  Gb  osal_event.o [1]
TaskActive              0x100071fc     0x4  Data  Gb  osal_event.o [1]
TaskCalcEvtProcess      0x0001e4d9    0x24  Code  Gb  APP_task_osal_Calc.o [1]
TaskDispEvtProcess      0x0001e50d   0x24a  Code  Gb  app_task_osal_disp.o [1]
TaskHead                0x100071f8     0x4  Data  Gb  osal_event.o [1]
TaskInitCalc            0x0001e4c1    0x18  Code  Gb  APP_task_osal_Calc.o [1]
TaskInitDisp            0x0001e757    0x36  Code  Gb  app_task_osal_disp.o [1]
TaskInitLed             0x00020b29    0x10  Code  Gb  app_task_osal_led.o [1]
TaskInitSpeed           0x00020d99    0x14  Code  Gb  app_task_osal_speed.o [1]
TaskInitStore           0x0001eb51    0x14  Code  Gb  APP_task_osal_store.o [1]
TaskInitTmr             0x0002087b    0x40  Code  Gb  app_task_osal_tmr.o [1]
TaskLedEvtProcess       0x00020a15   0x10a  Code  Gb  app_task_osal_led.o [1]
TaskSpeedEvtProcess     0x00020dad    0x52  Code  Gb  app_task_osal_speed.o [1]
TaskStoreEvtProcess     0x0001eb65    0x24  Code  Gb  APP_task_osal_store.o [1]
TaskTmrEvtProcess       0x00020765   0x116  Code  Gb  app_task_osal_tmr.o [1]
Task_id                 0x10007200     0x4  Data  Gb  osal_event.o [1]
Time0Init               0x000200df    0x6e  Code  Gb  bsp_lpc_timer.o [1]
Time1Init               0x0002014d    0x66  Code  Gb  bsp_lpc_timer.o [1]
Time2Init               0x000201b3    0x66  Code  Gb  bsp_lpc_timer.o [1]
UART0_IRQHandler        0x0001af39     0xc  Code  Gb  MB_BSP.o [1]
UART1_IRQHandler        0x0001af45     0xc  Code  Gb  MB_BSP.o [1]
UART2_IRQHandler        0x0001af51     0xc  Code  Gb  MB_BSP.o [1]
UART3_IRQHandler        0x0001af5d     0xc  Code  Gb  MB_BSP.o [1]
UART_FIFOConfig         0x0001bf5b    0xf4  Code  Gb  lpc17xx_uart.o [1]
UART_Init               0x0001bbd9   0x202  Code  Gb  lpc17xx_uart.o [1]
UART_IntConfig          0x0001be1d   0x13e  Code  Gb  lpc17xx_uart.o [1]
UART_SendByte           0x0001bddb    0x42  Code  Gb  lpc17xx_uart.o [1]
UART_TxCmd              0x0001c04f    0x8a  Code  Gb  lpc17xx_uart.o [1]
USARTx_RxTxISRHandler   0x0001aecb    0x6e  Code  Gb  MB_BSP.o [1]
WDT_Feed                0x00020d6d    0x12  Code  Gb  lpc17xx_wdt.o [1]
WIN_DispMsg             0x00011a2d   0x120  Code  Gb  bsp_max7219.o [1]
WdtFlagGRP              0x1000704c    0x28  Data  Gb  xmain.o [1]
WdtFlags                0x1000722c     0x4  Data  Gb  xmain.o [1]
WriteByteWithI2C        0x0001ee45    0x40  Code  Gb  bsp_IIC.o [1]
WriteDS3231Byte         0x0001daa3    0x38  Code  Gb  DS3231.o [1]
WriteEN_485             0x0001ac11    0x38  Code  Gb  MB_BSP.o [1]
WriteFM24CL64           0x0001d65b    0x76  Code  Gb  bsp_FRAM.o [1]
WriteFlsh               0x0001fa21    0x14  Code  Gb  tmp.o [1]
WriteMOSIF              0x0001f4cb    0x22  Code  Gb  MX25L1602Drv.o [1]
WriteSCKF               0x0001f4a9    0x22  Code  Gb  MX25L1602Drv.o [1]
WriteSCL                0x0001ed4b    0x22  Code  Gb  bsp_IIC.o [1]
WriteSDA                0x0001ed6d    0x22  Code  Gb  bsp_IIC.o [1]
WriteSoftSpiCSF         0x0001f501    0x22  Code  Gb  MX25L1602Drv.o [1]
WriteTime               0x0001db53    0x82  Code  Gb  DS3231.o [1]
_GenldFullNoMb          0x000187af   0x262  Code  Lc  xprintffull_nomb.o [3]
_LdtobFullNoMb          0x000183ad   0x3fc  Code  Lc  xprintffull_nomb.o [3]
_LitobFullNoMb          0x000182a7   0x106  Code  Lc  xprintffull_nomb.o [3]
_PrintfFullNoMb         0x00017cad   0x586  Code  Gb  xprintffull_nomb.o [3]
_PutcharsFullNoMb       0x00018a11    0x2e  Code  Lc  xprintffull_nomb.o [3]
_SProut                 0x000112cb     0xa  Code  Gb  xsprout.o [3]
__aeabi_cdcmple         0x0001129d          Code  Gb  DblCmpLe.o [4]
__aeabi_cdrcmple        0x000112d5          Code  Gb  DblCmpGe.o [4]
__aeabi_cfcmpeq         0x0001f0f5          Code  Gb  FltCmpEq.o [4]
__aeabi_cfcmple         0x0001f135          Code  Gb  FltCmpLe.o [4]
__aeabi_cfrcmple        0x0001f111          Code  Gb  FltCmpGe.o [4]
__aeabi_d2iz            0x00011591          Code  Gb  DblToI32.o [4]
__aeabi_d2uiz           0x000115bd          Code  Gb  DblToI32.o [4]
__aeabi_dadd            0x000114a9          Code  Gb  DblAdd.o [4]
__aeabi_ddiv            0x00018cf1          Code  Gb  DblDiv.o [4]
__aeabi_dmul            0x00011305          Code  Gb  DblMul.o [4]
__aeabi_dsub            0x00011619          Code  Gb  DblSub.o [4]
__aeabi_f2iz            0x0001f415          Code  Gb  FltToS32.o [4]
__aeabi_fadd            0x0001f071          Code  Gb  FltAdd.o [4]
__aeabi_fdiv            0x0001f319          Code  Gb  FltDiv.o [4]
__aeabi_fmul            0x0001f241          Code  Gb  FltMul.o [4]
__aeabi_fsub            0x0001f159          Code  Gb  FltSub.o [4]
__aeabi_i2d             0x000115e9          Code  Gb  I32ToDbl.o [4]
__aeabi_i2f             0x0001f03d          Code  Gb  I32ToFlt.o [4]
__aeabi_ldiv0           0x00018f55          Code  Gb  I64DivZer.o [5]
__aeabi_memset          0x000117d1          Code  Gb  ABImemset.o [5]
__aeabi_ui2d            0x000115fd          Code  Gb  I32ToDbl.o [4]
__aeabi_ui2f            0x0001f051          Code  Gb  I32ToFlt.o [4]
__aeabi_uldivmod        0x00018ab5          Code  Gb  I64DivMod.o [5]
__cmain                 0x0002114d          Code  Gb  cmain.o [5]
__ecvround              0x000107df    0x42  Code  Lc  sprintf.o [1]
__exit                  0x00020c19    0x14  Code  Gb  exit.o [6]
__iar_Dnorm             0x00018ba3    0x42  Code  Gb  xdnorm.o [4]
__iar_Dscale            0x00018be5   0x10c  Code  Gb  xdscale.o [4]
__iar_Memchr            0x00018a5d          Code  Gb  memchr.o [5]
__iar_Memset            0x000117d1          Code  Gb  ABImemset.o [5]
__iar_Memset_word       0x000117d9          Code  Gb  ABImemset.o [5]
__iar_Strchr            0x0001191d          Code  Gb  strchr.o [5]
__iar_d2uiz             0x000115c9          Code  Gb  DblToI32.o [4]
__iar_dadd              0x000114bd          Code  Gb  DblAdd.o [4]
__iar_data_init3        0x00021089    0x28  Code  Gb  data_init.o [5]
__iar_dsub              0x0001162d          Code  Gb  DblSub.o [4]
__iar_dsubStart         0x0001163f          Code  Gb  DblSub.o [4]
__iar_fadd              0x0001f081          Code  Gb  FltAdd.o [4]
__iar_fsub              0x0001f169          Code  Gb  FltSub.o [4]
__iar_fsubStart         0x0001f179          Code  Gb  FltSub.o [4]
__iar_packbits_init3    0x00020b5b    0xb6  Code  Gb  packbits_init.o [5]
__iar_program_start     0x00021345          Code  Gb  cstartup_M.o [5]
__iar_ui2d              0x00011601          Code  Gb  I32ToDbl.o [4]
__iar_ui2f              0x0001f055          Code  Gb  I32ToFlt.o [4]
__iar_unaligned___aeabi_memcpy
                        0x00011861          Code  Gb  ABImemcpy_unaligned.o [5]
__iar_unaligned___aeabi_memcpy4
                        0x00011881          Code  Gb  ABImemcpy_unaligned.o [5]
__iar_unaligned___aeabi_memcpy8
                        0x00011881          Code  Gb  ABImemcpy_unaligned.o [5]
__iar_unaligned_strcmp  0x000118d9          Code  Gb  strcmp_unaligned.o [5]
__iar_zero_init3        0x00020f19    0x40  Code  Gb  zero_init3.o [5]
__low_level_init        0x00021167     0x4  Code  Gb  low_level_init.o [3]
__vector_table          0x00010000    0xcc  Data  Gb  cstartup.o [1]
_call_main              0x00021159          Code  Gb  cmain.o [5]
_exit                   0x00021171          Code  Gb  cexit.o [5]
_main                   0x00021163          Code  Gb  cmain.o [5]
abort                   0x00020c11     0x6  Code  Gb  abort.o [3]
abs                     0x0001f035     0x8  Code  Gb  abs.o [3]
app_comm_dtu            0x0001b2e1   0x188  Code  Gb  app_comm_dtu.o [1]
app_comm_mtr            0x0001b091   0x250  Code  Gb  app_comm_mtr.o [1]
app_comm_otr            0x0001b469   0x11e  Code  Gb  app_comm_otr.o [1]
app_init_sctrl          0x0001fc31   0x1c2  Code  Gb  xmain.o [1]
cfltcvt                 0x00010aed   0x1f0  Code  Lc  sprintf.o [1]
check_failed            0x0001d655     0x2  Code  Gb  lpc17xx_libcfg_default.o [1]
comm_mtr_err_judye      0x0001e78d   0x10c  Code  Gb  app_task_osal_disp.o [1]
comm_para_flow          0x0001c829   0x36e  Code  Gb  app_comm_dtu_otr_deal.o [1]
comm_record_send        0x0001ccbb    0x76  Code  Gb  app_comm_dtu_otr_deal.o [1]
comm_record_send_one    0x0001cb9d   0x11e  Code  Gb  app_comm_dtu_otr_deal.o [1]
comm_tinyrec_send       0x0001b587    0xa6  Code  Gb  app_comm_otr.o [1]
converPtrToTimeNum      0x0001c167    0x3c  Code  Lc  lpc17xx_timer.o [1]
converUSecToVal         0x0001c12f    0x38  Code  Lc  lpc17xx_timer.o [1]
cropzeros               0x00010d3f    0x56  Code  Lc  sprintf.o [1]
digits                  0x2007c348     0x4  Data  Lc  sprintf.o [1]
dis_mode                0x1000725b     0x1  Data  Lc  app_task_osal_disp.o [1]
dis_num_pos             0x1000725f     0x1  Data  Gb  bsp_max7219.o [1]
div                     0x00018f47     0xe  Code  Gb  div.o [3]
eaddr                   0x0001032d    0x9a  Code  Lc  sprintf.o [1]
ecvtbuf                 0x00010821   0x170  Code  Lc  sprintf.o [1]
exit                    0x0002116b     0x4  Code  Gb  exit.o [3]
fcvtbuf                 0x00010991   0x152  Code  Lc  sprintf.o [1]
flsherrflg              0x2007c355     0x1  Data  Gb  MX25L1602Drv.o [1]
flt                     0x00010d95   0x130  Code  Lc  sprintf.o [1]
forcdecpt               0x00010cf1    0x4e  Code  Lc  sprintf.o [1]
ftoaE                   0x000104d5   0x1d4  Code  Lc  sprintf.o [1]
getPClock               0x0001c0f1    0x3e  Code  Lc  lpc17xx_timer.o [1]
gsIAPCtrl               0x2007ca6c   0x404  Data  Gb  IAP_program_mcu.o [1]
gsIAPPara               0x100070a4    0x14  Data  Gb  IAP_program_mcu.o [1]
iaddr                   0x000103c7   0x10e  Code  Lc  sprintf.o [1]
iap_entry               0x2007c344     0x4  Data  Gb  lpc17xx_iap.o [1]
is_space                0x000100cd    0x16  Code  Lc  sprintf.o [1]
itoa                    0x00010151    0x5a  Code  Lc  sprintf.o [1]
l_Dip1Frq10SecChg       0x10007230     0x2  Data  Gb  APP_task_osal_Calc.o [1]
l_Dip2Frq10SecChg       0x10007232     0x2  Data  Gb  APP_task_osal_Calc.o [1]
l_locoworksta           0x10007262     0x1  Data  Gb  locoworksta.o [1]
l_sModel                0x2007f458    0xd0  Data  Gb  APP_task_osal_Calc.o [1]
l_sModelSemple          0x10006f20    0x30  Data  Gb  APP_task_osal_Calc.o [1]
l_speed1                0x10007256     0x2  Data  Gb  speed1.o [1]
l_speed2                0x10007258     0x2  Data  Gb  speed2.o [1]
l_speedcs               0x1000723e     0x2  Data  Gb  mstcsspeed.o [1]
mPluseSumCnt0           0x1000720c     0x4  Data  Gb  speed1.o [1]
mPluseSumCnt1           0x1000721c     0x4  Data  Gb  speed2.o [1]
mPluseSumCntcs          0x10007154     0x4  Data  Gb  mstcsspeed.o [1]
m_AddPluse0             0x10007214     0x4  Data  Gb  speed1.o [1]
m_AddPluse1             0x10007224     0x4  Data  Gb  speed2.o [1]
m_AddPlusecs            0x1000715c     0x4  Data  Gb  mstcsspeed.o [1]
m_Pluse0ChgFlg          0x10007218     0x4  Data  Gb  speed1.o [1]
m_Pluse1ChgFlg          0x10007228     0x4  Data  Gb  speed2.o [1]
m_PlusecsChgFlg         0x10007160     0x4  Data  Gb  mstcsspeed.o [1]
m_Time0Sum              0x10007210     0x4  Data  Gb  speed1.o [1]
m_Time1Sum              0x10007220     0x4  Data  Gb  speed2.o [1]
m_TimecsSum             0x10007158     0x4  Data  Gb  mstcsspeed.o [1]
m_sSpeed1Pluse          0x100070f8     0x8  Data  Lc  speed1.o [1]
m_sSpeed2Pluse          0x10007100     0x8  Data  Lc  speed2.o [1]
m_sSpeedcsPluse         0x100070e8     0x8  Data  Lc  mstcsspeed.o [1]
main                    0x00020c2d    0x54  Code  Gb  app.o [1]
memchr                  0x00018a5d          Code  Gb  memchr.o [5]
my_atoi                 0x000100e3    0x56  Code  Lc  sprintf.o [1]
my_ftoa                 0x000106a9   0x136  Code  Lc  sprintf.o [1]
my_strnlen              0x00010139    0x18  Code  Lc  sprintf.o [1]
my_vsprintf             0x00010ec5   0x382  Code  Lc  sprintf.o [1]
nop                     0x0001fbb9    0x16  Code  Gb  SoftSpi_17xx.o [1]
number                  0x000101d3   0x15a  Code  Lc  sprintf.o [1]
osalAddTimer            0x0001d06d    0x94  Code  Gb  osal_timer.o [1]
osalFindTask            0x0001fb89    0x1e  Code  Gb  osal_event.o [1]
osalFindTimer           0x0001d101    0x1e  Code  Gb  osal_timer.o [1]
osalNextActiveTask      0x0001fb6d    0x1c  Code  Gb  osal_event.o [1]
osalTimer               0x2007eda0   0x190  Data  Gb  osal_timer.o [1]
osalTimerInit           0x0001cfed    0x80  Code  Gb  osal_timer.o [1]
osalTimerUpdate         0x0001d2b3    0x82  Code  Gb  osal_timer.o [1]
osal_Task_init          0x0001faab    0x38  Code  Gb  osal_event.o [1]
osal_add_Task           0x0001fae3    0x8a  Code  Gb  osal_event.o [1]
osal_init_TaskHead      0x0001fa35    0x76  Code  Gb  osal_event.o [1]
osal_init_system        0x0001ed05     0xe  Code  Gb  osal.o [1]
osal_set_event          0x0001ecc9    0x3c  Code  Gb  osal.o [1]
osal_start_timerEx      0x0001d133    0xbc  Code  Gb  osal_timer.o [1]
osal_start_timerRl      0x0001d1ef    0xc4  Code  Gb  osal_timer.o [1]
osal_system_clock       0x10007208     0x4  Data  Gb  osal_timer.o [1]
osal_timer_activate     0x0001d11f    0x12  Code  Gb  osal_timer.o [1]
osal_timer_hw_setup     0x0001d131     0x2  Code  Gb  osal_timer.o [1]
printfcom0              0x0001fbd1    0x2e  Code  Gb  debug_frmwrk.o [1]
sCtrl                   0x2007c358   0x714  Data  Gb  xmain.o [1]
sd_crc16_table          0x0001fea4   0x200  Data  Gb  CrcCheck.o [1]
set_OpenDrainMode       0x0001d4fd    0x34  Code  Lc  lpc17xx_pinsel.o [1]
set_PinFunc             0x0001d46d    0x48  Code  Lc  lpc17xx_pinsel.o [1]
set_ResistorMode        0x0001d4b5    0x48  Code  Lc  lpc17xx_pinsel.o [1]
skip_atoi               0x000101ab    0x28  Code  Lc  sprintf.o [1]
stcModelSempleTostcModelComplex
                        0x0001ef5b    0x5c  Code  Gb  DealOilBox.o [1]
stcModelTostcModelComplex
                        0x0001ef11    0x4a  Code  Gb  DealOilBox.o [1]
strchr                  0x0001191d          Code  Gb  strchr.o [5]
strlen                  0x00011799          Code  Gb  strlen.o [5]
strncmp                 0x00011837    0x28  Code  Gb  strncmp.o [3]
time0_over_Sem          0x10006fac    0x28  Data  Gb  bsp_lpc_timer.o [1]
time1_over_Sem          0x10006fd4    0x28  Data  Gb  bsp_lpc_timer.o [1]
time2_over_Sem          0x10006ffc    0x28  Data  Gb  bsp_lpc_timer.o [1]
timerActive             0x1000726f     0x1  Data  Gb  osal_timer.o [1]
timerHead               0x10007204     0x4  Data  Gb  osal_timer.o [1]
uart_set_divisors       0x0001b9d1   0x208  Code  Lc  lpc17xx_uart.o [1]
upper_digits            0x2007c34c     0x4  Data  Lc  sprintf.o [1]
uprintf                 0x00011271    0x2c  Code  Gb  sprintf.o [1]
vsprintf                0x0001fc05    0x2c  Code  Gb  vsprintf.o [3]


[1] = F:\iar\NC136B-310统计模块\Software\EvalBoards\NXP\LPC1768-SK\uCOS-III\IAR\FLASH\Obj
[2] = command line
[3] = dl7M_tln.a
[4] = m7M_tl.a
[5] = rt7M_tl.a
[6] = shb_l.a

  68 588 bytes of readonly  code memory
   2 769 bytes of readonly  data memory
  44 616 bytes of readwrite data memory

Errors: none
Warnings: none
