###############################################################################
#
# IAR ELF Linker V7.50.1.10123/W32 for ARM                26/Sep/2017  15:46:28
# Copyright 2007-2015 IAR Systems AB.
#
#    Output file  =  
#        F:\iar\NC136B-310统计模块\Software\EvalBoards\NXP\LPC1768-SK\uCOS-III\IAR\FLASH\Exe\uCOS-III-TCPIP-V2.out.tmp
#    Map file     =  
#        F:\iar\NC136B-310统计模块\Software\EvalBoards\NXP\LPC1768-SK\uCOS-III\IAR\FLASH\List\uCOS-III-TCPIP-V2.map
#    Command line =  
#        F:\iar\NC136B-310统计模块\Software\EvalBoards\NXP\LPC1768-SK\uCOS-III\IAR\FLASH\Obj\ADC.o
#        F:\iar\NC136B-310统计模块\Software\EvalBoards\NXP\LPC1768-SK\uCOS-III\IAR\FLASH\Obj\app.o
#        F:\iar\NC136B-310统计模块\Software\EvalBoards\NXP\LPC1768-SK\uCOS-III\IAR\FLASH\Obj\app_comm_dtu.o
#        F:\iar\NC136B-310统计模块\Software\EvalBoards\NXP\LPC1768-SK\uCOS-III\IAR\FLASH\Obj\app_comm_dtu_otr_deal.o
#        F:\iar\NC136B-310统计模块\Software\EvalBoards\NXP\LPC1768-SK\uCOS-III\IAR\FLASH\Obj\app_comm_mtr.o
#        F:\iar\NC136B-310统计模块\Software\EvalBoards\NXP\LPC1768-SK\uCOS-III\IAR\FLASH\Obj\app_comm_otr.o
#        F:\iar\NC136B-310统计模块\Software\EvalBoards\NXP\LPC1768-SK\uCOS-III\IAR\FLASH\Obj\app_comm_protocol.o
#        F:\iar\NC136B-310统计模块\Software\EvalBoards\NXP\LPC1768-SK\uCOS-III\IAR\FLASH\Obj\app_comm_tax.o
#        F:\iar\NC136B-310统计模块\Software\EvalBoards\NXP\LPC1768-SK\uCOS-III\IAR\FLASH\Obj\app_hooks.o
#        F:\iar\NC136B-310统计模块\Software\EvalBoards\NXP\LPC1768-SK\uCOS-III\IAR\FLASH\Obj\app_lib.o
#        F:\iar\NC136B-310统计模块\Software\EvalBoards\NXP\LPC1768-SK\uCOS-III\IAR\FLASH\Obj\app_task_comm.o
#        F:\iar\NC136B-310统计模块\Software\EvalBoards\NXP\LPC1768-SK\uCOS-III\IAR\FLASH\Obj\app_task_osal.o
#        F:\iar\NC136B-310统计模块\Software\EvalBoards\NXP\LPC1768-SK\uCOS-III\IAR\FLASH\Obj\APP_task_osal_Calc.o
#        F:\iar\NC136B-310统计模块\Software\EvalBoards\NXP\LPC1768-SK\uCOS-III\IAR\FLASH\Obj\app_task_osal_disp.o
#        F:\iar\NC136B-310统计模块\Software\EvalBoards\NXP\LPC1768-SK\uCOS-III\IAR\FLASH\Obj\app_task_osal_led.o
#        F:\iar\NC136B-310统计模块\Software\EvalBoards\NXP\LPC1768-SK\uCOS-III\IAR\FLASH\Obj\app_task_osal_speed.o
#        F:\iar\NC136B-310统计模块\Software\EvalBoards\NXP\LPC1768-SK\uCOS-III\IAR\FLASH\Obj\APP_task_osal_store.o
#        F:\iar\NC136B-310统计模块\Software\EvalBoards\NXP\LPC1768-SK\uCOS-III\IAR\FLASH\Obj\app_task_osal_tmr.o
#        F:\iar\NC136B-310统计模块\Software\EvalBoards\NXP\LPC1768-SK\uCOS-III\IAR\FLASH\Obj\app_tax.o
#        F:\iar\NC136B-310统计模块\Software\EvalBoards\NXP\LPC1768-SK\uCOS-III\IAR\FLASH\Obj\bsp.o
#        F:\iar\NC136B-310统计模块\Software\EvalBoards\NXP\LPC1768-SK\uCOS-III\IAR\FLASH\Obj\bsp_FRAM.o
#        F:\iar\NC136B-310统计模块\Software\EvalBoards\NXP\LPC1768-SK\uCOS-III\IAR\FLASH\Obj\bsp_gpio.o
#        F:\iar\NC136B-310统计模块\Software\EvalBoards\NXP\LPC1768-SK\uCOS-III\IAR\FLASH\Obj\bsp_hal.o
#        F:\iar\NC136B-310统计模块\Software\EvalBoards\NXP\LPC1768-SK\uCOS-III\IAR\FLASH\Obj\bsp_IIC.o
#        F:\iar\NC136B-310统计模块\Software\EvalBoards\NXP\LPC1768-SK\uCOS-III\IAR\FLASH\Obj\bsp_lpc_timer.o
#        F:\iar\NC136B-310统计模块\Software\EvalBoards\NXP\LPC1768-SK\uCOS-III\IAR\FLASH\Obj\bsp_max7219.o
#        F:\iar\NC136B-310统计模块\Software\EvalBoards\NXP\LPC1768-SK\uCOS-III\IAR\FLASH\Obj\bsp_os.o
#        F:\iar\NC136B-310统计模块\Software\EvalBoards\NXP\LPC1768-SK\uCOS-III\IAR\FLASH\Obj\bsp_timer.o
#        F:\iar\NC136B-310统计模块\Software\EvalBoards\NXP\LPC1768-SK\uCOS-III\IAR\FLASH\Obj\Card.o
#        F:\iar\NC136B-310统计模块\Software\EvalBoards\NXP\LPC1768-SK\uCOS-III\IAR\FLASH\Obj\CardTest.o
#        F:\iar\NC136B-310统计模块\Software\EvalBoards\NXP\LPC1768-SK\uCOS-III\IAR\FLASH\Obj\cnsccomdeal.o
#        F:\iar\NC136B-310统计模块\Software\EvalBoards\NXP\LPC1768-SK\uCOS-III\IAR\FLASH\Obj\cnscpackdeal.o
#        F:\iar\NC136B-310统计模块\Software\EvalBoards\NXP\LPC1768-SK\uCOS-III\IAR\FLASH\Obj\cpu_a.o
#        F:\iar\NC136B-310统计模块\Software\EvalBoards\NXP\LPC1768-SK\uCOS-III\IAR\FLASH\Obj\cpu_c.o
#        F:\iar\NC136B-310统计模块\Software\EvalBoards\NXP\LPC1768-SK\uCOS-III\IAR\FLASH\Obj\cpu_core.o
#        F:\iar\NC136B-310统计模块\Software\EvalBoards\NXP\LPC1768-SK\uCOS-III\IAR\FLASH\Obj\CrcCheck.o
#        F:\iar\NC136B-310统计模块\Software\EvalBoards\NXP\LPC1768-SK\uCOS-III\IAR\FLASH\Obj\csnc_package_deal.o
#        F:\iar\NC136B-310统计模块\Software\EvalBoards\NXP\LPC1768-SK\uCOS-III\IAR\FLASH\Obj\csnr.o
#        F:\iar\NC136B-310统计模块\Software\EvalBoards\NXP\LPC1768-SK\uCOS-III\IAR\FLASH\Obj\csp.o
#        F:\iar\NC136B-310统计模块\Software\EvalBoards\NXP\LPC1768-SK\uCOS-III\IAR\FLASH\Obj\csp_gpio.o
#        F:\iar\NC136B-310统计模块\Software\EvalBoards\NXP\LPC1768-SK\uCOS-III\IAR\FLASH\Obj\csp_int.o
#        F:\iar\NC136B-310统计模块\Software\EvalBoards\NXP\LPC1768-SK\uCOS-III\IAR\FLASH\Obj\csp_pm.o
#        F:\iar\NC136B-310统计模块\Software\EvalBoards\NXP\LPC1768-SK\uCOS-III\IAR\FLASH\Obj\csp_tmr.o
#        F:\iar\NC136B-310统计模块\Software\EvalBoards\NXP\LPC1768-SK\uCOS-III\IAR\FLASH\Obj\cstartup.o
#        F:\iar\NC136B-310统计模块\Software\EvalBoards\NXP\LPC1768-SK\uCOS-III\IAR\FLASH\Obj\DataCard.o
#        F:\iar\NC136B-310统计模块\Software\EvalBoards\NXP\LPC1768-SK\uCOS-III\IAR\FLASH\Obj\DealOilBox.o
#        F:\iar\NC136B-310统计模块\Software\EvalBoards\NXP\LPC1768-SK\uCOS-III\IAR\FLASH\Obj\debug_frmwrk.o
#        F:\iar\NC136B-310统计模块\Software\EvalBoards\NXP\LPC1768-SK\uCOS-III\IAR\FLASH\Obj\DipComOperate.o
#        F:\iar\NC136B-310统计模块\Software\EvalBoards\NXP\LPC1768-SK\uCOS-III\IAR\FLASH\Obj\Display.o
#        F:\iar\NC136B-310统计模块\Software\EvalBoards\NXP\LPC1768-SK\uCOS-III\IAR\FLASH\Obj\DS3231.o
#        F:\iar\NC136B-310统计模块\Software\EvalBoards\NXP\LPC1768-SK\uCOS-III\IAR\FLASH\Obj\EquimentCom.o
#        F:\iar\NC136B-310统计模块\Software\EvalBoards\NXP\LPC1768-SK\uCOS-III\IAR\FLASH\Obj\EquimentOperate.o
#        F:\iar\NC136B-310统计模块\Software\EvalBoards\NXP\LPC1768-SK\uCOS-III\IAR\FLASH\Obj\FIFO.o
#        F:\iar\NC136B-310统计模块\Software\EvalBoards\NXP\LPC1768-SK\uCOS-III\IAR\FLASH\Obj\GetDipPrs.o
#        F:\iar\NC136B-310统计模块\Software\EvalBoards\NXP\LPC1768-SK\uCOS-III\IAR\FLASH\Obj\GlobePara.o
#        F:\iar\NC136B-310统计模块\Software\EvalBoards\NXP\LPC1768-SK\uCOS-III\IAR\FLASH\Obj\IAP_program_mcu.o
#        F:\iar\NC136B-310统计模块\Software\EvalBoards\NXP\LPC1768-SK\uCOS-III\IAR\FLASH\Obj\Led.o
#        F:\iar\NC136B-310统计模块\Software\EvalBoards\NXP\LPC1768-SK\uCOS-III\IAR\FLASH\Obj\lib_ascii.o
#        F:\iar\NC136B-310统计模块\Software\EvalBoards\NXP\LPC1768-SK\uCOS-III\IAR\FLASH\Obj\lib_math.o
#        F:\iar\NC136B-310统计模块\Software\EvalBoards\NXP\LPC1768-SK\uCOS-III\IAR\FLASH\Obj\lib_mem.o
#        F:\iar\NC136B-310统计模块\Software\EvalBoards\NXP\LPC1768-SK\uCOS-III\IAR\FLASH\Obj\lib_mem_a.o
#        F:\iar\NC136B-310统计模块\Software\EvalBoards\NXP\LPC1768-SK\uCOS-III\IAR\FLASH\Obj\lib_str.o
#        F:\iar\NC136B-310统计模块\Software\EvalBoards\NXP\LPC1768-SK\uCOS-III\IAR\FLASH\Obj\locoworksta.o
#        F:\iar\NC136B-310统计模块\Software\EvalBoards\NXP\LPC1768-SK\uCOS-III\IAR\FLASH\Obj\lpc17xx_adc.o
#        F:\iar\NC136B-310统计模块\Software\EvalBoards\NXP\LPC1768-SK\uCOS-III\IAR\FLASH\Obj\lpc17xx_can.o
#        F:\iar\NC136B-310统计模块\Software\EvalBoards\NXP\LPC1768-SK\uCOS-III\IAR\FLASH\Obj\lpc17xx_clkpwr.o
#        F:\iar\NC136B-310统计模块\Software\EvalBoards\NXP\LPC1768-SK\uCOS-III\IAR\FLASH\Obj\lpc17xx_dac.o
#        F:\iar\NC136B-310统计模块\Software\EvalBoards\NXP\LPC1768-SK\uCOS-III\IAR\FLASH\Obj\lpc17xx_emac.o
#        F:\iar\NC136B-310统计模块\Software\EvalBoards\NXP\LPC1768-SK\uCOS-III\IAR\FLASH\Obj\lpc17xx_exti.o
#        F:\iar\NC136B-310统计模块\Software\EvalBoards\NXP\LPC1768-SK\uCOS-III\IAR\FLASH\Obj\lpc17xx_gpdma.o
#        F:\iar\NC136B-310统计模块\Software\EvalBoards\NXP\LPC1768-SK\uCOS-III\IAR\FLASH\Obj\lpc17xx_gpio.o
#        F:\iar\NC136B-310统计模块\Software\EvalBoards\NXP\LPC1768-SK\uCOS-III\IAR\FLASH\Obj\lpc17xx_i2c.o
#        F:\iar\NC136B-310统计模块\Software\EvalBoards\NXP\LPC1768-SK\uCOS-III\IAR\FLASH\Obj\lpc17xx_i2s.o
#        F:\iar\NC136B-310统计模块\Software\EvalBoards\NXP\LPC1768-SK\uCOS-III\IAR\FLASH\Obj\lpc17xx_iap.o
#        F:\iar\NC136B-310统计模块\Software\EvalBoards\NXP\LPC1768-SK\uCOS-III\IAR\FLASH\Obj\lpc17xx_libcfg_default.o
#        F:\iar\NC136B-310统计模块\Software\EvalBoards\NXP\LPC1768-SK\uCOS-III\IAR\FLASH\Obj\lpc17xx_mcpwm.o
#        F:\iar\NC136B-310统计模块\Software\EvalBoards\NXP\LPC1768-SK\uCOS-III\IAR\FLASH\Obj\lpc17xx_nvic.o
#        F:\iar\NC136B-310统计模块\Software\EvalBoards\NXP\LPC1768-SK\uCOS-III\IAR\FLASH\Obj\lpc17xx_pinsel.o
#        F:\iar\NC136B-310统计模块\Software\EvalBoards\NXP\LPC1768-SK\uCOS-III\IAR\FLASH\Obj\lpc17xx_pwm.o
#        F:\iar\NC136B-310统计模块\Software\EvalBoards\NXP\LPC1768-SK\uCOS-III\IAR\FLASH\Obj\lpc17xx_qei.o
#        F:\iar\NC136B-310统计模块\Software\EvalBoards\NXP\LPC1768-SK\uCOS-III\IAR\FLASH\Obj\lpc17xx_rit.o
#        F:\iar\NC136B-310统计模块\Software\EvalBoards\NXP\LPC1768-SK\uCOS-III\IAR\FLASH\Obj\lpc17xx_rtc.o
#        F:\iar\NC136B-310统计模块\Software\EvalBoards\NXP\LPC1768-SK\uCOS-III\IAR\FLASH\Obj\lpc17xx_spi.o
#        F:\iar\NC136B-310统计模块\Software\EvalBoards\NXP\LPC1768-SK\uCOS-III\IAR\FLASH\Obj\lpc17xx_ssp.o
#        F:\iar\NC136B-310统计模块\Software\EvalBoards\NXP\LPC1768-SK\uCOS-III\IAR\FLASH\Obj\lpc17xx_systick.o
#        F:\iar\NC136B-310统计模块\Software\EvalBoards\NXP\LPC1768-SK\uCOS-III\IAR\FLASH\Obj\lpc17xx_timer.o
#        F:\iar\NC136B-310统计模块\Software\EvalBoards\NXP\LPC1768-SK\uCOS-III\IAR\FLASH\Obj\lpc17xx_uart.o
#        F:\iar\NC136B-310统计模块\Software\EvalBoards\NXP\LPC1768-SK\uCOS-III\IAR\FLASH\Obj\lpc17xx_wdt.o
#        F:\iar\NC136B-310统计模块\Software\EvalBoards\NXP\LPC1768-SK\uCOS-III\IAR\FLASH\Obj\MB.o
#        F:\iar\NC136B-310统计模块\Software\EvalBoards\NXP\LPC1768-SK\uCOS-III\IAR\FLASH\Obj\MB_AES.o
#        F:\iar\NC136B-310统计模块\Software\EvalBoards\NXP\LPC1768-SK\uCOS-III\IAR\FLASH\Obj\mb_app_hooks.o
#        F:\iar\NC136B-310统计模块\Software\EvalBoards\NXP\LPC1768-SK\uCOS-III\IAR\FLASH\Obj\MB_BSP.o
#        F:\iar\NC136B-310统计模块\Software\EvalBoards\NXP\LPC1768-SK\uCOS-III\IAR\FLASH\Obj\MB_DATA.o
#        F:\iar\NC136B-310统计模块\Software\EvalBoards\NXP\LPC1768-SK\uCOS-III\IAR\FLASH\Obj\MB_OS.o
#        F:\iar\NC136B-310统计模块\Software\EvalBoards\NXP\LPC1768-SK\uCOS-III\IAR\FLASH\Obj\MB_UTIL.o
#        F:\iar\NC136B-310统计模块\Software\EvalBoards\NXP\LPC1768-SK\uCOS-III\IAR\FLASH\Obj\MBM_CORE.o
#        F:\iar\NC136B-310统计模块\Software\EvalBoards\NXP\LPC1768-SK\uCOS-III\IAR\FLASH\Obj\MBS_CORE.o
#        F:\iar\NC136B-310统计模块\Software\EvalBoards\NXP\LPC1768-SK\uCOS-III\IAR\FLASH\Obj\mstcsspeed.o
#        F:\iar\NC136B-310统计模块\Software\EvalBoards\NXP\LPC1768-SK\uCOS-III\IAR\FLASH\Obj\MX25L1602Drv.o
#        F:\iar\NC136B-310统计模块\Software\EvalBoards\NXP\LPC1768-SK\uCOS-III\IAR\FLASH\Obj\OperateCard.o
#        F:\iar\NC136B-310统计模块\Software\EvalBoards\NXP\LPC1768-SK\uCOS-III\IAR\FLASH\Obj\os_app_hooks.o
#        F:\iar\NC136B-310统计模块\Software\EvalBoards\NXP\LPC1768-SK\uCOS-III\IAR\FLASH\Obj\os_cfg_app.o
#        F:\iar\NC136B-310统计模块\Software\EvalBoards\NXP\LPC1768-SK\uCOS-III\IAR\FLASH\Obj\os_core.o
#        F:\iar\NC136B-310统计模块\Software\EvalBoards\NXP\LPC1768-SK\uCOS-III\IAR\FLASH\Obj\os_cpu_a.o
#        F:\iar\NC136B-310统计模块\Software\EvalBoards\NXP\LPC1768-SK\uCOS-III\IAR\FLASH\Obj\os_cpu_c.o
#        F:\iar\NC136B-310统计模块\Software\EvalBoards\NXP\LPC1768-SK\uCOS-III\IAR\FLASH\Obj\os_csp.o
#        F:\iar\NC136B-310统计模块\Software\EvalBoards\NXP\LPC1768-SK\uCOS-III\IAR\FLASH\Obj\os_dbg.o
#        F:\iar\NC136B-310统计模块\Software\EvalBoards\NXP\LPC1768-SK\uCOS-III\IAR\FLASH\Obj\os_flag.o
#        F:\iar\NC136B-310统计模块\Software\EvalBoards\NXP\LPC1768-SK\uCOS-III\IAR\FLASH\Obj\os_int.o
#        F:\iar\NC136B-310统计模块\Software\EvalBoards\NXP\LPC1768-SK\uCOS-III\IAR\FLASH\Obj\os_mem.o
#        F:\iar\NC136B-310统计模块\Software\EvalBoards\NXP\LPC1768-SK\uCOS-III\IAR\FLASH\Obj\os_msg.o
#        F:\iar\NC136B-310统计模块\Software\EvalBoards\NXP\LPC1768-SK\uCOS-III\IAR\FLASH\Obj\os_mutex.o
#        F:\iar\NC136B-310统计模块\Software\EvalBoards\NXP\LPC1768-SK\uCOS-III\IAR\FLASH\Obj\os_pend_multi.o
#        F:\iar\NC136B-310统计模块\Software\EvalBoards\NXP\LPC1768-SK\uCOS-III\IAR\FLASH\Obj\os_prio.o
#        F:\iar\NC136B-310统计模块\Software\EvalBoards\NXP\LPC1768-SK\uCOS-III\IAR\FLASH\Obj\os_q.o
#        F:\iar\NC136B-310统计模块\Software\EvalBoards\NXP\LPC1768-SK\uCOS-III\IAR\FLASH\Obj\os_sem.o
#        F:\iar\NC136B-310统计模块\Software\EvalBoards\NXP\LPC1768-SK\uCOS-III\IAR\FLASH\Obj\os_stat.o
#        F:\iar\NC136B-310统计模块\Software\EvalBoards\NXP\LPC1768-SK\uCOS-III\IAR\FLASH\Obj\os_task.o
#        F:\iar\NC136B-310统计模块\Software\EvalBoards\NXP\LPC1768-SK\uCOS-III\IAR\FLASH\Obj\os_tick.o
#        F:\iar\NC136B-310统计模块\Software\EvalBoards\NXP\LPC1768-SK\uCOS-III\IAR\FLASH\Obj\os_time.o
#        F:\iar\NC136B-310统计模块\Software\EvalBoards\NXP\LPC1768-SK\uCOS-III\IAR\FLASH\Obj\os_tmr.o
#        F:\iar\NC136B-310统计模块\Software\EvalBoards\NXP\LPC1768-SK\uCOS-III\IAR\FLASH\Obj\os_var.o
#        F:\iar\NC136B-310统计模块\Software\EvalBoards\NXP\LPC1768-SK\uCOS-III\IAR\FLASH\Obj\osal.o
#        F:\iar\NC136B-310统计模块\Software\EvalBoards\NXP\LPC1768-SK\uCOS-III\IAR\FLASH\Obj\osal_event.o
#        F:\iar\NC136B-310统计模块\Software\EvalBoards\NXP\LPC1768-SK\uCOS-III\IAR\FLASH\Obj\osal_memory.o
#        F:\iar\NC136B-310统计模块\Software\EvalBoards\NXP\LPC1768-SK\uCOS-III\IAR\FLASH\Obj\osal_timer.o
#        F:\iar\NC136B-310统计模块\Software\EvalBoards\NXP\LPC1768-SK\uCOS-III\IAR\FLASH\Obj\ParaCard.o
#        F:\iar\NC136B-310统计模块\Software\EvalBoards\NXP\LPC1768-SK\uCOS-III\IAR\FLASH\Obj\power.o
#        F:\iar\NC136B-310统计模块\Software\EvalBoards\NXP\LPC1768-SK\uCOS-III\IAR\FLASH\Obj\RecModel.o
#        F:\iar\NC136B-310统计模块\Software\EvalBoards\NXP\LPC1768-SK\uCOS-III\IAR\FLASH\Obj\SoftSpi_17xx.o
#        F:\iar\NC136B-310统计模块\Software\EvalBoards\NXP\LPC1768-SK\uCOS-III\IAR\FLASH\Obj\speed1.o
#        F:\iar\NC136B-310统计模块\Software\EvalBoards\NXP\LPC1768-SK\uCOS-III\IAR\FLASH\Obj\speed2.o
#        F:\iar\NC136B-310统计模块\Software\EvalBoards\NXP\LPC1768-SK\uCOS-III\IAR\FLASH\Obj\sprintf.o
#        F:\iar\NC136B-310统计模块\Software\EvalBoards\NXP\LPC1768-SK\uCOS-III\IAR\FLASH\Obj\system_LPC17xx.o
#        F:\iar\NC136B-310统计模块\Software\EvalBoards\NXP\LPC1768-SK\uCOS-III\IAR\FLASH\Obj\tmp.o
#        F:\iar\NC136B-310统计模块\Software\EvalBoards\NXP\LPC1768-SK\uCOS-III\IAR\FLASH\Obj\WatchDog.o
#        F:\iar\NC136B-310统计模块\Software\EvalBoards\NXP\LPC1768-SK\uCOS-III\IAR\FLASH\Obj\xapp.o
#        F:\iar\NC136B-310统计模块\Software\EvalBoards\NXP\LPC1768-SK\uCOS-III\IAR\FLASH\Obj\xmain.o
#        -o
#        F:\iar\NC136B-310统计模块\Software\EvalBoards\NXP\LPC1768-SK\uCOS-III\IAR\FLASH\Exe\uCOS-III-TCPIP-V2.out.tmp
#        --map
#        F:\iar\NC136B-310统计模块\Software\EvalBoards\NXP\LPC1768-SK\uCOS-III\IAR\FLASH\List\uCOS-III-TCPIP-V2.map
#        --log initialization,modules,sections,veneers --log_file
#        F:\iar\NC136B-310统计模块\Software\EvalBoards\NXP\LPC1768-SK\uCOS-III\IAR\FLASH\List\uCOS-III-TCPIP-V2.log
#        --config
#        F:\embedsoft\Micrium_LPC1768-SK_uCOS-III\Software\EvalBoards\NXP\LPC1768-SK\BSP\IAR\LPC1768_FLASH512K_SRAM32K.icf
#        --semihosting --entry __iar_program_start --vfe
#
###############################################################################

*******************************************************************************
*** RUNTIME MODEL ATTRIBUTES
***

CppFlavor       = *
__SystemLibrary = DLib


*******************************************************************************
*** PLACEMENT SUMMARY
***

"A1":  place at 0x00000000 { ro section .intvec };
"P1":  place in [from 0x00000000 to 0x0007ffff] { ro };
"P2":  place in [from         0x10000000
                 to           0x10007fff
                 repeat       2
                 displacement 0x1007c000] { rw, block CSTACK, block HEAP };

  Section            Kind        Address     Size  Object
  -------            ----        -------     ----  ------
"A1":                                        0xcc
  .intvec            const    0x00000000     0xcc  cstartup.o [1]
                            - 0x000000cc     0xcc

"P1":                                     0x11f81
  .text              ro code  0x000000cc   0x11d0  sprintf.o [1]
  .text              ro code  0x0000129c     0x2e  DblCmpLe.o [4]
  .text              ro code  0x000012ca      0xa  xsprout.o [3]
  .text              ro code  0x000012d4     0x2e  DblCmpGe.o [4]
  .rodata            const    0x00001302      0x2  os_cfg_app.o [1]
  .text              ro code  0x00001304    0x1a2  DblMul.o [4]
  .rodata            const    0x000014a6      0x2  os_cfg_app.o [1]
  .text              ro code  0x000014a8     0xe8  DblAdd.o [4]
  .text              ro code  0x00001590     0x58  DblToI32.o [4]
  .text              ro code  0x000015e8     0x30  I32ToDbl.o [4]
  .text              ro code  0x00001618    0x180  DblSub.o [4]
  .text              ro code  0x00001798     0x36  strlen.o [5]
  .rodata            const    0x000017ce      0x2  os_cfg_app.o [1]
  .text              ro code  0x000017d0     0x66  ABImemset.o [5]
  .text              ro code  0x00001836     0x28  strncmp.o [3]
  .rodata            const    0x0000185e      0x2  os_cfg_app.o [1]
  .text              ro code  0x00001860     0x76  ABImemcpy_unaligned.o [5]
  .rodata            const    0x000018d6      0x2  os_dbg.o [1]
  .text              ro code  0x000018d8     0x42  strcmp_unaligned.o [5]
  .rodata            const    0x0000191a      0x2  os_dbg.o [1]
  .text              ro code  0x0000191c     0x16  strchr.o [5]
  .rodata            const    0x00001932      0x2  os_dbg.o [1]
  .text              ro code  0x00001934    0x374  bsp_max7219.o [1]
  .text              ro code  0x00001ca8    0x4a4  csp_gpio.o [1]
  .text              ro code  0x0000214c     0x16  app_lib.o [1]
  .rodata            const    0x00002162      0x2  os_dbg.o [1]
  CODE               ro code  0x00002164     0x34  cpu_a.o [1]
  .text              ro code  0x00002198    0x1e4  cpu_core.o [1]
  .text              ro code  0x0000237c     0xfc  lib_mem.o [1]
  .text              ro code  0x00002478    0x658  bsp.o [1]
  .text              ro code  0x00002ad0    0x184  csp_int.o [1]
  .text              ro code  0x00002c54     0x94  csp_pm.o [1]
  .text              ro code  0x00002ce8    0x244  os_cpu_c.o [1]
  .text              ro code  0x00002f2c    0x1e4  cpu_c.o [1]
  .text              ro code  0x00003110     0x6e  csp.o [1]
  .rodata            const    0x0000317e      0x2  os_dbg.o [1]
  .text              ro code  0x00003180    0x330  os_time.o [1]
  .text              ro code  0x000034b0    0xbea  os_core.o [1]
  .rodata            const    0x0000409a      0x2  os_dbg.o [1]
  .text              ro code  0x0000409c    0x584  os_tick.o [1]
  .text              ro code  0x00004620    0x464  os_int.o [1]
  .text              ro code  0x00004a84     0xa0  os_prio.o [1]
  .text              ro code  0x00004b24    0x9b6  os_flag.o [1]
  .rodata            const    0x000054da      0x2  os_dbg.o [1]
  .text              ro code  0x000054dc     0x1c  os_mem.o [1]
  .text              ro code  0x000054f8    0x25c  os_msg.o [1]
  .text              ro code  0x00005754     0x1c  os_mutex.o [1]
  .text              ro code  0x00005770    0x4d8  os_q.o [1]
  .text              ro code  0x00005c48    0x444  os_sem.o [1]
  .text              ro code  0x0000608c    0xf98  os_task.o [1]
  .text              ro code  0x00007024    0x58c  os_stat.o [1]
  .text              ro code  0x000075b0    0x344  os_tmr.o [1]
  .text              ro code  0x000078f4    0x23c  os_dbg.o [1]
  .text              ro code  0x00007b30     0xf8  os_cfg_app.o [1]
  CODE               ro code  0x00007c28     0x84  os_cpu_a.o [1]
  .text              ro code  0x00007cac    0xdae  xprintffull_nomb.o [3]
  .rodata            const    0x00008a5a      0x2  os_dbg.o [1]
  .text              ro code  0x00008a5c     0x58  memchr.o [5]
  .text              ro code  0x00008ab4     0xee  I64DivMod.o [5]
  .text              ro code  0x00008ba2     0x42  xdnorm.o [4]
  .text              ro code  0x00008be4    0x10c  xdscale.o [4]
  .text              ro code  0x00008cf0    0x256  DblDiv.o [4]
  .text              ro code  0x00008f46      0xe  div.o [3]
  .text              ro code  0x00008f54      0x2  I64DivZer.o [5]
  .rodata            const    0x00008f56      0x2  os_dbg.o [1]
  .text              ro code  0x00008f58    0xce0  MBS_CORE.o [1]
  .text              ro code  0x00009c38    0x1e4  MB_DATA.o [1]
  .text              ro code  0x00009e1c    0x116  mb_app_hooks.o [1]
  .rodata            const    0x00009f32      0x2  os_dbg.o [1]
  .text              ro code  0x00009f34    0x1c8  app_tax.o [1]
  .text              ro code  0x0000a0fc    0x424  MB.o [1]
  .text              ro code  0x0000a520    0x7b8  app_task_comm.o [1]
  .text              ro code  0x0000acd8     0xa8  MB_UTIL.o [1]
  .text              ro code  0x0000ad80    0x4c0  MB_BSP.o [1]
  .text              ro code  0x0000b240    0x360  osal_timer.o [1]
  .text              ro code  0x0000b5a0     0x82  CrcCheck.o [1]
  .rodata            const    0x0000b622      0x2  os_dbg.o [1]
  .text              ro code  0x0000b624     0xfc  MB_OS.o [1]
  .text              ro code  0x0000b720    0x250  app_comm_mtr.o [1]
  .text              ro code  0x0000b970    0x1ec  app_comm_dtu.o [1]
  .text              ro code  0x0000bb5c    0x1c4  app_comm_otr.o [1]
  .text              ro code  0x0000bd20     0x74  app_comm_tax.o [1]
  .text              ro code  0x0000bd94    0x1f2  csnc_package_deal.o [1]
  .rodata            const    0x0000bf86      0x2  os_dbg.o [1]
  .text              ro code  0x0000bf88    0x120  bsp_gpio.o [1]
  .text              ro code  0x0000c0a8    0x720  lpc17xx_uart.o [1]
  .text              ro code  0x0000c7c8    0x574  lpc17xx_timer.o [1]
  .text              ro code  0x0000cd3c     0x50  osal.o [1]
  .text              ro code  0x0000cd8c     0x84  bsp_os.o [1]
  .text              ro code  0x0000ce10    0x1c4  app_comm_protocol.o [1]
  .text              ro code  0x0000cfd4    0x6d0  app_comm_dtu_otr_deal.o [1]
  .text              ro code  0x0000d6a4    0x3cc  IAP_program_mcu.o [1]
  .text              ro code  0x0000da70     0xbc  lpc17xx_gpio.o [1]
  .text              ro code  0x0000db2c     0xf4  lpc17xx_pinsel.o [1]
  .text              ro code  0x0000dc20     0xf4  lpc17xx_clkpwr.o [1]
  .text              ro code  0x0000dd14      0x2  lpc17xx_libcfg_default.o [1]
  .rodata            const    0x0000dd16      0x2  os_dbg.o [1]
  .text              ro code  0x0000dd18    0x184  osal_event.o [1]
  .text              ro code  0x0000de9c    0x3b2  bsp_FRAM.o [1]
  .rodata            const    0x0000e24e      0x2  os_dbg.o [1]
  .text              ro code  0x0000e250    0x1e4  DS3231.o [1]
  .text              ro code  0x0000e434    0x968  APP_task_osal_Calc.o [1]
  .text              ro code  0x0000ed9c    0x424  app_task_osal_disp.o [1]
  .text              ro code  0x0000f1c0    0x4d8  APP_task_osal_store.o [1]
  .text              ro code  0x0000f698    0x140  lpc17xx_iap.o [1]
  .text              ro code  0x0000f7d8    0x19e  bsp_IIC.o [1]
  .rodata            const    0x0000f976      0x2  os_dbg.o [1]
  .text              ro code  0x0000f978    0x17c  DealOilBox.o [1]
  .text              ro code  0x0000faf4      0x8  abs.o [3]
  .text              ro code  0x0000fafc     0x32  I32ToFlt.o [4]
  .rodata            const    0x0000fb2e      0x2  os_dbg.o [1]
  .text              ro code  0x0000fb30     0x84  FltAdd.o [4]
  .text              ro code  0x0000fbb4     0x1c  FltCmpEq.o [4]
  .text              ro code  0x0000fbd0     0x24  FltCmpGe.o [4]
  .text              ro code  0x0000fbf4     0x24  FltCmpLe.o [4]
  .text              ro code  0x0000fc18     0xe6  FltSub.o [4]
  .rodata            const    0x0000fcfe      0x2  os_dbg.o [1]
  .text              ro code  0x0000fd00     0xd8  FltMul.o [4]
  .text              ro code  0x0000fdd8     0xfc  FltDiv.o [4]
  .text              ro code  0x0000fed4     0x44  FltToS32.o [4]
  .text              ro code  0x0000ff18    0x5ac  MX25L1602Drv.o [1]
  .text              ro code  0x000104c4     0x30  tmp.o [1]
  .text              ro code  0x000104f4     0x16  SoftSpi_17xx.o [1]
  .rodata            const    0x0001050a      0x2  os_dbg.o [1]
  .text              ro code  0x0001050c     0x2e  debug_frmwrk.o [1]
  .rodata            const    0x0001053a      0x2  os_dbg.o [1]
  .text              ro code  0x0001053c      0x2  WatchDog.o [1]
  .rodata            const    0x0001053e      0x2  os_dbg.o [1]
  .text              ro code  0x00010540     0x2c  vsprintf.o [3]
  .text              ro code  0x0001056c    0x268  xmain.o [1]
  .rodata            const    0x000107d4    0x200  CrcCheck.o [1]
  .text              ro code  0x000109d4    0x1c0  app_task_osal_tmr.o [1]
  .text              ro code  0x00010b94    0x1a0  bsp_lpc_timer.o [1]
  .text              ro code  0x00010d34    0x178  speed1.o [1]
  .text              ro code  0x00010eac    0x164  speed2.o [1]
  .text              ro code  0x00011010    0x12c  mstcsspeed.o [1]
  .text              ro code  0x0001113c    0x118  locoworksta.o [1]
  .text              ro code  0x00011254    0x148  app_task_osal.o [1]
  .text              ro code  0x0001139c    0x124  app_task_osal_led.o [1]
  .text              ro code  0x000114c0     0xd8  packbits_init.o [5]
  .text              ro code  0x00011598      0x6  abort.o [3]
  .rodata            const    0x0001159e      0x2  os_dbg.o [1]
  .text              ro code  0x000115a0     0x14  exit.o [6]
  .text              ro code  0x000115b4     0xa0  app.o [1]
  .text              ro code  0x00011654     0x9c  os_app_hooks.o [1]
  .text              ro code  0x000116f0     0x90  app_task_osal_speed.o [1]
  .rodata            const    0x00011780     0x84  bsp_max7219.o [1]
  .rodata            const    0x00011804     0x40  lpc17xx_timer.o [1]
  .rodata            const    0x00011844     0x40  lpc17xx_uart.o [1]
  .text              ro code  0x00011884     0x40  zero_init3.o [5]
  .rodata            const    0x000118c4     0x34  os_dbg.o [1]
  .rodata            const    0x000118f8     0x30  os_dbg.o [1]
  .rodata            const    0x00011928     0x2c  os_dbg.o [1]
  .rodata            const    0x00011954     0x28  os_dbg.o [1]
  .rodata            const    0x0001197c     0x28  os_dbg.o [1]
  .rodata            const    0x000119a4     0x28  sprintf.o [1]
  .rodata            const    0x000119cc     0x28  sprintf.o [1]
  .text              ro code  0x000119f4     0x28  data_init.o [5]
  .text              ro code  0x00011a1c     0x26  os_csp.o [1]
  .iar.init_table    const    0x00011a44     0x34  - Linker created -
  .rodata            const    0x00011a78      0x2  os_dbg.o [1]
  .rodata            const    0x00011a7c     0x20  os_dbg.o [1]
  .rodata            const    0x00011a9c     0x1c  os_int.o [1]
  .text              ro code  0x00011ab8     0x1a  cmain.o [5]
  .text              ro code  0x00011ad2      0x4  low_level_init.o [3]
  .text              ro code  0x00011ad6      0x4  exit.o [3]
  .rodata            const    0x00011ada      0x2  os_dbg.o [1]
  .text              ro code  0x00011adc      0xa  cexit.o [5]
  .rodata            const    0x00011ae6      0x1  os_cfg_app.o [1]
  .rodata            const    0x00011ae7      0x1  os_cfg_app.o [1]
  .rodata            const    0x00011ae8     0x18  MX25L1602Drv.o [1]
  .rodata            const    0x00011b00     0x18  os_tmr.o [1]
  .rodata            const    0x00011b18     0x14  bsp_gpio.o [1]
  .rodata            const    0x00011b2c     0x14  bsp_gpio.o [1]
  .rodata            const    0x00011b40     0x14  bsp_gpio.o [1]
  .rodata            const    0x00011b54     0x14  MB_OS.o [1]
  .rodata            const    0x00011b68     0x14  MB_OS.o [1]
  .rodata            const    0x00011b7c     0x14  os_core.o [1]
  .rodata            const    0x00011b90     0x14  os_stat.o [1]
  .rodata            const    0x00011ba4     0x14  os_tick.o [1]
  .rodata            const    0x00011bb8     0x10  app.o [1]
  .rodata            const    0x00011bc8     0x10  app_comm_dtu_otr_deal.o [1]
  .rodata            const    0x00011bd8     0x10  app_task_comm.o [1]
  .rodata            const    0x00011be8     0x10  app_task_comm.o [1]
  .rodata            const    0x00011bf8     0x10  app_task_osal.o [1]
  .rodata            const    0x00011c08     0x10  app_task_osal_disp.o [1]
  .rodata            const    0x00011c18     0x10  app_task_osal_disp.o [1]
  .rodata            const    0x00011c28     0x10  bsp_lpc_timer.o [1]
  .rodata            const    0x00011c38     0x10  bsp_lpc_timer.o [1]
  .rodata            const    0x00011c48     0x10  bsp_lpc_timer.o [1]
  .rodata            const    0x00011c58     0x10  MB_BSP.o [1]
  .rodata            const    0x00011c68     0x10  MB_OS.o [1]
  .rodata            const    0x00011c78      0xc  app_comm_dtu_otr_deal.o [1]
  .rodata            const    0x00011c84      0xc  app_comm_dtu_otr_deal.o [1]
  .rodata            const    0x00011c90      0xc  app_comm_dtu_otr_deal.o [1]
  .rodata            const    0x00011c9c      0xc  app_task_osal_disp.o [1]
  .rodata            const    0x00011ca8      0xc  os_core.o [1]
  .text              ro code  0x00011cb4      0xc  cstartup.o [1]
  .text              ro code  0x00011cc0      0xc  cstartup_M.o [5]
  .rodata            const    0x00011ccc      0x8  app_comm_dtu_otr_deal.o [1]
  .rodata            const    0x00011cd4      0x8  app_comm_dtu_otr_deal.o [1]
  .rodata            const    0x00011cdc      0x8  app_comm_dtu_otr_deal.o [1]
  .rodata            const    0x00011ce4      0x8  app_comm_dtu_otr_deal.o [1]
  .rodata            const    0x00011cec      0x8  app_comm_dtu_otr_deal.o [1]
  .rodata            const    0x00011cf4      0x8  app_task_osal_disp.o [1]
  .rodata            const    0x00011cfc      0x8  app_task_osal_disp.o [1]
  .rodata            const    0x00011d04      0x8  app_task_osal_disp.o [1]
  .rodata            const    0x00011d0c      0x8  app_task_osal_disp.o [1]
  .rodata            const    0x00011d14      0x8  app_task_osal_disp.o [1]
  .rodata            const    0x00011d1c      0x8  app_task_osal_disp.o [1]
  .rodata            const    0x00011d24      0x8  app_task_osal_disp.o [1]
  .rodata            const    0x00011d2c      0x8  app_task_osal_disp.o [1]
  .rodata            const    0x00011d34      0x8  app_task_osal_disp.o [1]
  .rodata            const    0x00011d3c      0x8  app_task_osal_disp.o [1]
  .rodata            const    0x00011d44      0x8  MB_BSP.o [1]
  .rodata            const    0x00011d4c      0x8  os_core.o [1]
  .rodata            const    0x00011d54      0x8  os_task.o [1]
  .rodata            const    0x00011d5c      0x8  sprintf.o [1]
  .rodata            const    0x00011d64      0x4  os_cfg_app.o [1]
  .rodata            const    0x00011d68      0x4  os_cfg_app.o [1]
  .rodata            const    0x00011d6c      0x4  os_cfg_app.o [1]
  .rodata            const    0x00011d70      0x4  os_cfg_app.o [1]
  .rodata            const    0x00011d74      0x4  os_cfg_app.o [1]
  .rodata            const    0x00011d78      0x4  os_cfg_app.o [1]
  .rodata            const    0x00011d7c      0x4  os_cfg_app.o [1]
  .rodata            const    0x00011d80      0x4  os_cfg_app.o [1]
  .rodata            const    0x00011d84      0x4  os_cfg_app.o [1]
  .rodata            const    0x00011d88      0x4  os_cfg_app.o [1]
  .rodata            const    0x00011d8c      0x4  os_cfg_app.o [1]
  .rodata            const    0x00011d90      0x4  os_cfg_app.o [1]
  .rodata            const    0x00011d94      0x4  os_cfg_app.o [1]
  .rodata            const    0x00011d98      0x4  os_cfg_app.o [1]
  .rodata            const    0x00011d9c      0x4  os_cfg_app.o [1]
  .rodata            const    0x00011da0      0x4  os_cfg_app.o [1]
  .rodata            const    0x00011da4      0x4  os_cfg_app.o [1]
  .rodata            const    0x00011da8      0x4  os_cfg_app.o [1]
  .rodata            const    0x00011dac      0x4  os_cfg_app.o [1]
  .rodata            const    0x00011db0      0x4  os_cfg_app.o [1]
  .rodata            const    0x00011db4      0x4  os_cfg_app.o [1]
  .rodata            const    0x00011db8      0x4  os_cfg_app.o [1]
  .rodata            const    0x00011dbc      0x4  os_cfg_app.o [1]
  .rodata            const    0x00011dc0      0x4  os_cfg_app.o [1]
  .rodata            const    0x00011dc4      0x4  os_cfg_app.o [1]
  .rodata            const    0x00011dc8      0x4  os_cfg_app.o [1]
  .rodata            const    0x00011dcc      0x4  os_cfg_app.o [1]
  .rodata            const    0x00011dd0      0x4  os_cfg_app.o [1]
  .rodata            const    0x00011dd4      0x4  os_cfg_app.o [1]
  .rodata            const    0x00011dd8      0x4  os_cfg_app.o [1]
  .rodata            const    0x00011ddc      0x4  os_cfg_app.o [1]
  .rodata            const    0x00011de0      0x4  os_cfg_app.o [1]
  .rodata            const    0x00011de4      0x4  os_cfg_app.o [1]
  .rodata            const    0x00011de8      0x4  os_cfg_app.o [1]
  .rodata            const    0x00011dec      0x4  os_dbg.o [1]
  .rodata            const    0x00011df0      0x4  os_dbg.o [1]
  .rodata            const    0x00011df4      0x4  os_dbg.o [1]
  .rodata            const    0x00011df8      0x1  os_cfg_app.o [1]
  .rodata            const    0x00011df9      0x1  os_dbg.o [1]
  .rodata            const    0x00011dfa      0x1  os_dbg.o [1]
  .rodata            const    0x00011dfb      0x1  os_dbg.o [1]
  .rodata            const    0x00011dfc      0x1  os_dbg.o [1]
  .rodata            const    0x00011dfd      0x1  os_dbg.o [1]
  .rodata            const    0x00011dfe      0x1  os_dbg.o [1]
  .rodata            const    0x00011dff      0x1  os_dbg.o [1]
  .rodata            const    0x00011e00      0x1  os_dbg.o [1]
  .rodata            const    0x00011e01      0x1  os_dbg.o [1]
  .rodata            const    0x00011e02      0x1  os_dbg.o [1]
  .rodata            const    0x00011e03      0x1  os_dbg.o [1]
  .rodata            const    0x00011e04      0x1  os_dbg.o [1]
  .rodata            const    0x00011e05      0x1  os_dbg.o [1]
  .rodata            const    0x00011e06      0x1  os_dbg.o [1]
  .rodata            const    0x00011e07      0x1  os_dbg.o [1]
  .rodata            const    0x00011e08      0x1  os_dbg.o [1]
  .rodata            const    0x00011e09      0x1  os_dbg.o [1]
  .rodata            const    0x00011e0a      0x1  os_dbg.o [1]
  .rodata            const    0x00011e0b      0x1  os_dbg.o [1]
  .rodata            const    0x00011e0c      0x1  os_dbg.o [1]
  .rodata            const    0x00011e0d      0x1  os_dbg.o [1]
  .rodata            const    0x00011e0e      0x1  os_dbg.o [1]
  .rodata            const    0x00011e0f      0x1  os_dbg.o [1]
  .rodata            const    0x00011e10      0x1  os_dbg.o [1]
  .rodata            const    0x00011e11      0x1  os_dbg.o [1]
  .rodata            const    0x00011e12      0x1  os_dbg.o [1]
  .rodata            const    0x00011e13      0x1  os_dbg.o [1]
  .rodata            const    0x00011e14      0x1  os_dbg.o [1]
  .rodata            const    0x00011e15      0x1  os_dbg.o [1]
  .rodata            const    0x00011e16      0x1  os_dbg.o [1]
  .rodata            const    0x00011e17      0x1  os_dbg.o [1]
  .rodata            const    0x00011e18      0x1  os_dbg.o [1]
  .rodata            const    0x00011e19      0x1  os_dbg.o [1]
  .rodata            const    0x00011e1a      0x1  os_dbg.o [1]
  .rodata            const    0x00011e1b      0x1  os_dbg.o [1]
  .rodata            const    0x00011e1c      0x1  os_dbg.o [1]
  .rodata            const    0x00011e1d      0x1  os_dbg.o [1]
  .rodata            const    0x00011e1e      0x1  os_dbg.o [1]
  .rodata            const    0x00011e1f      0x1  os_dbg.o [1]
  .rodata            const    0x00011e20      0x0  zero_init3.o [5]
  .rodata            const    0x00011e20      0x0  packbits_init.o [5]
  Initializer bytes  const    0x00011e20    0x22d  <for P2 s0>
                            - 0x0001204d  0x11f81

"P2", part 1 of 4:                         0x7408
  .bss               zero     0x10000000   0x3c00  lib_mem.o [1]
  .bss               zero     0x10003c00   0x1c20  os_cfg_app.o [1]
  .bss               zero     0x10005820   0x11a0  MB.o [1]
  .bss               zero     0x100069c0     0xc8  os_var.o [1]
  .bss               zero     0x10006a88     0xc8  os_var.o [1]
  .bss               zero     0x10006b50     0xc8  os_var.o [1]
  .bss               zero     0x10006c18     0xc8  os_var.o [1]
  .bss               zero     0x10006ce0     0xc8  os_var.o [1]
  .bss               zero     0x10006da8     0xa0  MB.o [1]
  .bss               zero     0x10006e48     0xa0  MB.o [1]
  .bss               zero     0x10006ee8     0x80  os_cfg_app.o [1]
  .bss               zero     0x10006f68     0x80  os_cfg_app.o [1]
  .bss               zero     0x10006fe8     0x50  csp_int.o [1]
  .bss               zero     0x10007038     0x48  lib_mem.o [1]
  .bss               zero     0x10007080     0x30  app_task_comm.o [1]
  .bss               zero     0x100070b0     0x30  APP_task_osal_Calc.o [1]
  .bss               zero     0x100070e0     0x30  MB_OS.o [1]
  .bss               zero     0x10007110     0x2c  bsp_max7219.o [1]
  .bss               zero     0x1000713c     0x28  bsp_lpc_timer.o [1]
  .bss               zero     0x10007164     0x28  bsp_lpc_timer.o [1]
  .bss               zero     0x1000718c     0x28  bsp_lpc_timer.o [1]
  .bss               zero     0x100071b4     0x28  osal_event.o [1]
  .bss               zero     0x100071dc     0x28  xmain.o [1]
  .bss               zero     0x10007204     0x18  APP_task_osal_Calc.o [1]
  .bss               zero     0x1000721c     0x18  APP_task_osal_Calc.o [1]
  .bss               zero     0x10007234     0x14  IAP_program_mcu.o [1]
  .bss               zero     0x10007248     0x14  MB_BSP.o [1]
  .bss               zero     0x1000725c     0x10  cpu_core.o [1]
  .bss               zero     0x1000726c      0xc  os_var.o [1]
  .bss               zero     0x10007278      0x8  mstcsspeed.o [1]
  .bss               zero     0x10007280      0x8  os_prio.o [1]
  .bss               zero     0x10007288      0x8  speed1.o [1]
  .bss               zero     0x10007290      0x8  speed2.o [1]
  .bss               zero     0x10007298      0x4  app_comm_dtu_otr_deal.o [1]
  .bss               zero     0x1000729c      0x4  APP_task_osal_Calc.o [1]
  .bss               zero     0x100072a0      0x4  APP_task_osal_Calc.o [1]
  .bss               zero     0x100072a4      0x4  APP_task_osal_Calc.o [1]
  .bss               zero     0x100072a8      0x4  APP_task_osal_Calc.o [1]
  .bss               zero     0x100072ac      0x4  APP_task_osal_Calc.o [1]
  .bss               zero     0x100072b0      0x4  APP_task_osal_Calc.o [1]
  .bss               zero     0x100072b4      0x4  APP_task_osal_Calc.o [1]
  .bss               zero     0x100072b8      0x4  APP_task_osal_Calc.o [1]
  .bss               zero     0x100072bc      0x4  APP_task_osal_Calc.o [1]
  .bss               zero     0x100072c0      0x4  app_task_osal_disp.o [1]
  .bss               zero     0x100072c4      0x4  cpu_core.o [1]
  .bss               zero     0x100072c8      0x4  cpu_core.o [1]
  .bss               zero     0x100072cc      0x4  cpu_core.o [1]
  .bss               zero     0x100072d0      0x4  cpu_core.o [1]
  .bss               zero     0x100072d4      0x4  cpu_core.o [1]
  .bss               zero     0x100072d8      0x4  cpu_core.o [1]
  .bss               zero     0x100072dc      0x4  IAP_program_mcu.o [1]
  .bss               zero     0x100072e0      0x4  lib_mem.o [1]
  .bss               zero     0x100072e4      0x4  MB.o [1]
  .bss               zero     0x100072e8      0x4  mstcsspeed.o [1]
  .bss               zero     0x100072ec      0x4  mstcsspeed.o [1]
  .bss               zero     0x100072f0      0x4  mstcsspeed.o [1]
  .bss               zero     0x100072f4      0x4  mstcsspeed.o [1]
  .bss               zero     0x100072f8      0x4  os_cpu_c.o [1]
  .bss               zero     0x100072fc      0x4  os_var.o [1]
  .bss               zero     0x10007300      0x4  os_var.o [1]
  .bss               zero     0x10007304      0x4  os_var.o [1]
  .bss               zero     0x10007308      0x4  os_var.o [1]
  .bss               zero     0x1000730c      0x4  os_var.o [1]
  .bss               zero     0x10007310      0x4  os_var.o [1]
  .bss               zero     0x10007314      0x4  os_var.o [1]
  .bss               zero     0x10007318      0x4  os_var.o [1]
  .bss               zero     0x1000731c      0x4  os_var.o [1]
  .bss               zero     0x10007320      0x4  os_var.o [1]
  .bss               zero     0x10007324      0x4  os_var.o [1]
  .bss               zero     0x10007328      0x4  os_var.o [1]
  .bss               zero     0x1000732c      0x4  os_var.o [1]
  .bss               zero     0x10007330      0x4  os_var.o [1]
  .bss               zero     0x10007334      0x4  os_var.o [1]
  .bss               zero     0x10007338      0x4  os_var.o [1]
  .bss               zero     0x1000733c      0x4  os_var.o [1]
  .bss               zero     0x10007340      0x4  os_var.o [1]
  .bss               zero     0x10007344      0x4  os_var.o [1]
  .bss               zero     0x10007348      0x4  os_var.o [1]
  .bss               zero     0x1000734c      0x4  os_var.o [1]
  .bss               zero     0x10007350      0x4  os_var.o [1]
  .bss               zero     0x10007354      0x4  os_var.o [1]
  .bss               zero     0x10007358      0x4  os_var.o [1]
  .bss               zero     0x1000735c      0x4  os_var.o [1]
  .bss               zero     0x10007360      0x4  os_var.o [1]
  .bss               zero     0x10007364      0x4  os_var.o [1]
  .bss               zero     0x10007368      0x4  os_var.o [1]
  .bss               zero     0x1000736c      0x4  os_var.o [1]
  .bss               zero     0x10007370      0x4  os_var.o [1]
  .bss               zero     0x10007374      0x4  os_var.o [1]
  .bss               zero     0x10007378      0x4  os_var.o [1]
  .bss               zero     0x1000737c      0x4  os_var.o [1]
  .bss               zero     0x10007380      0x4  os_var.o [1]
  .bss               zero     0x10007384      0x4  os_var.o [1]
  .bss               zero     0x10007388      0x4  os_var.o [1]
  .bss               zero     0x1000738c      0x4  osal_event.o [1]
  .bss               zero     0x10007390      0x4  osal_event.o [1]
  .bss               zero     0x10007394      0x4  osal_event.o [1]
  .bss               zero     0x10007398      0x4  osal_timer.o [1]
  .bss               zero     0x1000739c      0x4  osal_timer.o [1]
  .bss               zero     0x100073a0      0x4  speed1.o [1]
  .bss               zero     0x100073a4      0x4  speed1.o [1]
  .bss               zero     0x100073a8      0x4  speed1.o [1]
  .bss               zero     0x100073ac      0x4  speed1.o [1]
  .bss               zero     0x100073b0      0x4  speed2.o [1]
  .bss               zero     0x100073b4      0x4  speed2.o [1]
  .bss               zero     0x100073b8      0x4  speed2.o [1]
  .bss               zero     0x100073bc      0x4  speed2.o [1]
  .bss               zero     0x100073c0      0x4  xmain.o [1]
  .bss               zero     0x100073c4      0x2  APP_task_osal_Calc.o [1]
  .bss               zero     0x100073c6      0x2  APP_task_osal_Calc.o [1]
  .bss               zero     0x100073c8      0x2  cpu_core.o [1]
  .bss               zero     0x100073ca      0x2  cpu_core.o [1]
  .bss               zero     0x100073cc      0x2  IAP_program_mcu.o [1]
  .bss               zero     0x100073ce      0x2  IAP_program_mcu.o [1]
  .bss               zero     0x100073d0      0x2  MB.o [1]
  .bss               zero     0x100073d2      0x2  mstcsspeed.o [1]
  .bss               zero     0x100073d4      0x2  os_var.o [1]
  .bss               zero     0x100073d6      0x2  os_var.o [1]
  .bss               zero     0x100073d8      0x2  os_var.o [1]
  .bss               zero     0x100073da      0x2  os_var.o [1]
  .bss               zero     0x100073dc      0x2  os_var.o [1]
  .bss               zero     0x100073de      0x2  os_var.o [1]
  .bss               zero     0x100073e0      0x2  os_var.o [1]
  .bss               zero     0x100073e2      0x2  os_var.o [1]
  .bss               zero     0x100073e4      0x2  os_var.o [1]
  .bss               zero     0x100073e6      0x2  os_var.o [1]
  .bss               zero     0x100073e8      0x2  os_var.o [1]
  .bss               zero     0x100073ea      0x2  speed1.o [1]
  .bss               zero     0x100073ec      0x2  speed2.o [1]
  .bss               zero     0x100073ee      0x1  app_comm_mtr.o [1]
  .bss               zero     0x100073ef      0x1  app_task_osal_disp.o [1]
  .bss               zero     0x100073f0      0x1  app_task_osal_disp.o [1]
  .bss               zero     0x100073f1      0x1  app_task_osal_disp.o [1]
  .bss               zero     0x100073f2      0x1  app_task_osal_led.o [1]
  .bss               zero     0x100073f3      0x1  bsp_max7219.o [1]
  .bss               zero     0x100073f4      0x1  bsp_max7219.o [1]
  .bss               zero     0x100073f5      0x1  bsp_max7219.o [1]
  .bss               zero     0x100073f6      0x1  locoworksta.o [1]
  .bss               zero     0x100073f7      0x1  MB.o [1]
  .bss               zero     0x100073f8      0x1  mstcsspeed.o [1]
  .bss               zero     0x100073f9      0x1  os_var.o [1]
  .bss               zero     0x100073fa      0x1  os_var.o [1]
  .bss               zero     0x100073fb      0x1  os_var.o [1]
  .bss               zero     0x100073fc      0x1  os_var.o [1]
  .bss               zero     0x100073fd      0x1  os_var.o [1]
  .bss               zero     0x100073fe      0x1  os_var.o [1]
  .bss               zero     0x100073ff      0x1  os_var.o [1]
  .bss               zero     0x10007400      0x1  os_var.o [1]
  .bss               zero     0x10007401      0x1  os_var.o [1]
  .bss               zero     0x10007402      0x1  os_var.o [1]
  .bss               zero     0x10007403      0x1  osal_timer.o [1]
  .bss               zero     0x10007404      0x1  speed1.o [1]
  .bss               zero     0x10007405      0x1  speed2.o [1]
                            - 0x10007406   0x7406

"P2", part 2 of 4:                          0x356
  P2 s0                       0x2007c000    0x356  <Init block>
    .data            inited   0x2007c000    0x190  DealOilBox.o [1]
    .data            inited   0x2007c190    0x190  DealOilBox.o [1]
    .data            inited   0x2007c320      0xc  sprintf.o [1]
    .data            inited   0x2007c32c      0xc  sprintf.o [1]
    .data            inited   0x2007c338      0x8  bsp_max7219.o [1]
    .data            inited   0x2007c340      0x4  app_task_osal.o [1]
    .data            inited   0x2007c344      0x4  lpc17xx_iap.o [1]
    .data            inited   0x2007c348      0x4  sprintf.o [1]
    .data            inited   0x2007c34c      0x4  sprintf.o [1]
    .data            inited   0x2007c350      0x4  system_LPC17xx.o [1]
    .data            inited   0x2007c354      0x1  APP_task_osal_Calc.o [1]
    .data            inited   0x2007c355      0x1  MX25L1602Drv.o [1]
                            - 0x2007c356    0x356

"P2", part 3 of 4:                         0x38c4
  .bss               zero     0x2007c358    0x950  xmain.o [1]
  .bss               zero     0x2007cca8    0x404  IAP_program_mcu.o [1]
  .bss               zero     0x2007d0ac    0x400  app_task_comm.o [1]
  .bss               zero     0x2007d4ac    0x400  app_task_osal.o [1]
  .bss               zero     0x2007d8ac    0x400  MB_OS.o [1]
  .bss               zero     0x2007dcac    0x400  os_cfg_app.o [1]
  .bss               zero     0x2007e0ac    0x300  os_var.o [1]
  .bss               zero     0x2007e3ac    0x230  csp_int.o [1]
  .bss               zero     0x2007e5dc    0x200  os_cfg_app.o [1]
  .bss               zero     0x2007e7dc    0x200  os_cfg_app.o [1]
  .bss               zero     0x2007e9dc    0x200  os_cfg_app.o [1]
  .bss               zero     0x2007ebdc    0x200  os_cfg_app.o [1]
  .bss               zero     0x2007eddc    0x200  os_cfg_app.o [1]
  .bss               zero     0x2007efdc    0x198  APP_task_osal_Calc.o [1]
  .bss               zero     0x2007f174    0x190  osal_timer.o [1]
  .bss               zero     0x2007f304    0x140  os_cfg_app.o [1]
  .bss               zero     0x2007f444    0x100  app.o [1]
  .bss               zero     0x2007f544     0xfc  app_comm_protocol.o [1]
  .bss               zero     0x2007f640     0xfc  app_comm_protocol.o [1]
  .bss               zero     0x2007f73c     0xf0  osal_event.o [1]
  .bss               zero     0x2007f82c     0xd0  APP_task_osal_Calc.o [1]
  .bss               zero     0x2007f8fc     0xc8  app.o [1]
  .bss               zero     0x2007f9c4     0xc8  app_task_comm.o [1]
  .bss               zero     0x2007fa8c     0xc8  app_task_osal.o [1]
  .bss               zero     0x2007fb54     0xc8  MB_OS.o [1]
                            - 0x2007fc1c   0x38c4

"P2", part 4 of 4:                          0x200
  CSTACK                      0x2007fc20    0x200  <Block>
    CSTACK           uninit   0x2007fc20    0x200  <Block tail>
                            - 0x2007fe20    0x200


*******************************************************************************
*** INIT TABLE
***

          Address     Size
          -------     ----
Zero (__iar_zero_init3)
    2 destination ranges, total size 0xacca:
          0x10000000  0x7406
          0x2007c358  0x38c4

Copy/packbits (__iar_packbits_init3)
    1 source range, total size 0x22d (65% of destination):
          0x00011e20   0x22d
    1 destination range, total size 0x356:
          0x2007c000   0x356



*******************************************************************************
*** MODULE SUMMARY
***

    Module                    ro code  ro data  rw data
    ------                    -------  -------  -------
F:\iar\NC136B-310统计模块\Software\EvalBoards\NXP\LPC1768-SK\uCOS-III\IAR\FLASH\Obj: [1]
    APP_task_osal_Calc.o        2 408        1      753
    APP_task_osal_store.o       1 240
    CrcCheck.o                    130      512
    DS3231.o                      484
    DealOilBox.o                  380      521      800
    IAP_program_mcu.o             972             1 056
    MB.o                        1 060             4 839
    MBS_CORE.o                  3 296
    MB_BSP.o                    1 216       24       20
    MB_DATA.o                     484
    MB_OS.o                       252       56    1 272
    MB_UTIL.o                     168
    MX25L1602Drv.o              1 452       25        1
    SoftSpi_17xx.o                 22
    WatchDog.o                      2
    app.o                         160       16      456
    app_comm_dtu.o                492
    app_comm_dtu_otr_deal.o     1 744       92        4
    app_comm_mtr.o                592                 1
    app_comm_otr.o                452
    app_comm_protocol.o           452               504
    app_comm_tax.o                116
    app_lib.o                      22
    app_task_comm.o             1 976       32    1 272
    app_task_osal.o               328       19    1 228
    app_task_osal_disp.o        1 060      124        7
    app_task_osal_led.o           292                 1
    app_task_osal_speed.o         144
    app_task_osal_tmr.o           448
    app_tax.o                     456
    bsp.o                       1 624
    bsp_FRAM.o                    946
    bsp_IIC.o                     414
    bsp_gpio.o                    288       60
    bsp_lpc_timer.o               416       48      120
    bsp_max7219.o                 884      137       55
    bsp_os.o                      132
    cpu_a.o                        52
    cpu_c.o                       484
    cpu_core.o                    484                44
    csnc_package_deal.o           498
    csp.o                         110
    csp_gpio.o                  1 188
    csp_int.o                     388               640
    csp_pm.o                      148
    cstartup.o                     12      204
    debug_frmwrk.o                 46
    lib_mem.o                     252            15 436
    locoworksta.o                 280                 1
    lpc17xx_clkpwr.o              244
    lpc17xx_gpio.o                188
    lpc17xx_iap.o                 320        2        4
    lpc17xx_libcfg_default.o        2
    lpc17xx_pinsel.o              244
    lpc17xx_timer.o             1 396       64
    lpc17xx_uart.o              1 824       64
    mb_app_hooks.o                278
    mstcsspeed.o                  300                27
    os_app_hooks.o                156
    os_cfg_app.o                  248      147   11 360
    os_core.o                   3 050       40
    os_cpu_a.o                    132
    os_cpu_c.o                    580                 4
    os_csp.o                       38
    os_dbg.o                      572      353
    os_flag.o                   2 486
    os_int.o                    1 124       28
    os_mem.o                       28
    os_msg.o                      604
    os_mutex.o                     28
    os_prio.o                     160                 8
    os_q.o                      1 240
    os_sem.o                    1 092
    os_stat.o                   1 420       20
    os_task.o                   3 992        8
    os_tick.o                   1 412       20
    os_time.o                     816
    os_tmr.o                      836       24
    os_var.o                                      1 956
    osal.o                         80
    osal_event.o                  388               292
    osal_timer.o                  864               409
    speed1.o                      376                27
    speed2.o                      356                27
    sprintf.o                   4 560      110       32
    system_LPC17xx.o                         2        4
    tmp.o                          48
    xmain.o                       616             2 428
    ---------------------------------------------------
    Total:                     63 044    2 753   45 088

command line: [2]
    ---------------------------------------------------
    Total:

dl7M_tln.a: [3]
    abort.o                         6
    abs.o                           8
    div.o                          14
    exit.o                          4
    low_level_init.o                4
    strncmp.o                      40
    vsprintf.o                     44
    xprintffull_nomb.o          3 502
    xsprout.o                      10
    ---------------------------------------------------
    Total:                      3 632

m7M_tl.a: [4]
    DblAdd.o                      232
    DblCmpGe.o                     46
    DblCmpLe.o                     46
    DblDiv.o                      598
    DblMul.o                      418
    DblSub.o                      384
    DblToI32.o                     88
    FltAdd.o                      132
    FltCmpEq.o                     28
    FltCmpGe.o                     36
    FltCmpLe.o                     36
    FltDiv.o                      252
    FltMul.o                      216
    FltSub.o                      230
    FltToS32.o                     68
    I32ToDbl.o                     48
    I32ToFlt.o                     50
    xdnorm.o                       66
    xdscale.o                     268
    ---------------------------------------------------
    Total:                      3 242

rt7M_tl.a: [5]
    ABImemcpy_unaligned.o         118
    ABImemset.o                   102
    I64DivMod.o                   238
    I64DivZer.o                     2
    cexit.o                        10
    cmain.o                        26
    cstartup_M.o                   12
    data_init.o                    40
    memchr.o                       88
    packbits_init.o               216
    strchr.o                       22
    strcmp_unaligned.o             66
    strlen.o                       54
    zero_init3.o                   64
    ---------------------------------------------------
    Total:                      1 058

shb_l.a: [6]
    exit.o                         20
    ---------------------------------------------------
    Total:                         20

    Gaps                                     4
    Linker created                          52      512
-------------------------------------------------------
    Grand Total:               70 996    2 809   45 600


*******************************************************************************
*** ENTRY LIST
***

Entry                      Address    Size  Type      Object
-----                      -------    ----  ----      ------
.iar.init_table$$Base   0x00011a44           --   Gb  - Linker created -
.iar.init_table$$Limit  0x00011a78           --   Gb  - Linker created -
?main                   0x00011ab9          Code  Gb  cmain.o [5]
APP_CommInit            0x0000a7e7    0x32  Code  Lc  app_task_comm.o [1]
APP_CommRxDataDealCB    0x0000a819   0x37e  Code  Gb  app_task_comm.o [1]
APP_OsalInit            0x0001136f     0xe  Code  Lc  app_task_osal.o [1]
AppTaskComm             0x0000a565    0xd2  Code  Lc  app_task_comm.o [1]
AppTaskCommStk          0x2007d0ac   0x400  Data  Lc  app_task_comm.o [1]
AppTaskCommTCB          0x2007f9c4    0xc8  Data  Lc  app_task_comm.o [1]
AppTaskOsal             0x00011291    0xde  Code  Lc  app_task_osal.o [1]
AppTaskOsalStk          0x2007d4ac   0x400  Data  Lc  app_task_osal.o [1]
AppTaskOsalTCB          0x2007fa8c    0xc8  Data  Lc  app_task_osal.o [1]
App_BusFault_ISR        0x00011cb9     0x2  Code  Lc  cstartup.o [1]
App_Fault_ISR           0x00011cb7     0x2  Code  Lc  cstartup.o [1]
App_MB_RdNRegsHook      0x00009e1d   0x100  Code  Gb  mb_app_hooks.o [1]
App_MB_WrNRegsHook      0x00009f29     0xa  Code  Gb  mb_app_hooks.o [1]
App_Main                0x0001073f     0x8  Code  Gb  xmain.o [1]
App_MemFault_ISR        0x00011cbd     0x2  Code  Lc  cstartup.o [1]
App_ModbusInit          0x0000a637   0x1b0  Code  Lc  app_task_comm.o [1]
App_NMI_ISR             0x00011cb5     0x2  Code  Lc  cstartup.o [1]
App_OS_IdleTaskHook     0x000116dd     0x2  Code  Gb  os_app_hooks.o [1]
App_OS_SetAllHooks      0x00011655    0x52  Code  Gb  os_app_hooks.o [1]
App_OS_StatTaskHook     0x000116e1     0x2  Code  Gb  os_app_hooks.o [1]
App_OS_TaskCreateHook   0x000116c5     0x8  Code  Gb  os_app_hooks.o [1]
App_OS_TaskDelHook      0x000116cd     0x8  Code  Gb  os_app_hooks.o [1]
App_OS_TaskReturnHook   0x000116d5     0x8  Code  Gb  os_app_hooks.o [1]
App_OS_TaskSwHook       0x000116e5     0x2  Code  Gb  os_app_hooks.o [1]
App_OS_TimeTickHook     0x000116e9     0x8  Code  Gb  os_app_hooks.o [1]
App_ObjCreate           0x00011647     0x2  Code  Lc  app.o [1]
App_Spurious_ISR        0x00011cbf     0x2  Code  Lc  cstartup.o [1]
App_TaskCommCreate      0x0000a521    0x42  Code  Gb  app_task_comm.o [1]
App_TaskCreate          0x00011649     0xc  Code  Lc  app.o [1]
App_TaskOsalCreate      0x00011255    0x3c  Code  Gb  app_task_osal.o [1]
App_TaskStart           0x00011615    0x32  Code  Lc  app.o [1]
App_TaskStartStk        0x2007f444   0x100  Data  Lc  app.o [1]
App_TaskStartTCB        0x2007f8fc    0xc8  Data  Lc  app.o [1]
App_UsageFault_ISR      0x00011cbb     0x2  Code  Lc  cstartup.o [1]
BCD2HEX                 0x0000e251    0x20  Code  Gb  DS3231.o [1]
BSP_CalcInit            0x0000ec55     0xc  Code  Gb  APP_task_osal_Calc.o [1]
BSP_Disp                0x00001b4d    0x34  Code  Gb  bsp_max7219.o [1]
BSP_DispClrAll          0x00001c0f    0x24  Code  Gb  bsp_max7219.o [1]
BSP_DispEvtProcess      0x00001ba3    0x6c  Code  Gb  bsp_max7219.o [1]
BSP_DispInit            0x00001c75    0x34  Code  Gb  bsp_max7219.o [1]
BSP_DispOff             0x00001b81    0x22  Code  Gb  bsp_max7219.o [1]
BSP_DispSetBrightness   0x00001c33    0x28  Code  Gb  bsp_max7219.o [1]
BSP_Init                0x00002479   0x33e  Code  Gb  bsp.o [1]
BSP_LED_Off             0x000027d3    0xd4  Code  Gb  bsp.o [1]
BSP_LED_On              0x000028a7    0xd4  Code  Gb  bsp.o [1]
BSP_LED_Toggle          0x0000297b    0xd4  Code  Gb  bsp.o [1]
BSP_MAX7219Init         0x000019e1    0x20  Code  Gb  bsp_max7219.o [1]
BSP_OS_SemCreate        0x0000cd8d    0x26  Code  Gb  bsp_os.o [1]
BSP_OS_SemPost          0x0000cdf1    0x20  Code  Gb  bsp_os.o [1]
BSP_OS_SemWait          0x0000cdb3    0x38  Code  Gb  bsp_os.o [1]
BSP_SpeedInit           0x000116f1    0x14  Code  Gb  app_task_osal_speed.o [1]
BSP_Start               0x000027b7    0x1c  Code  Gb  bsp.o [1]
BSP_StoreInit           0x0000f5fd    0x34  Code  Gb  APP_task_osal_store.o [1]
BlankCheckSector        0x0000f76d    0x3c  Code  Gb  lpc17xx_iap.o [1]
CE_High                 0x0000ff23     0xa  Code  Gb  MX25L1602Drv.o [1]
CE_Low                  0x0000ff19     0xa  Code  Gb  MX25L1602Drv.o [1]
CLKPWR_ConfigPPWR       0x0000dcd5    0x2c  Code  Gb  lpc17xx_clkpwr.o [1]
CLKPWR_GetPCLK          0x0000dc95    0x40  Code  Gb  lpc17xx_clkpwr.o [1]
CLKPWR_GetPCLKSEL       0x0000dc71    0x24  Code  Gb  lpc17xx_clkpwr.o [1]
CLKPWR_SetPCLKDiv       0x0000dc21    0x50  Code  Gb  lpc17xx_clkpwr.o [1]
CPU_CntLeadZeros        0x00002183          Code  Gb  cpu_a.o [1]
CPU_CntTrailZeros       0x00002189          Code  Gb  cpu_a.o [1]
CPU_Init                0x00002199    0x10  Code  Gb  cpu_core.o [1]
CPU_IntDis              0x00002165          Code  Gb  cpu_a.o [1]
CPU_IntDisMeasCtr       0x100073c8     0x2  Data  Gb  cpu_core.o [1]
CPU_IntDisMeasInit      0x000022c5    0x78  Code  Lc  cpu_core.o [1]
CPU_IntDisMeasMaxCalc   0x0000233d    0x1a  Code  Lc  cpu_core.o [1]
CPU_IntDisMeasMaxCurGet
                        0x00002201    0x22  Code  Gb  cpu_core.o [1]
CPU_IntDisMeasMaxCurReset
                        0x000021e1    0x20  Code  Gb  cpu_core.o [1]
CPU_IntDisMeasMaxCur_cnts
                        0x100072d4     0x4  Data  Gb  cpu_core.o [1]
CPU_IntDisMeasMaxGet    0x00002223    0x22  Code  Gb  cpu_core.o [1]
CPU_IntDisMeasMax_cnts  0x100072d8     0x4  Data  Gb  cpu_core.o [1]
CPU_IntDisMeasOvrhd_cnts
                        0x100072d0     0x4  Data  Gb  cpu_core.o [1]
CPU_IntDisMeasStart     0x00002245    0x28  Code  Gb  cpu_core.o [1]
CPU_IntDisMeasStart_cnts
                        0x100072c8     0x4  Data  Gb  cpu_core.o [1]
CPU_IntDisMeasStop      0x0000226d    0x42  Code  Gb  cpu_core.o [1]
CPU_IntDisMeasStop_cnts
                        0x100072cc     0x4  Data  Gb  cpu_core.o [1]
CPU_IntDisNestCtr       0x100073ca     0x2  Data  Gb  cpu_core.o [1]
CPU_IntEn               0x00002169          Code  Gb  cpu_a.o [1]
CPU_IntSrcDis           0x00002f2d   0x13c  Code  Gb  cpu_c.o [1]
CPU_IntSrcPendClr       0x00003069    0x94  Code  Gb  cpu_c.o [1]
CPU_Name                0x1000725c    0x10  Data  Gb  cpu_core.o [1]
CPU_NameClr             0x000021a9    0x24  Code  Gb  cpu_core.o [1]
CPU_NameInit            0x000022af     0x8  Code  Lc  cpu_core.o [1]
CPU_RevBits             0x00002193          Code  Gb  cpu_a.o [1]
CPU_SR_Restore          0x00002175          Code  Gb  cpu_a.o [1]
CPU_SR_Save             0x0000216d          Code  Gb  cpu_a.o [1]
CPU_TS_Get32            0x000021cd     0xc  Code  Gb  cpu_core.o [1]
CPU_TS_Init             0x000022b7     0xe  Code  Lc  cpu_core.o [1]
CPU_TS_TmrFreqSet       0x000021d9     0x8  Code  Gb  cpu_core.o [1]
CPU_TS_TmrFreq_Hz       0x100072c4     0x4  Data  Gb  cpu_core.o [1]
CPU_TS_TmrInit          0x00002a4f    0x28  Code  Gb  bsp.o [1]
CPU_TS_TmrRd            0x00002a77     0x8  Code  Gb  bsp.o [1]
CPU_WaitForExcept       0x0000217f          Code  Gb  cpu_a.o [1]
CPU_WaitForInt          0x0000217b          Code  Gb  cpu_a.o [1]
CSNC_SendData           0x0000ce3b   0x18a  Code  Gb  app_comm_protocol.o [1]
CSP_GPIO_BitClr         0x0000206d    0x2c  Code  Gb  csp_gpio.o [1]
CSP_GPIO_BitSet         0x00002099    0x2c  Code  Gb  csp_gpio.o [1]
CSP_GPIO_BitToggle      0x000020c5    0x54  Code  Gb  csp_gpio.o [1]
CSP_GPIO_Cfg            0x00001ca9   0x3c4  Code  Gb  csp_gpio.o [1]
CSP_IntDisAll           0x00002ad1    0x2c  Code  Gb  csp_int.o [1]
CSP_IntHandler          0x00002c05    0x2a  Code  Gb  csp_int.o [1]
CSP_IntInit             0x00002afd    0xb0  Code  Gb  csp_int.o [1]
CSP_IntUSB_Handler      0x00002bb1    0x54  Code  Lc  csp_int.o [1]
CSP_IntVectClr          0x00003111    0x12  Code  Gb  csp.o [1]
CSP_IntVectDeref        0x00003131    0x4e  Code  Gb  csp.o [1]
CSP_IntVectSet          0x00003123     0xe  Code  Gb  csp.o [1]
CSP_MainVectTbl         0x2007e3ac   0x230  Data  Lc  csp_int.o [1]
CSP_PM_CPU_ClkFreqGet   0x00002c55    0x80  Code  Gb  csp_pm.o [1]
CSP_USB_VectTbl         0x10006fe8    0x50  Data  Lc  csp_int.o [1]
CSTACK$$Base            0x2007fc20           --   Gb  - Linker created -
CSTACK$$Limit           0x2007fe20           --   Gb  - Linker created -
CalcOil                 0x0000ec29    0x2c  Code  Gb  APP_task_osal_Calc.o [1]
CalcSpeed1              0x00010dd1    0x9e  Code  Gb  speed1.o [1]
CalcSpeed2              0x00010f3f    0xa2  Code  Gb  speed2.o [1]
CalcSpeedcs             0x000110a3    0x72  Code  Gb  mstcsspeed.o [1]
CheckLocoStaTask        0x000111b1    0x9c  Code  Gb  locoworksta.o [1]
CheckSlaveAckI2C        0x0000f8eb    0x1a  Code  Gb  bsp_IIC.o [1]
Compare                 0x0000f7a9    0x26  Code  Gb  lpc17xx_iap.o [1]
CopyRAM2Flash           0x0000f6cb    0x5c  Code  Gb  lpc17xx_iap.o [1]
DataUnpack_CSNC         0x0000bd95   0x1f2  Code  Gb  csnc_package_deal.o [1]
Delay_Nus               0x0000214d    0x16  Code  Gb  app_lib.o [1]
EraseSector             0x0000f727    0x46  Code  Gb  lpc17xx_iap.o [1]
FRAM_ReadCalcModel      0x0000e141    0x28  Code  Gb  bsp_FRAM.o [1]
FRAM_ReadCurRecord      0x0000e05b    0x26  Code  Gb  bsp_FRAM.o [1]
FRAM_ReadOilPara        0x0000e0a7    0x26  Code  Gb  bsp_FRAM.o [1]
FRAM_ReadProductInfo    0x0000e035    0x26  Code  Gb  bsp_FRAM.o [1]
FRAM_ReadRecNumMgr      0x0000dfdd    0x32  Code  Gb  bsp_FRAM.o [1]
FRAM_ReadRunPara        0x0000e0f3    0x26  Code  Gb  bsp_FRAM.o [1]
FRAM_SendEvent          0x0000de9f     0x2  Code  Lc  bsp_FRAM.o [1]
FRAM_StoreCalcModel     0x0000e119    0x28  Code  Gb  bsp_FRAM.o [1]
FRAM_StoreOilPara       0x0000e081    0x26  Code  Gb  bsp_FRAM.o [1]
FRAM_StoreProductInfo   0x0000e00f    0x26  Code  Gb  bsp_FRAM.o [1]
FRAM_StoreRecNumMgr     0x0000dfab    0x32  Code  Gb  bsp_FRAM.o [1]
FRAM_StoreRunPara       0x0000e0cd    0x26  Code  Gb  bsp_FRAM.o [1]
FRAM_WaitEvent          0x0000de9d     0x2  Code  Lc  bsp_FRAM.o [1]
FeedDog                 0x0001053d     0x2  Code  Gb  WatchDog.o [1]
GPIO_ClearValue         0x0000dae9    0x16  Code  Gb  lpc17xx_gpio.o [1]
GPIO_Fram_Init          0x0000f7e7    0x24  Code  Gb  bsp_IIC.o [1]
GPIO_GetPointer         0x0000da71    0x38  Code  Lc  lpc17xx_gpio.o [1]
GPIO_PinselConfig       0x0000bff9    0x48  Code  Gb  bsp_gpio.o [1]
GPIO_ReadIoVal          0x0000c041    0x5c  Code  Gb  bsp_gpio.o [1]
GPIO_ReadValue          0x0000daff    0x1a  Code  Gb  lpc17xx_gpio.o [1]
GPIO_SetDir             0x0000daa9    0x2a  Code  Gb  lpc17xx_gpio.o [1]
GPIO_SetOrClearValue    0x0000bf89    0x70  Code  Gb  bsp_gpio.o [1]
GPIO_SetValue           0x0000dad3    0x16  Code  Gb  lpc17xx_gpio.o [1]
GetCheckSum             0x0000b5d9    0x20  Code  Gb  CrcCheck.o [1]
GetCheckSumNR           0x0000ce11    0x2a  Code  Lc  app_comm_protocol.o [1]
GetCheckSumNR           0x0000b5f9    0x2a  Code  Gb  CrcCheck.o [1]
GetCrc16Check           0x0000b5a1    0x34  Code  Gb  CrcCheck.o [1]
GetDf4dOilBoxModel      0x0000f979    0x4a  Code  Gb  DealOilBox.o [1]
GetDip10SecChg          0x0000e58d    0xec  Code  Gb  APP_task_osal_Calc.o [1]
GetDipPrs30SecVal       0x0000e84f   0x146  Code  Gb  APP_task_osal_Calc.o [1]
GetDipPrsAvg            0x0000eb5b    0xce  Code  Gb  APP_task_osal_Calc.o [1]
GetFrqChgState          0x0000e679   0x1d6  Code  Gb  APP_task_osal_Calc.o [1]
GetHxn3OilBoxModel      0x0000faaf    0x38  Code  Gb  DealOilBox.o [1]
GetHxn5OilBoxModel      0x0000fa77    0x38  Code  Gb  DealOilBox.o [1]
GetMathOilVal           0x0000e995   0x1c6  Code  Gb  APP_task_osal_Calc.o [1]
GetOilBoxCod            0x0000f9c3     0xe  Code  Gb  DealOilBox.o [1]
GetOilBoxModel          0x0000e435   0x158  Code  Gb  APP_task_osal_Calc.o [1]
GetOilBoxModelsModel    0x0000e169    0x74  Code  Gb  bsp_FRAM.o [1]
GetOilBoxModelsModelSemple
                        0x0000e1dd    0x72  Code  Gb  bsp_FRAM.o [1]
GetOilPara              0x0000ec61    0xa6  Code  Gb  APP_task_osal_Calc.o [1]
GetRecNumAddr           0x0000f1c1    0x14  Code  Gb  APP_task_osal_store.o [1]
GetSecNum               0x0000f699    0x10  Code  Gb  lpc17xx_iap.o [1]
GetTaxInfoToRecord      0x0000f1d5   0x144  Code  Gb  APP_task_osal_store.o [1]
Get_Byte                0x00010061     0x8  Code  Gb  MX25L1602Drv.o [1]
HEX2BCD                 0x0000e271    0x2e  Code  Gb  DS3231.o [1]
I2C_delay               0x0000f7d9     0xe  Code  Gb  bsp_IIC.o [1]
IAP_PragramDeal         0x0000d77b   0x28e  Code  Gb  IAP_program_mcu.o [1]
IAP_ReadParaFlash       0x0000d6fd    0x1a  Code  Gb  IAP_program_mcu.o [1]
IAP_WriteFlash          0x0000d717    0x64  Code  Gb  IAP_program_mcu.o [1]
IAP_WriteParaFlash      0x0000d6a5    0x58  Code  Gb  IAP_program_mcu.o [1]
InStream_Read           0x000114c1    0x22  Code  Lc  packbits_init.o [5]
InitDS3231              0x0000e41d    0x18  Code  Gb  DS3231.o [1]
InitFlashIO             0x0000ff2d    0x3c  Code  Gb  MX25L1602Drv.o [1]
InitLocoStaIO           0x0001113d    0x24  Code  Gb  locoworksta.o [1]
JudgeFlashIDErrFlg      0x00010487    0x32  Code  Gb  MX25L1602Drv.o [1]
LED_SEG_CODE            0x00011780    0x84  Data  Gb  bsp_max7219.o [1]
LED_SPI_SendData        0x00001a01    0x2c  Code  Gb  bsp_max7219.o [1]
LedDispBuf              0x2007c338     0x8  Data  Gb  bsp_max7219.o [1]
LedDispCtrl             0x10007110    0x2c  Data  Gb  bsp_max7219.o [1]
LoadInt                 0x00008239    0x6e  Code  Lc  xprintffull_nomb.o [3]
MBS_ErrRespSet          0x00008f59    0x26  Code  Lc  MBS_CORE.o [1]
MBS_FC01_CoilRd         0x000090ad   0x124  Code  Lc  MBS_CORE.o [1]
MBS_FC03_HoldingRegRd   0x000091d1   0x11e  Code  Lc  MBS_CORE.o [1]
MBS_FC05_CoilWr         0x000092ef    0xc8  Code  Lc  MBS_CORE.o [1]
MBS_FC06_HoldingRegWr   0x000093b7    0xc0  Code  Lc  MBS_CORE.o [1]
MBS_FC08_Loopback       0x00009477   0x102  Code  Lc  MBS_CORE.o [1]
MBS_FC15_CoilWrMultiple
                        0x00009579   0x138  Code  Lc  MBS_CORE.o [1]
MBS_FC16_HoldingRegWrMultiple
                        0x000096b1   0x178  Code  Lc  MBS_CORE.o [1]
MBS_FC20_FileRd         0x00009829   0x168  Code  Lc  MBS_CORE.o [1]
MBS_FC21_FileWr         0x00009991   0x16e  Code  Lc  MBS_CORE.o [1]
MBS_FCxx_Handler        0x00008f7f   0x12e  Code  Gb  MBS_CORE.o [1]
MBS_RTU_Task            0x00009b2b   0x108  Code  Lc  MBS_CORE.o [1]
MBS_RxTask              0x00009b15    0x16  Code  Gb  MBS_CORE.o [1]
MBS_StatInit            0x00009aff    0x16  Code  Gb  MBS_CORE.o [1]
MB_CfgCh                0x0000a15b    0xee  Code  Gb  MB.o [1]
MB_ChCtr                0x100073f7     0x1  Data  Gb  MB.o [1]
MB_ChPortMap            0x10007248    0x14  Data  Lc  MB_BSP.o [1]
MB_ChTbl                0x10005820  0x11a0  Data  Gb  MB.o [1]
MB_ChToPortMap          0x0000a287     0x8  Code  Gb  MB.o [1]
MB_CoilRd               0x00009c39    0x5a  Code  Gb  MB_DATA.o [1]
MB_CoilWr               0x00009c93    0xaa  Code  Gb  MB_DATA.o [1]
MB_CommPortCfg          0x0000adf9   0x18a  Code  Gb  MB_BSP.o [1]
MB_CommRxIntDis         0x0000af83    0x7c  Code  Gb  MB_BSP.o [1]
MB_CommRxIntEn          0x0000afff    0x7c  Code  Gb  MB_BSP.o [1]
MB_CommTx1              0x0000b119    0x14  Code  Gb  MB_BSP.o [1]
MB_CommTxIntDis         0x0000b12d    0x28  Code  Gb  MB_BSP.o [1]
MB_CommTxIntEn          0x0000b155    0x28  Code  Gb  MB_BSP.o [1]
MB_FileRd               0x00009e01    0x10  Code  Gb  MB_DATA.o [1]
MB_FileWr               0x00009e11     0xc  Code  Gb  MB_DATA.o [1]
MB_HoldingRegRd         0x00009d3d    0x5a  Code  Gb  MB_DATA.o [1]
MB_HoldingRegWr         0x00009d97    0x66  Code  Gb  MB_DATA.o [1]
MB_Init                 0x0000a0fd    0x5e  Code  Gb  MB.o [1]
MB_MasterTimeoutSet     0x0000a249     0x8  Code  Gb  MB.o [1]
MB_ModeSet              0x0000a251    0x26  Code  Gb  MB.o [1]
MB_NodeAddrSet          0x0000a277     0x8  Code  Gb  MB.o [1]
MB_OS_Init              0x0000b625     0xc  Code  Gb  MB_OS.o [1]
MB_OS_InitMaster        0x0000b631    0x36  Code  Lc  MB_OS.o [1]
MB_OS_InitSlave         0x0000b667    0x48  Code  Lc  MB_OS.o [1]
MB_OS_RxQ               0x100070e0    0x30  Data  Lc  MB_OS.o [1]
MB_OS_RxSemTbl          0x10006da8    0xa0  Data  Gb  MB.o [1]
MB_OS_RxSignal          0x0000b6af    0x2a  Code  Gb  MB_OS.o [1]
MB_OS_RxTask            0x0000b6d9    0x24  Code  Lc  MB_OS.o [1]
MB_OS_RxTaskStk         0x2007d8ac   0x400  Data  Lc  MB_OS.o [1]
MB_OS_RxTaskTCB         0x2007fb54    0xc8  Data  Lc  MB_OS.o [1]
MB_OS_TxSemTbl          0x10006e48    0xa0  Data  Gb  MB.o [1]
MB_RTU_Freq             0x100073d0     0x2  Data  Gb  MB.o [1]
MB_RTU_Rx               0x0000a37b    0x78  Code  Gb  MB.o [1]
MB_RTU_RxByte           0x0000a33d    0x3e  Code  Gb  MB.o [1]
MB_RTU_RxCalcCRC        0x0000acd9    0x56  Code  Gb  MB_UTIL.o [1]
MB_RTU_TmrCtr           0x100072e4     0x4  Data  Gb  MB.o [1]
MB_RTU_TmrISR_Handler   0x0000b1ed    0x20  Code  Gb  MB_BSP.o [1]
MB_RTU_TmrInit          0x0000b17d    0x68  Code  Gb  MB_BSP.o [1]
MB_RTU_TmrReset         0x0000a453     0x6  Code  Gb  MB.o [1]
MB_RTU_TmrResetAll      0x0000a459    0x26  Code  Gb  MB.o [1]
MB_RTU_TmrUpdate        0x0000a47f    0x4e  Code  Gb  MB.o [1]
MB_RTU_Tx               0x0000a3f3    0x60  Code  Gb  MB.o [1]
MB_RTU_TxCalcCRC        0x0000ad2f    0x52  Code  Gb  MB_UTIL.o [1]
MB_RxByte               0x0000a28f    0x1a  Code  Gb  MB.o [1]
MB_RxTask               0x0000a2a9    0x16  Code  Gb  MB.o [1]
MB_Tx                   0x0000a2bf    0x20  Code  Gb  MB.o [1]
MB_TxByte               0x0000a2df    0x5e  Code  Gb  MB.o [1]
MB_WrEnSet              0x0000a27f     0x8  Code  Gb  MB.o [1]
MTR_RxQ                 0x10007080    0x30  Data  Gb  app_task_comm.o [1]
MX25L1602_Erase         0x0001026d   0x21a  Code  Gb  MX25L1602Drv.o [1]
MX25L1602_RD            0x00010069    0x5c  Code  Gb  MX25L1602Drv.o [1]
MX25L1602_RdID          0x000100c5    0x7c  Code  Gb  MX25L1602Drv.o [1]
MX25L1602_WR            0x00010141   0x12c  Code  Gb  MX25L1602Drv.o [1]
MasterAckI2C            0x0000f8a7    0x22  Code  Gb  bsp_IIC.o [1]
MasterNoAckI2C          0x0000f8c9    0x22  Code  Gb  bsp_IIC.o [1]
Mem_Clr                 0x000023db    0x12  Code  Gb  lib_mem.o [1]
Mem_Heap                0x10000000  0x3c00  Data  Gb  lib_mem.o [1]
Mem_Init                0x0000237d    0x5e  Code  Gb  lib_mem.o [1]
Mem_PoolHeap            0x10007038    0x48  Data  Gb  lib_mem.o [1]
Mem_PoolTbl             0x100072e0     0x4  Data  Gb  lib_mem.o [1]
Mem_Set                 0x000023ed    0x7c  Code  Gb  lib_mem.o [1]
NMBS_FCxx_Handler       0x0000ab97   0x102  Code  Gb  app_task_comm.o [1]
NMB_Tx                  0x0000a4e1    0x40  Code  Gb  MB.o [1]
NOP                     0x000104c5     0x8  Code  Gb  tmp.o [1]
NVIC_EnableIRQ          0x00010b95    0x14  Code  Lc  bsp_lpc_timer.o [1]
NVIC_EnableIRQ          0x0000ad81    0x16  Code  Lc  MB_BSP.o [1]
NVIC_SetPriority        0x00010ba9    0x26  Code  Lc  bsp_lpc_timer.o [1]
NVIC_SetPriority        0x0000ad97    0x2a  Code  Lc  MB_BSP.o [1]
OSAL_TaskCreateHook     0x0001074f    0x4c  Code  Gb  xmain.o [1]
OSCfg_DataSizeRAM       0x00011de8     0x4  Data  Gb  os_cfg_app.o [1]
OSCfg_ISRStk            0x2007dcac   0x400  Data  Gb  os_cfg_app.o [1]
OSCfg_ISRStkBasePtr     0x00011d8c     0x4  Data  Gb  os_cfg_app.o [1]
OSCfg_ISRStkSize        0x00011d90     0x4  Data  Gb  os_cfg_app.o [1]
OSCfg_ISRStkSizeRAM     0x00011d94     0x4  Data  Gb  os_cfg_app.o [1]
OSCfg_IdleTaskStk       0x2007e5dc   0x200  Data  Gb  os_cfg_app.o [1]
OSCfg_IdleTaskStkBasePtr
                        0x00011d64     0x4  Data  Gb  os_cfg_app.o [1]
OSCfg_IdleTaskStkLimit  0x00011d68     0x4  Data  Gb  os_cfg_app.o [1]
OSCfg_IdleTaskStkSize   0x00011d6c     0x4  Data  Gb  os_cfg_app.o [1]
OSCfg_IdleTaskStkSizeRAM
                        0x00011d70     0x4  Data  Gb  os_cfg_app.o [1]
OSCfg_Init              0x00007b31    0xf8  Code  Gb  os_cfg_app.o [1]
OSCfg_IntQ              0x2007f304   0x140  Data  Gb  os_cfg_app.o [1]
OSCfg_IntQBasePtr       0x00011d74     0x4  Data  Gb  os_cfg_app.o [1]
OSCfg_IntQSize          0x00001302     0x2  Data  Gb  os_cfg_app.o [1]
OSCfg_IntQSizeRAM       0x00011d78     0x4  Data  Gb  os_cfg_app.o [1]
OSCfg_IntQTaskStk       0x2007e7dc   0x200  Data  Gb  os_cfg_app.o [1]
OSCfg_IntQTaskStkBasePtr
                        0x00011d7c     0x4  Data  Gb  os_cfg_app.o [1]
OSCfg_IntQTaskStkLimit  0x00011d80     0x4  Data  Gb  os_cfg_app.o [1]
OSCfg_IntQTaskStkSize   0x00011d84     0x4  Data  Gb  os_cfg_app.o [1]
OSCfg_IntQTaskStkSizeRAM
                        0x00011d88     0x4  Data  Gb  os_cfg_app.o [1]
OSCfg_MsgPool           0x10003c00  0x1c20  Data  Gb  os_cfg_app.o [1]
OSCfg_MsgPoolBasePtr    0x00011d9c     0x4  Data  Gb  os_cfg_app.o [1]
OSCfg_MsgPoolSize       0x000014a6     0x2  Data  Gb  os_cfg_app.o [1]
OSCfg_MsgPoolSizeRAM    0x00011d98     0x4  Data  Gb  os_cfg_app.o [1]
OSCfg_StatTaskPrio      0x00011ae6     0x1  Data  Gb  os_cfg_app.o [1]
OSCfg_StatTaskRate_Hz   0x00011da0     0x4  Data  Gb  os_cfg_app.o [1]
OSCfg_StatTaskStk       0x2007e9dc   0x200  Data  Gb  os_cfg_app.o [1]
OSCfg_StatTaskStkBasePtr
                        0x00011da4     0x4  Data  Gb  os_cfg_app.o [1]
OSCfg_StatTaskStkLimit  0x00011da8     0x4  Data  Gb  os_cfg_app.o [1]
OSCfg_StatTaskStkSize   0x00011dac     0x4  Data  Gb  os_cfg_app.o [1]
OSCfg_StatTaskStkSizeRAM
                        0x00011db0     0x4  Data  Gb  os_cfg_app.o [1]
OSCfg_StkSizeMin        0x00011db4     0x4  Data  Gb  os_cfg_app.o [1]
OSCfg_TickRate_Hz       0x00011db8     0x4  Data  Gb  os_cfg_app.o [1]
OSCfg_TickTaskPrio      0x00011ae7     0x1  Data  Gb  os_cfg_app.o [1]
OSCfg_TickTaskStk       0x2007ebdc   0x200  Data  Gb  os_cfg_app.o [1]
OSCfg_TickTaskStkBasePtr
                        0x00011dbc     0x4  Data  Gb  os_cfg_app.o [1]
OSCfg_TickTaskStkLimit  0x00011dc0     0x4  Data  Gb  os_cfg_app.o [1]
OSCfg_TickTaskStkSize   0x00011dc4     0x4  Data  Gb  os_cfg_app.o [1]
OSCfg_TickTaskStkSizeRAM
                        0x00011dc8     0x4  Data  Gb  os_cfg_app.o [1]
OSCfg_TickWheel         0x10006ee8    0x80  Data  Gb  os_cfg_app.o [1]
OSCfg_TickWheelSize     0x000017ce     0x2  Data  Gb  os_cfg_app.o [1]
OSCfg_TickWheelSizeRAM  0x00011dcc     0x4  Data  Gb  os_cfg_app.o [1]
OSCfg_TmrTaskPrio       0x00011df8     0x1  Data  Gb  os_cfg_app.o [1]
OSCfg_TmrTaskRate_Hz    0x00011dd0     0x4  Data  Gb  os_cfg_app.o [1]
OSCfg_TmrTaskStk        0x2007eddc   0x200  Data  Gb  os_cfg_app.o [1]
OSCfg_TmrTaskStkBasePtr
                        0x00011dd4     0x4  Data  Gb  os_cfg_app.o [1]
OSCfg_TmrTaskStkLimit   0x00011dd8     0x4  Data  Gb  os_cfg_app.o [1]
OSCfg_TmrTaskStkSize    0x00011ddc     0x4  Data  Gb  os_cfg_app.o [1]
OSCfg_TmrTaskStkSizeRAM
                        0x00011de0     0x4  Data  Gb  os_cfg_app.o [1]
OSCfg_TmrWheel          0x10006f68    0x80  Data  Gb  os_cfg_app.o [1]
OSCfg_TmrWheelSize      0x0000185e     0x2  Data  Gb  os_cfg_app.o [1]
OSCfg_TmrWheelSizeRAM   0x00011de4     0x4  Data  Gb  os_cfg_app.o [1]
OSDbg_AppHooksEn        0x00011dfb     0x1  Data  Gb  os_dbg.o [1]
[...]
OS_TaskSemPost          0x00006c3d   0x294  Code  Gb  os_task.o [1]
OS_TaskSuspend          0x00006ed1   0x132  Code  Gb  os_task.o [1]
OS_TickListInit         0x00004163    0x2e  Code  Gb  os_tick.o [1]
OS_TickListInsert       0x00004191   0x1e8  Code  Gb  os_tick.o [1]
OS_TickListRemove       0x00004379    0x4e  Code  Gb  os_tick.o [1]
OS_TickListResetPeak    0x000043c7    0x22  Code  Gb  os_tick.o [1]
OS_TickListUpdate       0x000043e9   0x1f8  Code  Gb  os_tick.o [1]
OS_TickTask             0x0000409d    0x28  Code  Gb  os_tick.o [1]
OS_TickTaskInit         0x000040c5    0x9e  Code  Gb  os_tick.o [1]
OS_TmrInit              0x000075b1    0xe0  Code  Gb  os_tmr.o [1]
OS_TmrLink              0x00007691    0xdc  Code  Gb  os_tmr.o [1]
OS_TmrResetPeak         0x0000776d    0x22  Code  Gb  os_tmr.o [1]
OS_TmrTask              0x000077ed    0xc8  Code  Gb  os_tmr.o [1]
OS_TmrUnlink            0x0000778f    0x5a  Code  Gb  os_tmr.o [1]
Osal_EvtSem             0x100071b4    0x28  Data  Gb  osal_event.o [1]
PINSEL_ConfigPin        0x0000dbfd    0x24  Code  Gb  lpc17xx_pinsel.o [1]
PrepareSector           0x0000f6a9    0x22  Code  Gb  lpc17xx_iap.o [1]
ReadByteWithI2C         0x0000f945    0x32  Code  Gb  bsp_IIC.o [1]
ReadDS3231Byte          0x0000e29f    0x4c  Code  Gb  DS3231.o [1]
ReadFM24CL64            0x0000df17    0x94  Code  Gb  bsp_FRAM.o [1]
ReadFlsh                0x000104cd    0x14  Code  Gb  tmp.o [1]
ReadFlshRec             0x0000f5d9    0x24  Code  Gb  APP_task_osal_store.o [1]
ReadLOCO_BK             0x0001119d    0x14  Code  Gb  locoworksta.o [1]
ReadLOCO_LW             0x00011161    0x14  Code  Gb  locoworksta.o [1]
ReadLOCO_QY             0x00011175    0x14  Code  Gb  locoworksta.o [1]
ReadLOCO_ZD             0x00011189    0x14  Code  Gb  locoworksta.o [1]
ReadMISOF               0x0000ffad    0x14  Code  Gb  MX25L1602Drv.o [1]
ReadSDA                 0x0000f84f    0x14  Code  Gb  bsp_IIC.o [1]
ReadTime                0x0000e323    0x78  Code  Gb  DS3231.o [1]
RecByte_SPIF            0x00010045     0xe  Code  Gb  MX25L1602Drv.o [1]
Region$$Table$$Base     0x00011a44           --   Gb  - Linker created -
Region$$Table$$Limit    0x00011a78           --   Gb  - Linker created -
Restart                 0x0000da09    0x42  Code  Gb  IAP_program_mcu.o [1]
SPI_GpioInit            0x00001935    0x5a  Code  Lc  bsp_max7219.o [1]
SPI_SendByte            0x0000198f    0x52  Code  Lc  bsp_max7219.o [1]
SendByte_SPIF           0x00010037     0xe  Code  Gb  MX25L1602Drv.o [1]
SendOrRecByte_SPIF      0x0000ffe3    0x54  Code  Gb  MX25L1602Drv.o [1]
Send_Byte               0x00010053     0xe  Code  Gb  MX25L1602Drv.o [1]
SetDispNow              0x0000ed9d    0x10  Code  Gb  app_task_osal_disp.o [1]
SetRecFlsh              0x0000f319    0xe6  Code  Gb  APP_task_osal_store.o [1]
SetRecFlsh_NDP02B       0x0000f3ff   0x176  Code  Gb  APP_task_osal_store.o [1]
SndBuf                  0x2007f544    0xfc  Data  Lc  app_comm_protocol.o [1]
SndBufTmp               0x2007f640    0xfc  Data  Lc  app_comm_protocol.o [1]
SpeedAndDistTast        0x00010e99    0x14  Code  Gb  speed1.o [1]
StartI2C                0x0000f863    0x22  Code  Gb  bsp_IIC.o [1]
StopI2C                 0x0000f885    0x22  Code  Gb  bsp_IIC.o [1]
StoreData               0x0000f575    0x64  Code  Gb  APP_task_osal_store.o [1]
SystemCoreClock         0x2007c350     0x4  Data  Gb  system_LPC17xx.o [1]
TAX_FCxx_Handler        0x00009f4d   0x1a4  Code  Gb  app_tax.o [1]
TAX_StartRecv           0x00009f35     0xc  Code  Gb  app_tax.o [1]
TAX_StopRecv            0x00009f41     0xc  Code  Gb  app_tax.o [1]
TIMER0_IRQHandler       0x00010d35    0x9c  Code  Gb  speed1.o [1]
TIMER1_IRQHandler       0x00010ead    0x92  Code  Gb  speed2.o [1]
TIMER2_IRQHandler       0x00011011    0x92  Code  Gb  mstcsspeed.o [1]
TIMER3_IRQHandler       0x0000b1e5     0x8  Code  Gb  MB_BSP.o [1]
TIM_ClearIntCapturePending
                        0x0000c955    0x66  Code  Gb  lpc17xx_timer.o [1]
TIM_ClearIntPending     0x0000c8f1    0x64  Code  Gb  lpc17xx_timer.o [1]
TIM_Cmd                 0x0000caef    0x42  Code  Gb  lpc17xx_timer.o [1]
TIM_ConfigCapture       0x0000cc5b    0x80  Code  Gb  lpc17xx_timer.o [1]
TIM_ConfigMatch         0x0000cb69    0xf2  Code  Gb  lpc17xx_timer.o [1]
TIM_GetCaptureValue     0x0000ccdb    0x4c  Code  Gb  lpc17xx_timer.o [1]
TIM_GetIntCaptureStatus
                        0x0000c87b    0x76  Code  Gb  lpc17xx_timer.o [1]
TIM_Init                0x0000c9bb   0x134  Code  Gb  lpc17xx_timer.o [1]
TIM_ResetCounter        0x0000cb31    0x38  Code  Gb  lpc17xx_timer.o [1]
Task                    0x2007f73c    0xf0  Data  Gb  osal_event.o [1]
TaskActive              0x10007390     0x4  Data  Gb  osal_event.o [1]
TaskCalcEvtProcess      0x0000ed79    0x24  Code  Gb  APP_task_osal_Calc.o [1]
TaskDispEvtProcess      0x0000edad   0x27c  Code  Gb  app_task_osal_disp.o [1]
TaskHead                0x1000738c     0x4  Data  Gb  osal_event.o [1]
TaskInitCalc            0x0000ed61    0x18  Code  Gb  APP_task_osal_Calc.o [1]
TaskInitDisp            0x0000f029    0x36  Code  Gb  app_task_osal_disp.o [1]
TaskInitLed             0x000114b1    0x10  Code  Gb  app_task_osal_led.o [1]
TaskInitSpeed           0x00011705    0x14  Code  Gb  app_task_osal_speed.o [1]
TaskInitStore           0x0000f661    0x14  Code  Gb  APP_task_osal_store.o [1]
TaskInitTmr             0x00010b43    0x40  Code  Gb  app_task_osal_tmr.o [1]
TaskLedEvtProcess       0x0001139d   0x10a  Code  Gb  app_task_osal_led.o [1]
TaskSpeedEvtProcess     0x00011719    0x52  Code  Gb  app_task_osal_speed.o [1]
TaskStoreEvtProcess     0x0000f675    0x24  Code  Gb  APP_task_osal_store.o [1]
TaskTmrEvtProcess       0x000109d5   0x16e  Code  Gb  app_task_osal_tmr.o [1]
Task_id                 0x10007394     0x4  Data  Gb  osal_event.o [1]
Time0Init               0x00010bcf    0x6e  Code  Gb  bsp_lpc_timer.o [1]
Time1Init               0x00010c3d    0x66  Code  Gb  bsp_lpc_timer.o [1]
Time2Init               0x00010ca3    0x66  Code  Gb  bsp_lpc_timer.o [1]
UART0_IRQHandler        0x0000b0e9     0xc  Code  Gb  MB_BSP.o [1]
UART1_IRQHandler        0x0000b0f5     0xc  Code  Gb  MB_BSP.o [1]
UART2_IRQHandler        0x0000b101     0xc  Code  Gb  MB_BSP.o [1]
UART3_IRQHandler        0x0000b10d     0xc  Code  Gb  MB_BSP.o [1]
UART_FIFOConfig         0x0000c633    0xf4  Code  Gb  lpc17xx_uart.o [1]
UART_Init               0x0000c2b1   0x202  Code  Gb  lpc17xx_uart.o [1]
UART_IntConfig          0x0000c4f5   0x13e  Code  Gb  lpc17xx_uart.o [1]
UART_SendByte           0x0000c4b3    0x42  Code  Gb  lpc17xx_uart.o [1]
UART_TxCmd              0x0000c727    0x8a  Code  Gb  lpc17xx_uart.o [1]
USARTx_RxTxISRHandler   0x0000b07b    0x6e  Code  Gb  MB_BSP.o [1]
WIN_DispMsg             0x00001a2d   0x120  Code  Gb  bsp_max7219.o [1]
WdtFlagGRP              0x100071dc    0x28  Data  Gb  xmain.o [1]
WdtFlags                0x100073c0     0x4  Data  Gb  xmain.o [1]
WriteByteWithI2C        0x0000f905    0x40  Code  Gb  bsp_IIC.o [1]
WriteDS3231Byte         0x0000e2eb    0x38  Code  Gb  DS3231.o [1]
WriteEN_485             0x0000adc1    0x38  Code  Gb  MB_BSP.o [1]
WriteFM24CL64           0x0000dea1    0x76  Code  Gb  bsp_FRAM.o [1]
WriteFlsh               0x000104e1    0x14  Code  Gb  tmp.o [1]
WriteMOSIF              0x0000ff8b    0x22  Code  Gb  MX25L1602Drv.o [1]
WriteSCKF               0x0000ff69    0x22  Code  Gb  MX25L1602Drv.o [1]
WriteSCL                0x0000f80b    0x22  Code  Gb  bsp_IIC.o [1]
WriteSDA                0x0000f82d    0x22  Code  Gb  bsp_IIC.o [1]
WriteSoftSpiCSF         0x0000ffc1    0x22  Code  Gb  MX25L1602Drv.o [1]
WriteTime               0x0000e39b    0x82  Code  Gb  DS3231.o [1]
_GenldFullNoMb          0x000087af   0x262  Code  Lc  xprintffull_nomb.o [3]
_LdtobFullNoMb          0x000083ad   0x3fc  Code  Lc  xprintffull_nomb.o [3]
_LitobFullNoMb          0x000082a7   0x106  Code  Lc  xprintffull_nomb.o [3]
_PrintfFullNoMb         0x00007cad   0x586  Code  Gb  xprintffull_nomb.o [3]
_PutcharsFullNoMb       0x00008a11    0x2e  Code  Lc  xprintffull_nomb.o [3]
_SProut                 0x000012cb     0xa  Code  Gb  xsprout.o [3]
__aeabi_cdcmple         0x0000129d          Code  Gb  DblCmpLe.o [4]
__aeabi_cdrcmple        0x000012d5          Code  Gb  DblCmpGe.o [4]
__aeabi_cfcmpeq         0x0000fbb5          Code  Gb  FltCmpEq.o [4]
__aeabi_cfcmple         0x0000fbf5          Code  Gb  FltCmpLe.o [4]
__aeabi_cfrcmple        0x0000fbd1          Code  Gb  FltCmpGe.o [4]
__aeabi_d2iz            0x00001591          Code  Gb  DblToI32.o [4]
__aeabi_d2uiz           0x000015bd          Code  Gb  DblToI32.o [4]
__aeabi_dadd            0x000014a9          Code  Gb  DblAdd.o [4]
__aeabi_ddiv            0x00008cf1          Code  Gb  DblDiv.o [4]
__aeabi_dmul            0x00001305          Code  Gb  DblMul.o [4]
__aeabi_dsub            0x00001619          Code  Gb  DblSub.o [4]
__aeabi_f2iz            0x0000fed5          Code  Gb  FltToS32.o [4]
__aeabi_fadd            0x0000fb31          Code  Gb  FltAdd.o [4]
__aeabi_fdiv            0x0000fdd9          Code  Gb  FltDiv.o [4]
__aeabi_fmul            0x0000fd01          Code  Gb  FltMul.o [4]
__aeabi_fsub            0x0000fc19          Code  Gb  FltSub.o [4]
__aeabi_i2d             0x000015e9          Code  Gb  I32ToDbl.o [4]
__aeabi_i2f             0x0000fafd          Code  Gb  I32ToFlt.o [4]
__aeabi_ldiv0           0x00008f55          Code  Gb  I64DivZer.o [5]
__aeabi_memset          0x000017d1          Code  Gb  ABImemset.o [5]
__aeabi_ui2d            0x000015fd          Code  Gb  I32ToDbl.o [4]
__aeabi_ui2f            0x0000fb11          Code  Gb  I32ToFlt.o [4]
__aeabi_uldivmod        0x00008ab5          Code  Gb  I64DivMod.o [5]
__cmain                 0x00011ab9          Code  Gb  cmain.o [5]
__ecvround              0x000007df    0x42  Code  Lc  sprintf.o [1]
__exit                  0x000115a1    0x14  Code  Gb  exit.o [6]
__iar_Dnorm             0x00008ba3    0x42  Code  Gb  xdnorm.o [4]
__iar_Dscale            0x00008be5   0x10c  Code  Gb  xdscale.o [4]
__iar_Memchr            0x00008a5d          Code  Gb  memchr.o [5]
__iar_Memset            0x000017d1          Code  Gb  ABImemset.o [5]
__iar_Memset_word       0x000017d9          Code  Gb  ABImemset.o [5]
__iar_Strchr            0x0000191d          Code  Gb  strchr.o [5]
__iar_d2uiz             0x000015c9          Code  Gb  DblToI32.o [4]
__iar_dadd              0x000014bd          Code  Gb  DblAdd.o [4]
__iar_data_init3        0x000119f5    0x28  Code  Gb  data_init.o [5]
__iar_dsub              0x0000162d          Code  Gb  DblSub.o [4]
__iar_dsubStart         0x0000163f          Code  Gb  DblSub.o [4]
__iar_fadd              0x0000fb41          Code  Gb  FltAdd.o [4]
__iar_fsub              0x0000fc29          Code  Gb  FltSub.o [4]
__iar_fsubStart         0x0000fc39          Code  Gb  FltSub.o [4]
__iar_packbits_init3    0x000114e3    0xb6  Code  Gb  packbits_init.o [5]
__iar_program_start     0x00011cc1          Code  Gb  cstartup_M.o [5]
__iar_ui2d              0x00001601          Code  Gb  I32ToDbl.o [4]
__iar_ui2f              0x0000fb15          Code  Gb  I32ToFlt.o [4]
__iar_unaligned___aeabi_memcpy
                        0x00001861          Code  Gb  ABImemcpy_unaligned.o [5]
__iar_unaligned___aeabi_memcpy4
                        0x00001881          Code  Gb  ABImemcpy_unaligned.o [5]
__iar_unaligned___aeabi_memcpy8
                        0x00001881          Code  Gb  ABImemcpy_unaligned.o [5]
__iar_unaligned_strcmp  0x000018d9          Code  Gb  strcmp_unaligned.o [5]
__iar_zero_init3        0x00011885    0x40  Code  Gb  zero_init3.o [5]
__low_level_init        0x00011ad3     0x4  Code  Gb  low_level_init.o [3]
__vector_table          0x00000000    0xcc  Data  Gb  cstartup.o [1]
_call_main              0x00011ac5          Code  Gb  cmain.o [5]
_exit                   0x00011add          Code  Gb  cexit.o [5]
_main                   0x00011acf          Code  Gb  cmain.o [5]
abort                   0x00011599     0x6  Code  Gb  abort.o [3]
abs                     0x0000faf5     0x8  Code  Gb  abs.o [3]
app_comm_dtu            0x0000b971   0x1ec  Code  Gb  app_comm_dtu.o [1]
app_comm_mtr            0x0000b721   0x250  Code  Gb  app_comm_mtr.o [1]
app_comm_otr            0x0000bb5d   0x112  Code  Gb  app_comm_otr.o [1]
app_comm_tax            0x0000bd21    0x74  Code  Gb  app_comm_tax.o [1]
app_init_sctrl          0x0001056d   0x1d2  Code  Gb  xmain.o [1]
cfltcvt                 0x00000aed   0x1f0  Code  Lc  sprintf.o [1]
check_failed            0x0000dd15     0x2  Code  Gb  lpc17xx_libcfg_default.o [1]
comm_mtr_err_judye      0x0000f05f   0x10c  Code  Gb  app_task_osal_disp.o [1]
comm_para_flow          0x0000cfd5   0x4d6  Code  Gb  app_comm_dtu_otr_deal.o [1]
comm_record_send        0x0000d5dd    0x76  Code  Gb  app_comm_dtu_otr_deal.o [1]
comm_record_send_one    0x0000d4b1   0x124  Code  Gb  app_comm_dtu_otr_deal.o [1]
comm_tinyrec_send       0x0000bc6f    0xa6  Code  Gb  app_comm_otr.o [1]
converPtrToTimeNum      0x0000c83f    0x3c  Code  Lc  lpc17xx_timer.o [1]
converUSecToVal         0x0000c807    0x38  Code  Lc  lpc17xx_timer.o [1]
cropzeros               0x00000d3f    0x56  Code  Lc  sprintf.o [1]
digits                  0x2007c348     0x4  Data  Lc  sprintf.o [1]
dis_mode                0x100073ef     0x1  Data  Lc  app_task_osal_disp.o [1]
dis_num_pos             0x100073f3     0x1  Data  Gb  bsp_max7219.o [1]
div                     0x00008f47     0xe  Code  Gb  div.o [3]
eaddr                   0x0000032d    0x9a  Code  Lc  sprintf.o [1]
ecvtbuf                 0x00000821   0x170  Code  Lc  sprintf.o [1]
exit                    0x00011ad7     0x4  Code  Gb  exit.o [3]
fcvtbuf                 0x00000991   0x152  Code  Lc  sprintf.o [1]
flsherrflg              0x2007c355     0x1  Data  Gb  MX25L1602Drv.o [1]
flt                     0x00000d95   0x130  Code  Lc  sprintf.o [1]
forcdecpt               0x00000cf1    0x4e  Code  Lc  sprintf.o [1]
ftoaE                   0x000004d5   0x1d4  Code  Lc  sprintf.o [1]
getPClock               0x0000c7c9    0x3e  Code  Lc  lpc17xx_timer.o [1]
gsIAPCtrl               0x2007cca8   0x404  Data  Gb  IAP_program_mcu.o [1]
gsIAPPara               0x10007234    0x14  Data  Gb  IAP_program_mcu.o [1]
iaddr                   0x000003c7   0x10e  Code  Lc  sprintf.o [1]
iap_entry               0x2007c344     0x4  Data  Gb  lpc17xx_iap.o [1]
is_space                0x000000cd    0x16  Code  Lc  sprintf.o [1]
itoa                    0x00000151    0x5a  Code  Lc  sprintf.o [1]
l_Dip1Frq10SecChg       0x100073c4     0x2  Data  Gb  APP_task_osal_Calc.o [1]
l_Dip2Frq10SecChg       0x100073c6     0x2  Data  Gb  APP_task_osal_Calc.o [1]
l_locoworksta           0x100073f6     0x1  Data  Gb  locoworksta.o [1]
l_sCalcModel            0x2007efdc   0x198  Data  Gb  APP_task_osal_Calc.o [1]
l_sModel                0x2007f82c    0xd0  Data  Gb  APP_task_osal_Calc.o [1]
l_sModelSemple          0x100070b0    0x30  Data  Gb  APP_task_osal_Calc.o [1]
l_speed1                0x100073ea     0x2  Data  Gb  speed1.o [1]
l_speed2                0x100073ec     0x2  Data  Gb  speed2.o [1]
l_speedcs               0x100073d2     0x2  Data  Gb  mstcsspeed.o [1]
mPluseSumCnt0           0x100073a0     0x4  Data  Gb  speed1.o [1]
mPluseSumCnt1           0x100073b0     0x4  Data  Gb  speed2.o [1]
mPluseSumCntcs          0x100072e8     0x4  Data  Gb  mstcsspeed.o [1]
m_AddPluse0             0x100073a8     0x4  Data  Gb  speed1.o [1]
m_AddPluse1             0x100073b8     0x4  Data  Gb  speed2.o [1]
m_AddPlusecs            0x100072f0     0x4  Data  Gb  mstcsspeed.o [1]
m_Pluse0ChgFlg          0x100073ac     0x4  Data  Gb  speed1.o [1]
m_Pluse1ChgFlg          0x100073bc     0x4  Data  Gb  speed2.o [1]
m_PlusecsChgFlg         0x100072f4     0x4  Data  Gb  mstcsspeed.o [1]
m_Time0Sum              0x100073a4     0x4  Data  Gb  speed1.o [1]
m_Time1Sum              0x100073b4     0x4  Data  Gb  speed2.o [1]
m_TimecsSum             0x100072ec     0x4  Data  Gb  mstcsspeed.o [1]
m_sSpeed1Pluse          0x10007288     0x8  Data  Lc  speed1.o [1]
m_sSpeed2Pluse          0x10007290     0x8  Data  Lc  speed2.o [1]
m_sSpeedcsPluse         0x10007278     0x8  Data  Lc  mstcsspeed.o [1]
main                    0x000115b5    0x54  Code  Gb  app.o [1]
memchr                  0x00008a5d          Code  Gb  memchr.o [5]
my_atoi                 0x000000e3    0x56  Code  Lc  sprintf.o [1]
my_ftoa                 0x000006a9   0x136  Code  Lc  sprintf.o [1]
my_strnlen              0x00000139    0x18  Code  Lc  sprintf.o [1]
my_vsprintf             0x00000ec5   0x382  Code  Lc  sprintf.o [1]
nop                     0x000104f5    0x16  Code  Gb  SoftSpi_17xx.o [1]
number                  0x000001d3   0x15a  Code  Lc  sprintf.o [1]
osalAddTimer            0x0000b2c1    0x94  Code  Gb  osal_timer.o [1]
osalFindTask            0x0000de6d    0x1e  Code  Gb  osal_event.o [1]
osalFindTimer           0x0000b355    0x1e  Code  Gb  osal_timer.o [1]
osalNextActiveTask      0x0000de51    0x1c  Code  Gb  osal_event.o [1]
osalTimer               0x2007f174   0x190  Data  Gb  osal_timer.o [1]
osalTimerInit           0x0000b241    0x80  Code  Gb  osal_timer.o [1]
osalTimerUpdate         0x0000b507    0x82  Code  Gb  osal_timer.o [1]
osal_Task_init          0x0000dd8f    0x38  Code  Gb  osal_event.o [1]
osal_add_Task           0x0000ddc7    0x8a  Code  Gb  osal_event.o [1]
osal_init_TaskHead      0x0000dd19    0x76  Code  Gb  osal_event.o [1]
osal_init_system        0x0000cd79     0xe  Code  Gb  osal.o [1]
osal_set_event          0x0000cd3d    0x3c  Code  Gb  osal.o [1]
osal_start_timerEx      0x0000b387    0xbc  Code  Gb  osal_timer.o [1]
osal_start_timerRl      0x0000b443    0xc4  Code  Gb  osal_timer.o [1]
osal_system_clock       0x1000739c     0x4  Data  Gb  osal_timer.o [1]
osal_timer_activate     0x0000b373    0x12  Code  Gb  osal_timer.o [1]
osal_timer_hw_setup     0x0000b385     0x2  Code  Gb  osal_timer.o [1]
pApp                    0x100072dc     0x4  Data  Gb  IAP_program_mcu.o [1]
printfcom0              0x0001050d    0x2e  Code  Gb  debug_frmwrk.o [1]
sCtrl                   0x2007c358   0x950  Data  Gb  xmain.o [1]
sd_crc16_table          0x000107d4   0x200  Data  Gb  CrcCheck.o [1]
set_OpenDrainMode       0x0000dbbd    0x34  Code  Lc  lpc17xx_pinsel.o [1]
set_PinFunc             0x0000db2d    0x48  Code  Lc  lpc17xx_pinsel.o [1]
set_ResistorMode        0x0000db75    0x48  Code  Lc  lpc17xx_pinsel.o [1]
skip_atoi               0x000001ab    0x28  Code  Lc  sprintf.o [1]
stcModelSempleTostcModelComplex
                        0x0000fa1b    0x5c  Code  Gb  DealOilBox.o [1]
stcModelTostcModelComplex
                        0x0000f9d1    0x4a  Code  Gb  DealOilBox.o [1]
strchr                  0x0000191d          Code  Gb  strchr.o [5]
strlen                  0x00001799          Code  Gb  strlen.o [5]
strncmp                 0x00001837    0x28  Code  Gb  strncmp.o [3]
time0_over_Sem          0x1000713c    0x28  Data  Gb  bsp_lpc_timer.o [1]
time1_over_Sem          0x10007164    0x28  Data  Gb  bsp_lpc_timer.o [1]
time2_over_Sem          0x1000718c    0x28  Data  Gb  bsp_lpc_timer.o [1]
timerActive             0x10007403     0x1  Data  Gb  osal_timer.o [1]
timerHead               0x10007398     0x4  Data  Gb  osal_timer.o [1]
uart_set_divisors       0x0000c0a9   0x208  Code  Lc  lpc17xx_uart.o [1]
upper_digits            0x2007c34c     0x4  Data  Lc  sprintf.o [1]
uprintf                 0x00001271    0x2c  Code  Gb  sprintf.o [1]
vsprintf                0x00010541    0x2c  Code  Gb  vsprintf.o [3]


[1] = F:\iar\NC136B-310统计模块\Software\EvalBoards\NXP\LPC1768-SK\uCOS-III\IAR\FLASH\Obj
[2] = command line
[3] = dl7M_tln.a
[4] = m7M_tl.a
[5] = rt7M_tl.a
[6] = shb_l.a

  70 996 bytes of readonly  code memory
   2 809 bytes of readonly  data memory
  45 600 bytes of readwrite data memory

Errors: none
Warnings: none
